Archive member included because of file (symbol)

/opt/altera/12.1sp1/nios2eds/bin/gnu/H-i686-pc-linux-gnu/bin/../lib/gcc/nios2-elf/4.1.2/mno-hw-mul/libgcc.a(lib2-divmod.o)
                              obj/default/count_binary.o (__divsi3)
/opt/altera/12.1sp1/nios2eds/bin/gnu/H-i686-pc-linux-gnu/bin/../lib/gcc/nios2-elf/4.1.2/../../../../nios2-elf/lib/mno-hw-mul/libsmallc.a(lib_a-printf.o)
                              obj/default/count_binary.o (printf)
/opt/altera/12.1sp1/nios2eds/bin/gnu/H-i686-pc-linux-gnu/bin/../lib/gcc/nios2-elf/4.1.2/../../../../nios2-elf/lib/mno-hw-mul/libsmallc.a(lib_a-putchar.o)
                              obj/default/count_binary.o (putchar)
/opt/altera/12.1sp1/nios2eds/bin/gnu/H-i686-pc-linux-gnu/bin/../lib/gcc/nios2-elf/4.1.2/../../../../nios2-elf/lib/mno-hw-mul/libsmallc.a(lib_a-puts.o)
                              obj/default/count_binary.o (puts)
/opt/altera/12.1sp1/nios2eds/bin/gnu/H-i686-pc-linux-gnu/bin/../lib/gcc/nios2-elf/4.1.2/../../../../nios2-elf/lib/mno-hw-mul/libsmallc.a(lib_a-strlen.o)
                              /opt/altera/12.1sp1/nios2eds/bin/gnu/H-i686-pc-linux-gnu/bin/../lib/gcc/nios2-elf/4.1.2/../../../../nios2-elf/lib/mno-hw-mul/libsmallc.a(lib_a-puts.o) (strlen)
/opt/altera/12.1sp1/nios2eds/bin/gnu/H-i686-pc-linux-gnu/bin/../lib/gcc/nios2-elf/4.1.2/../../../../nios2-elf/lib/mno-hw-mul/libsmallc.a(lib_a-vfprintf.o)
                              /opt/altera/12.1sp1/nios2eds/bin/gnu/H-i686-pc-linux-gnu/bin/../lib/gcc/nios2-elf/4.1.2/../../../../nios2-elf/lib/mno-hw-mul/libsmallc.a(lib_a-printf.o) (___vfprintf_internal_r)
/opt/altera/12.1sp1/nios2eds/bin/gnu/H-i686-pc-linux-gnu/bin/../lib/gcc/nios2-elf/4.1.2/../../../../nios2-elf/lib/mno-hw-mul/libsmallc.a(lib_a-fvwrite_small_dev.o)
                              /opt/altera/12.1sp1/nios2eds/bin/gnu/H-i686-pc-linux-gnu/bin/../lib/gcc/nios2-elf/4.1.2/../../../../nios2-elf/lib/mno-hw-mul/libsmallc.a(lib_a-printf.o) (__sfvwrite_small_dev)
/opt/altera/12.1sp1/nios2eds/bin/gnu/H-i686-pc-linux-gnu/bin/../lib/gcc/nios2-elf/4.1.2/../../../../nios2-elf/lib/mno-hw-mul/libsmallc.a(lib_a-impure.o)
                              /opt/altera/12.1sp1/nios2eds/bin/gnu/H-i686-pc-linux-gnu/bin/../lib/gcc/nios2-elf/4.1.2/../../../../nios2-elf/lib/mno-hw-mul/libsmallc.a(lib_a-printf.o) (_impure_ptr)
/opt/altera/12.1sp1/nios2eds/bin/gnu/H-i686-pc-linux-gnu/bin/../lib/gcc/nios2-elf/4.1.2/../../../../nios2-elf/lib/mno-hw-mul/libsmallc.a(lib_a-putc.o)
                              /opt/altera/12.1sp1/nios2eds/bin/gnu/H-i686-pc-linux-gnu/bin/../lib/gcc/nios2-elf/4.1.2/../../../../nios2-elf/lib/mno-hw-mul/libsmallc.a(lib_a-putchar.o) (_putc_r)
/opt/altera/12.1sp1/nios2eds/bin/gnu/H-i686-pc-linux-gnu/bin/../lib/gcc/nios2-elf/4.1.2/../../../../nios2-elf/lib/mno-hw-mul/libsmallc.a(lib_a-writer.o)
                              /opt/altera/12.1sp1/nios2eds/bin/gnu/H-i686-pc-linux-gnu/bin/../lib/gcc/nios2-elf/4.1.2/../../../../nios2-elf/lib/mno-hw-mul/libsmallc.a(lib_a-fvwrite_small_dev.o) (_write_r)
/opt/altera/12.1sp1/nios2eds/bin/gnu/H-i686-pc-linux-gnu/bin/../lib/gcc/nios2-elf/4.1.2/../../../../nios2-elf/lib/mno-hw-mul/libsmallc.a(lib_a-int_errno.o)
                              /opt/altera/12.1sp1/nios2eds/bin/gnu/H-i686-pc-linux-gnu/bin/../lib/gcc/nios2-elf/4.1.2/../../../../nios2-elf/lib/mno-hw-mul/libsmallc.a(lib_a-writer.o) (errno)
/opt/altera/12.1sp1/nios2eds/bin/gnu/H-i686-pc-linux-gnu/bin/../lib/gcc/nios2-elf/4.1.2/mno-hw-mul/libgcc.a(lib2-mul.o)
                              /opt/altera/12.1sp1/nios2eds/bin/gnu/H-i686-pc-linux-gnu/bin/../lib/gcc/nios2-elf/4.1.2/../../../../nios2-elf/lib/mno-hw-mul/libsmallc.a(lib_a-vfprintf.o) (__mulsi3)
../count_binary_v4_bsp//libhal_bsp.a(alt_load.o)
                              ../count_binary_v4_bsp//obj/HAL/src/crt0.o (alt_load)
../count_binary_v4_bsp//libhal_bsp.a(alt_main.o)
                              ../count_binary_v4_bsp//obj/HAL/src/crt0.o (alt_main)
../count_binary_v4_bsp//libhal_bsp.a(alt_usleep.o)
                              obj/default/count_binary.o (usleep)
../count_binary_v4_bsp//libhal_bsp.a(alt_write.o)
                              /opt/altera/12.1sp1/nios2eds/bin/gnu/H-i686-pc-linux-gnu/bin/../lib/gcc/nios2-elf/4.1.2/../../../../nios2-elf/lib/mno-hw-mul/libsmallc.a(lib_a-writer.o) (write)
../count_binary_v4_bsp//libhal_bsp.a(alt_sys_init.o)
                              ../count_binary_v4_bsp//libhal_bsp.a(alt_main.o) (alt_irq_init)
../count_binary_v4_bsp//libhal_bsp.a(altera_avalon_jtag_uart_fd.o)
                              ../count_binary_v4_bsp//libhal_bsp.a(alt_sys_init.o) (altera_avalon_jtag_uart_read_fd)
../count_binary_v4_bsp//libhal_bsp.a(altera_avalon_jtag_uart_read.o)
                              ../count_binary_v4_bsp//libhal_bsp.a(altera_avalon_jtag_uart_fd.o) (altera_avalon_jtag_uart_read)
../count_binary_v4_bsp//libhal_bsp.a(altera_avalon_jtag_uart_write.o)
                              ../count_binary_v4_bsp//libhal_bsp.a(altera_avalon_jtag_uart_fd.o) (altera_avalon_jtag_uart_write)
../count_binary_v4_bsp//libhal_bsp.a(altera_avalon_timer_sc.o)
                              ../count_binary_v4_bsp//libhal_bsp.a(alt_sys_init.o) (alt_avalon_timer_sc_init)
../count_binary_v4_bsp//libhal_bsp.a(alt_busy_sleep.o)
                              ../count_binary_v4_bsp//libhal_bsp.a(alt_usleep.o) (alt_busy_sleep)
../count_binary_v4_bsp//libhal_bsp.a(alt_close.o)
                              ../count_binary_v4_bsp//libhal_bsp.a(alt_main.o) (close)
../count_binary_v4_bsp//libhal_bsp.a(alt_dcache_flush_all.o)
                              ../count_binary_v4_bsp//libhal_bsp.a(alt_load.o) (alt_dcache_flush_all)
../count_binary_v4_bsp//libhal_bsp.a(alt_dev.o)
                              ../count_binary_v4_bsp//libhal_bsp.a(alt_sys_init.o) (alt_dev_list)
../count_binary_v4_bsp//libhal_bsp.a(alt_dev_llist_insert.o)
                              ../count_binary_v4_bsp//libhal_bsp.a(alt_sys_init.o) (alt_dev_llist_insert)
../count_binary_v4_bsp//libhal_bsp.a(alt_errno.o)
                              ../count_binary_v4_bsp//libhal_bsp.a(alt_write.o) (alt_errno)
../count_binary_v4_bsp//libhal_bsp.a(alt_icache_flush_all.o)
                              ../count_binary_v4_bsp//libhal_bsp.a(alt_load.o) (alt_icache_flush_all)
../count_binary_v4_bsp//libhal_bsp.a(alt_iic.o)
                              ../count_binary_v4_bsp//libhal_bsp.a(altera_avalon_timer_sc.o) (alt_ic_isr_register)
../count_binary_v4_bsp//libhal_bsp.a(alt_iic_isr_register.o)
                              ../count_binary_v4_bsp//libhal_bsp.a(alt_iic.o) (alt_iic_isr_register)
../count_binary_v4_bsp//libhal_bsp.a(alt_io_redirect.o)
                              ../count_binary_v4_bsp//libhal_bsp.a(alt_main.o) (alt_io_redirect)
../count_binary_v4_bsp//libhal_bsp.a(alt_irq_entry.o)
                              ../count_binary_v4_bsp//libhal_bsp.a(alt_iic_isr_register.o) (alt_irq_entry)
../count_binary_v4_bsp//libhal_bsp.a(alt_irq_handler.o)
                              ../count_binary_v4_bsp//libhal_bsp.a(alt_iic_isr_register.o) (alt_irq_handler)
../count_binary_v4_bsp//libhal_bsp.a(alt_irq_vars.o)
                              ../count_binary_v4_bsp//libhal_bsp.a(alt_iic.o) (alt_irq_active)
../count_binary_v4_bsp//libhal_bsp.a(alt_open.o)
                              ../count_binary_v4_bsp//libhal_bsp.a(alt_io_redirect.o) (open)
../count_binary_v4_bsp//libhal_bsp.a(alt_release_fd.o)
                              ../count_binary_v4_bsp//libhal_bsp.a(alt_close.o) (alt_release_fd)
../count_binary_v4_bsp//libhal_bsp.a(alt_tick.o)
                              ../count_binary_v4_bsp//libhal_bsp.a(altera_avalon_timer_sc.o) (_alt_tick_rate)
../count_binary_v4_bsp//libhal_bsp.a(altera_nios2_qsys_irq.o)
                              ../count_binary_v4_bsp//libhal_bsp.a(alt_sys_init.o) (altera_nios2_qsys_irq_init)
../count_binary_v4_bsp//libhal_bsp.a(alt_exception_entry.o)
                              ../count_binary_v4_bsp//libhal_bsp.a(alt_irq_entry.o) (alt_exception)
../count_binary_v4_bsp//libhal_bsp.a(alt_find_dev.o)
                              ../count_binary_v4_bsp//libhal_bsp.a(alt_open.o) (alt_find_dev)
../count_binary_v4_bsp//libhal_bsp.a(alt_find_file.o)
                              ../count_binary_v4_bsp//libhal_bsp.a(alt_open.o) (alt_find_file)
../count_binary_v4_bsp//libhal_bsp.a(alt_get_fd.o)
                              ../count_binary_v4_bsp//libhal_bsp.a(alt_open.o) (alt_get_fd)
../count_binary_v4_bsp//libhal_bsp.a(alt_icache_flush.o)
                              ../count_binary_v4_bsp//libhal_bsp.a(alt_icache_flush_all.o) (alt_icache_flush)
/opt/altera/12.1sp1/nios2eds/bin/gnu/H-i686-pc-linux-gnu/bin/../lib/gcc/nios2-elf/4.1.2/../../../../nios2-elf/lib/mno-hw-mul/libsmallc.a(lib_a-exit.o)
                              ../count_binary_v4_bsp//libhal_bsp.a(alt_main.o) (exit)
/opt/altera/12.1sp1/nios2eds/bin/gnu/H-i686-pc-linux-gnu/bin/../lib/gcc/nios2-elf/4.1.2/../../../../nios2-elf/lib/mno-hw-mul/libsmallc.a(lib_a-memcmp.o)
                              ../count_binary_v4_bsp//libhal_bsp.a(alt_find_dev.o) (memcmp)
/opt/altera/12.1sp1/nios2eds/bin/gnu/H-i686-pc-linux-gnu/bin/../lib/gcc/nios2-elf/4.1.2/../../../../nios2-elf/lib/mno-hw-mul/libsmallc.a(lib_a-__call_atexit.o)
                              /opt/altera/12.1sp1/nios2eds/bin/gnu/H-i686-pc-linux-gnu/bin/../lib/gcc/nios2-elf/4.1.2/../../../../nios2-elf/lib/mno-hw-mul/libsmallc.a(lib_a-exit.o) (__call_exitprocs)
../count_binary_v4_bsp//libhal_bsp.a(alt_exit.o)
                              /opt/altera/12.1sp1/nios2eds/bin/gnu/H-i686-pc-linux-gnu/bin/../lib/gcc/nios2-elf/4.1.2/../../../../nios2-elf/lib/mno-hw-mul/libsmallc.a(lib_a-exit.o) (_exit)

Allocating common symbols
Common symbol       size              file

alt_irq             0x100             ../count_binary_v4_bsp//libhal_bsp.a(alt_irq_handler.o)
edge_capture        0x4               obj/default/count_binary.o
errno               0x4               /opt/altera/12.1sp1/nios2eds/bin/gnu/H-i686-pc-linux-gnu/bin/../lib/gcc/nios2-elf/4.1.2/../../../../nios2-elf/lib/mno-hw-mul/libsmallc.a(lib_a-int_errno.o)

Memory Configuration

Name             Origin             Length             Attributes
sram_0           0x00080000         0x00080000
reset            0x00108000         0x00000020
onchip_mem       0x00108020         0x00004fe0
*default*        0x00000000         0xffffffff

Linker script and memory map

LOAD ../count_binary_v4_bsp//obj/HAL/src/crt0.o
LOAD obj/default/count_binary.o
LOAD /opt/altera/12.1sp1/nios2eds/bin/gnu/H-i686-pc-linux-gnu/bin/../lib/gcc/nios2-elf/4.1.2/../../../../nios2-elf/lib/mno-hw-mul/libstdc++.a
LOAD /opt/altera/12.1sp1/nios2eds/bin/gnu/H-i686-pc-linux-gnu/bin/../lib/gcc/nios2-elf/4.1.2/../../../../nios2-elf/lib/mno-hw-mul/libm.a
LOAD /opt/altera/12.1sp1/nios2eds/bin/gnu/H-i686-pc-linux-gnu/bin/../lib/gcc/nios2-elf/4.1.2/mno-hw-mul/libgcc.a
START GROUP
LOAD /opt/altera/12.1sp1/nios2eds/bin/gnu/H-i686-pc-linux-gnu/bin/../lib/gcc/nios2-elf/4.1.2/../../../../nios2-elf/lib/mno-hw-mul/libsmallc.a
LOAD /opt/altera/12.1sp1/nios2eds/bin/gnu/H-i686-pc-linux-gnu/bin/../lib/gcc/nios2-elf/4.1.2/mno-hw-mul/libgcc.a
LOAD ../count_binary_v4_bsp//libhal_bsp.a
END GROUP
LOAD /opt/altera/12.1sp1/nios2eds/bin/gnu/H-i686-pc-linux-gnu/bin/../lib/gcc/nios2-elf/4.1.2/mno-hw-mul/libgcc.a
                0x00080000                __alt_mem_sram_0 = 0x80000
                0x00108000                __alt_mem_onchip_mem = 0x108000

.entry          0x00108000       0x20
 *(.entry)
 .entry         0x00108000       0x20 ../count_binary_v4_bsp//obj/HAL/src/crt0.o
                0x00108000                __reset

.exceptions     0x00108020      0x194
                0x00108020                PROVIDE (__ram_exceptions_start, ABSOLUTE (.))
                0x00108020                . = ALIGN (0x20)
 *(.irq)
 *(.exceptions.entry.label)
 .exceptions.entry.label
                0x00108020        0x0 ../count_binary_v4_bsp//libhal_bsp.a(alt_irq_entry.o)
                0x00108020                alt_irq_entry
 .exceptions.entry.label
                0x00108020        0x0 ../count_binary_v4_bsp//libhal_bsp.a(alt_exception_entry.o)
                0x00108020                alt_exception
 *(.exceptions.entry.user)
 *(.exceptions.entry)
 .exceptions.entry
                0x00108020       0x54 ../count_binary_v4_bsp//libhal_bsp.a(alt_exception_entry.o)
 *(.exceptions.irqtest.user)
 *(.exceptions.irqtest)
 .exceptions.irqtest
                0x00108074       0x10 ../count_binary_v4_bsp//libhal_bsp.a(alt_irq_entry.o)
 *(.exceptions.irqhandler.user)
 *(.exceptions.irqhandler)
 .exceptions.irqhandler
                0x00108084        0x4 ../count_binary_v4_bsp//libhal_bsp.a(alt_irq_entry.o)
 *(.exceptions.irqreturn.user)
 *(.exceptions.irqreturn)
 .exceptions.irqreturn
                0x00108088        0x4 ../count_binary_v4_bsp//libhal_bsp.a(alt_irq_entry.o)
 *(.exceptions.notirq.label)
 .exceptions.notirq.label
                0x0010808c        0x0 ../count_binary_v4_bsp//libhal_bsp.a(alt_irq_entry.o)
 *(.exceptions.notirq.user)
 *(.exceptions.notirq)
 .exceptions.notirq
                0x0010808c        0x8 ../count_binary_v4_bsp//libhal_bsp.a(alt_exception_entry.o)
 *(.exceptions.soft.user)
 *(.exceptions.soft)
 *(.exceptions.unknown.user)
 *(.exceptions.unknown)
 .exceptions.unknown
                0x00108094        0x4 ../count_binary_v4_bsp//libhal_bsp.a(alt_exception_entry.o)
 *(.exceptions.exit.label)
 .exceptions.exit.label
                0x00108098        0x0 ../count_binary_v4_bsp//libhal_bsp.a(alt_irq_entry.o)
 .exceptions.exit.label
                0x00108098        0x0 ../count_binary_v4_bsp//libhal_bsp.a(alt_exception_entry.o)
 *(.exceptions.exit.user)
 *(.exceptions.exit)
 .exceptions.exit
                0x00108098       0x54 ../count_binary_v4_bsp//libhal_bsp.a(alt_exception_entry.o)
 *(.exceptions)
 .exceptions    0x001080ec       0xc8 ../count_binary_v4_bsp//libhal_bsp.a(alt_irq_handler.o)
                0x001080ec                alt_irq_handler
                0x001081b4                PROVIDE (__ram_exceptions_end, ABSOLUTE (.))
                0x00108020                PROVIDE (__flash_exceptions_start, LOADADDR (.exceptions))

.text           0x001081b4     0x2a54
                0x001081b4                PROVIDE (stext, ABSOLUTE (.))
 *(.interp)
 *(.hash)
 *(.dynsym)
 *(.dynstr)
 *(.gnu.version)
 *(.gnu.version_d)
 *(.gnu.version_r)
 *(.rel.init)
 *(.rela.init)
 *(.rel.text .rel.text.* .rel.gnu.linkonce.t.*)
 *(.rela.text .rela.text.* .rela.gnu.linkonce.t.*)
 *(.rel.fini)
 *(.rela.fini)
 *(.rel.rodata .rel.rodata.* .rel.gnu.linkonce.r.*)
 *(.rela.rodata .rela.rodata.* .rela.gnu.linkonce.r.*)
 *(.rel.data .rel.data.* .rel.gnu.linkonce.d.*)
 *(.rela.data .rela.data.* .rela.gnu.linkonce.d.*)
 *(.rel.tdata .rel.tdata.* .rel.gnu.linkonce.td.*)
 *(.rela.tdata .rela.tdata.* .rela.gnu.linkonce.td.*)
 *(.rel.tbss .rel.tbss.* .rel.gnu.linkonce.tb.*)
 *(.rela.tbss .rela.tbss.* .rela.gnu.linkonce.tb.*)
 *(.rel.ctors)
 *(.rela.ctors)
 *(.rel.dtors)
 *(.rela.dtors)
 *(.rel.got)
 *(.rela.got)
 *(.rel.sdata .rel.sdata.* .rel.gnu.linkonce.s.*)
 *(.rela.sdata .rela.sdata.* .rela.gnu.linkonce.s.*)
 *(.rel.sbss .rel.sbss.* .rel.gnu.linkonce.sb.*)
 *(.rela.sbss .rela.sbss.* .rela.gnu.linkonce.sb.*)
 *(.rel.sdata2 .rel.sdata2.* .rel.gnu.linkonce.s2.*)
 *(.rela.sdata2 .rela.sdata2.* .rela.gnu.linkonce.s2.*)
 *(.rel.sbss2 .rel.sbss2.* .rel.gnu.linkonce.sb2.*)
 *(.rela.sbss2 .rela.sbss2.* .rela.gnu.linkonce.sb2.*)
 *(.rel.bss .rel.bss.* .rel.gnu.linkonce.b.*)
 *(.rela.bss .rela.bss.* .rela.gnu.linkonce.b.*)
 *(.rel.plt)
 *(.rela.plt)
 *(.rel.dyn)
 *(.init)
 *(.plt)
 *(.text .stub .text.* .gnu.linkonce.t.*)
 .text          0x001081b4       0x3c ../count_binary_v4_bsp//obj/HAL/src/crt0.o
                0x001081b4                _start
 .text          0x001081f0      0x39c obj/default/count_binary.o
                0x00108484                main
 .text          0x0010858c      0x14c /opt/altera/12.1sp1/nios2eds/bin/gnu/H-i686-pc-linux-gnu/bin/../lib/gcc/nios2-elf/4.1.2/mno-hw-mul/libgcc.a(lib2-divmod.o)
                0x00108608                __divsi3
                0x00108668                __modsi3
                0x001086c8                __udivsi3
                0x001086d0                __umodsi3
 .text          0x001086d8       0x98 /opt/altera/12.1sp1/nios2eds/bin/gnu/H-i686-pc-linux-gnu/bin/../lib/gcc/nios2-elf/4.1.2/../../../../nios2-elf/lib/mno-hw-mul/libsmallc.a(lib_a-printf.o)
                0x001086d8                printf
                0x0010872c                _printf_r
 .text          0x00108770       0x24 /opt/altera/12.1sp1/nios2eds/bin/gnu/H-i686-pc-linux-gnu/bin/../lib/gcc/nios2-elf/4.1.2/../../../../nios2-elf/lib/mno-hw-mul/libsmallc.a(lib_a-putchar.o)
                0x00108770                putchar
                0x0010878c                _putchar_r
 .text          0x00108794       0xa4 /opt/altera/12.1sp1/nios2eds/bin/gnu/H-i686-pc-linux-gnu/bin/../lib/gcc/nios2-elf/4.1.2/../../../../nios2-elf/lib/mno-hw-mul/libsmallc.a(lib_a-puts.o)
                0x00108794                _puts_r
                0x00108824                puts
 .text          0x00108838       0x20 /opt/altera/12.1sp1/nios2eds/bin/gnu/H-i686-pc-linux-gnu/bin/../lib/gcc/nios2-elf/4.1.2/../../../../nios2-elf/lib/mno-hw-mul/libsmallc.a(lib_a-strlen.o)
                0x00108838                strlen
 .text          0x00108858      0x740 /opt/altera/12.1sp1/nios2eds/bin/gnu/H-i686-pc-linux-gnu/bin/../lib/gcc/nios2-elf/4.1.2/../../../../nios2-elf/lib/mno-hw-mul/libsmallc.a(lib_a-vfprintf.o)
                0x001088d8                ___vfprintf_internal_r
                0x00108f74                __vfprintf_internal
 .text          0x00108f98       0xbc /opt/altera/12.1sp1/nios2eds/bin/gnu/H-i686-pc-linux-gnu/bin/../lib/gcc/nios2-elf/4.1.2/../../../../nios2-elf/lib/mno-hw-mul/libsmallc.a(lib_a-fvwrite_small_dev.o)
                0x00108f98                __sfvwrite_small_dev
 .text          0x00109054        0x0 /opt/altera/12.1sp1/nios2eds/bin/gnu/H-i686-pc-linux-gnu/bin/../lib/gcc/nios2-elf/4.1.2/../../../../nios2-elf/lib/mno-hw-mul/libsmallc.a(lib_a-impure.o)
 .text          0x00109054       0xe4 /opt/altera/12.1sp1/nios2eds/bin/gnu/H-i686-pc-linux-gnu/bin/../lib/gcc/nios2-elf/4.1.2/../../../../nios2-elf/lib/mno-hw-mul/libsmallc.a(lib_a-putc.o)
                0x00109054                putc
                0x001090c4                _putc_r
 .text          0x00109138       0x78 /opt/altera/12.1sp1/nios2eds/bin/gnu/H-i686-pc-linux-gnu/bin/../lib/gcc/nios2-elf/4.1.2/../../../../nios2-elf/lib/mno-hw-mul/libsmallc.a(lib_a-writer.o)
                0x00109138                _write_r
 .text          0x001091b0        0x0 /opt/altera/12.1sp1/nios2eds/bin/gnu/H-i686-pc-linux-gnu/bin/../lib/gcc/nios2-elf/4.1.2/../../../../nios2-elf/lib/mno-hw-mul/libsmallc.a(lib_a-int_errno.o)
 .text          0x001091b0       0x38 /opt/altera/12.1sp1/nios2eds/bin/gnu/H-i686-pc-linux-gnu/bin/../lib/gcc/nios2-elf/4.1.2/mno-hw-mul/libgcc.a(lib2-mul.o)
                0x001091b0                __mulsi3
 .text          0x001091e8       0xec ../count_binary_v4_bsp//libhal_bsp.a(alt_load.o)
                0x001091e8                alt_load
 .text          0x001092d4       0x5c ../count_binary_v4_bsp//libhal_bsp.a(alt_main.o)
                0x001092d4                alt_main
 .text          0x00109330       0x30 ../count_binary_v4_bsp//libhal_bsp.a(alt_usleep.o)
                0x00109330                usleep
 .text          0x00109360      0x184 ../count_binary_v4_bsp//libhal_bsp.a(alt_write.o)
                0x00109360                write
 .text          0x001094e4       0xb4 ../count_binary_v4_bsp//libhal_bsp.a(alt_sys_init.o)
                0x001094e4                alt_irq_init
                0x00109518                alt_sys_init
 .text          0x00109598       0xb0 ../count_binary_v4_bsp//libhal_bsp.a(altera_avalon_jtag_uart_fd.o)
                0x00109598                altera_avalon_jtag_uart_read_fd
                0x001095f0                altera_avalon_jtag_uart_write_fd
 .text          0x00109648      0x104 ../count_binary_v4_bsp//libhal_bsp.a(altera_avalon_jtag_uart_read.o)
                0x00109648                altera_avalon_jtag_uart_read
 .text          0x0010974c       0xa4 ../count_binary_v4_bsp//libhal_bsp.a(altera_avalon_jtag_uart_write.o)
                0x0010974c                altera_avalon_jtag_uart_write
 .text          0x001097f0      0x100 ../count_binary_v4_bsp//libhal_bsp.a(altera_avalon_timer_sc.o)
                0x00109860                alt_avalon_timer_sc_init
 .text          0x001098f0      0x15c ../count_binary_v4_bsp//libhal_bsp.a(alt_busy_sleep.o)
                0x001098f0                alt_busy_sleep
 .text          0x00109a4c      0x160 ../count_binary_v4_bsp//libhal_bsp.a(alt_close.o)
                0x00109a4c                close
 .text          0x00109bac       0x1c ../count_binary_v4_bsp//libhal_bsp.a(alt_dcache_flush_all.o)
                0x00109bac                alt_dcache_flush_all
 .text          0x00109bc8       0x2c ../count_binary_v4_bsp//libhal_bsp.a(alt_dev.o)
 .text          0x00109bf4      0x114 ../count_binary_v4_bsp//libhal_bsp.a(alt_dev_llist_insert.o)
                0x00109bf4                alt_dev_llist_insert
 .text          0x00109d08        0x0 ../count_binary_v4_bsp//libhal_bsp.a(alt_errno.o)
 .text          0x00109d08       0x30 ../count_binary_v4_bsp//libhal_bsp.a(alt_icache_flush_all.o)
                0x00109d08                alt_icache_flush_all
 .text          0x00109d38      0x1d4 ../count_binary_v4_bsp//libhal_bsp.a(alt_iic.o)
                0x00109d38                alt_ic_isr_register
                0x00109d88                alt_ic_irq_enable
                0x00109e24                alt_ic_irq_disable
                0x00109ec4                alt_ic_irq_enabled
 .text          0x00109f0c       0xf8 ../count_binary_v4_bsp//libhal_bsp.a(alt_iic_isr_register.o)
                0x00109f0c                alt_iic_isr_register
 .text          0x0010a004      0x150 ../count_binary_v4_bsp//libhal_bsp.a(alt_io_redirect.o)
                0x0010a0dc                alt_io_redirect
 .text          0x0010a154        0x0 ../count_binary_v4_bsp//libhal_bsp.a(alt_irq_entry.o)
 .text          0x0010a154        0x0 ../count_binary_v4_bsp//libhal_bsp.a(alt_irq_handler.o)
 .text          0x0010a154        0x0 ../count_binary_v4_bsp//libhal_bsp.a(alt_irq_vars.o)
 .text          0x0010a154      0x2e4 ../count_binary_v4_bsp//libhal_bsp.a(alt_open.o)
                0x0010a24c                open
 .text          0x0010a438       0x78 ../count_binary_v4_bsp//libhal_bsp.a(alt_release_fd.o)
                0x0010a438                alt_release_fd
 .text          0x0010a4b0      0x1a4 ../count_binary_v4_bsp//libhal_bsp.a(alt_tick.o)
                0x0010a4b0                alt_alarm_stop
                0x0010a548                alt_tick
 .text          0x0010a654       0x20 ../count_binary_v4_bsp//libhal_bsp.a(altera_nios2_qsys_irq.o)
                0x0010a654                altera_nios2_qsys_irq_init
 .text          0x0010a674        0x0 ../count_binary_v4_bsp//libhal_bsp.a(alt_exception_entry.o)
 .text          0x0010a674       0x94 ../count_binary_v4_bsp//libhal_bsp.a(alt_find_dev.o)
                0x0010a674                alt_find_dev
 .text          0x0010a708      0x120 ../count_binary_v4_bsp//libhal_bsp.a(alt_find_file.o)
                0x0010a708                alt_find_file
 .text          0x0010a828       0xd0 ../count_binary_v4_bsp//libhal_bsp.a(alt_get_fd.o)
                0x0010a828                alt_get_fd
 .text          0x0010a8f8       0x90 ../count_binary_v4_bsp//libhal_bsp.a(alt_icache_flush.o)
                0x0010a8f8                alt_icache_flush
 .text          0x0010a988       0x20 /opt/altera/12.1sp1/nios2eds/bin/gnu/H-i686-pc-linux-gnu/bin/../lib/gcc/nios2-elf/4.1.2/../../../../nios2-elf/lib/mno-hw-mul/libsmallc.a(lib_a-exit.o)
                0x0010a988                exit
 .text          0x0010a9a8       0x3c /opt/altera/12.1sp1/nios2eds/bin/gnu/H-i686-pc-linux-gnu/bin/../lib/gcc/nios2-elf/4.1.2/../../../../nios2-elf/lib/mno-hw-mul/libsmallc.a(lib_a-memcmp.o)
                0x0010a9a8                memcmp
 .text          0x0010a9e4      0x1c0 /opt/altera/12.1sp1/nios2eds/bin/gnu/H-i686-pc-linux-gnu/bin/../lib/gcc/nios2-elf/4.1.2/../../../../nios2-elf/lib/mno-hw-mul/libsmallc.a(lib_a-__call_atexit.o)
                0x0010a9e8                __call_exitprocs
 .text          0x0010aba4       0x60 ../count_binary_v4_bsp//libhal_bsp.a(alt_exit.o)
                0x0010abe4                _exit
 *(.gnu.warning.*)
 *(.fini)
                0x0010ac04                PROVIDE (__etext, ABSOLUTE (.))
                0x0010ac04                PROVIDE (_etext, ABSOLUTE (.))
                0x0010ac04                PROVIDE (etext, ABSOLUTE (.))
 *(.eh_frame_hdr)
                0x0010ac04                . = ALIGN (0x4)
                0x0010ac04                PROVIDE (__preinit_array_start, ABSOLUTE (.))
 *(.preinit_array)
                0x0010ac04                PROVIDE (__preinit_array_end, ABSOLUTE (.))
                0x0010ac04                PROVIDE (__init_array_start, ABSOLUTE (.))
 *(.init_array)
                0x0010ac04                PROVIDE (__init_array_end, ABSOLUTE (.))
                0x0010ac04                PROVIDE (__fini_array_start, ABSOLUTE (.))
 *(.fini_array)
                0x0010ac04                PROVIDE (__fini_array_end, ABSOLUTE (.))
 *(.eh_frame)
 *(.gcc_except_table)
 *(.dynamic)
                0x0010ac04                PROVIDE (__CTOR_LIST__, ABSOLUTE (.))
 *(.ctors)
 *(SORT(.ctors.*))
 .ctors.65535   0x0010ac04        0x4 /opt/altera/12.1sp1/nios2eds/bin/gnu/H-i686-pc-linux-gnu/bin/../lib/gcc/nios2-elf/4.1.2/../../../../nios2-elf/lib/mno-hw-mul/libsmallc.a(lib_a-__call_atexit.o)
                0x0010ac08                PROVIDE (__CTOR_END__, ABSOLUTE (.))
                0x0010ac08                PROVIDE (__DTOR_LIST__, ABSOLUTE (.))
 *(.dtors)
 *(SORT(.dtors.*))
                0x0010ac08                PROVIDE (__DTOR_END__, ABSOLUTE (.))
 *(.jcr)
                0x0010ac08                . = ALIGN (0x4)

.rodata         0x0010ac08      0x110
                0x0010ac08                PROVIDE (__ram_rodata_start, ABSOLUTE (.))
                0x0010ac08                . = ALIGN (0x4)
 *(.rodata .rodata.* .gnu.linkonce.r.*)
 .rodata        0x0010ac08       0xe0 obj/default/count_binary.o
 .rodata.str1.4
                0x0010ace8        0x4 /opt/altera/12.1sp1/nios2eds/bin/gnu/H-i686-pc-linux-gnu/bin/../lib/gcc/nios2-elf/4.1.2/../../../../nios2-elf/lib/mno-hw-mul/libsmallc.a(lib_a-puts.o)
 .rodata        0x0010acec       0x10 ../count_binary_v4_bsp//libhal_bsp.a(alt_main.o)
 .rodata        0x0010acfc       0x10 ../count_binary_v4_bsp//libhal_bsp.a(alt_sys_init.o)
 .rodata        0x0010ad0c        0xc ../count_binary_v4_bsp//libhal_bsp.a(alt_dev.o)
 *(.rodata1)
                0x0010ad18                . = ALIGN (0x4)
                0x0010ad18                PROVIDE (__ram_rodata_end, ABSOLUTE (.))
                0x0010ac08                PROVIDE (__flash_rodata_start, LOADADDR (.rodata))

.rwdata         0x0010ad18      0x2e0 load address 0x0010aff8
                0x0010ad18                PROVIDE (__ram_rwdata_start, ABSOLUTE (.))
                0x0010ad18                . = ALIGN (0x4)
 *(.got.plt)
 *(.got)
 *(.data1)
 *(.data .data.* .gnu.linkonce.d.*)
 .data          0x0010ad18        0x0 ../count_binary_v4_bsp//obj/HAL/src/crt0.o
 .data          0x0010ad18        0x0 obj/default/count_binary.o
 .data          0x0010ad18        0x0 /opt/altera/12.1sp1/nios2eds/bin/gnu/H-i686-pc-linux-gnu/bin/../lib/gcc/nios2-elf/4.1.2/mno-hw-mul/libgcc.a(lib2-divmod.o)
 .data          0x0010ad18        0x0 /opt/altera/12.1sp1/nios2eds/bin/gnu/H-i686-pc-linux-gnu/bin/../lib/gcc/nios2-elf/4.1.2/../../../../nios2-elf/lib/mno-hw-mul/libsmallc.a(lib_a-printf.o)
 .data          0x0010ad18        0x0 /opt/altera/12.1sp1/nios2eds/bin/gnu/H-i686-pc-linux-gnu/bin/../lib/gcc/nios2-elf/4.1.2/../../../../nios2-elf/lib/mno-hw-mul/libsmallc.a(lib_a-putchar.o)
 .data          0x0010ad18        0x0 /opt/altera/12.1sp1/nios2eds/bin/gnu/H-i686-pc-linux-gnu/bin/../lib/gcc/nios2-elf/4.1.2/../../../../nios2-elf/lib/mno-hw-mul/libsmallc.a(lib_a-puts.o)
 .data          0x0010ad18        0x0 /opt/altera/12.1sp1/nios2eds/bin/gnu/H-i686-pc-linux-gnu/bin/../lib/gcc/nios2-elf/4.1.2/../../../../nios2-elf/lib/mno-hw-mul/libsmallc.a(lib_a-strlen.o)
 .data          0x0010ad18        0x0 /opt/altera/12.1sp1/nios2eds/bin/gnu/H-i686-pc-linux-gnu/bin/../lib/gcc/nios2-elf/4.1.2/../../../../nios2-elf/lib/mno-hw-mul/libsmallc.a(lib_a-vfprintf.o)
 .data          0x0010ad18        0x0 /opt/altera/12.1sp1/nios2eds/bin/gnu/H-i686-pc-linux-gnu/bin/../lib/gcc/nios2-elf/4.1.2/../../../../nios2-elf/lib/mno-hw-mul/libsmallc.a(lib_a-fvwrite_small_dev.o)
 .data          0x0010ad18       0xe0 /opt/altera/12.1sp1/nios2eds/bin/gnu/H-i686-pc-linux-gnu/bin/../lib/gcc/nios2-elf/4.1.2/../../../../nios2-elf/lib/mno-hw-mul/libsmallc.a(lib_a-impure.o)
 .data          0x0010adf8        0x0 /opt/altera/12.1sp1/nios2eds/bin/gnu/H-i686-pc-linux-gnu/bin/../lib/gcc/nios2-elf/4.1.2/../../../../nios2-elf/lib/mno-hw-mul/libsmallc.a(lib_a-putc.o)
 .data          0x0010adf8        0x0 /opt/altera/12.1sp1/nios2eds/bin/gnu/H-i686-pc-linux-gnu/bin/../lib/gcc/nios2-elf/4.1.2/../../../../nios2-elf/lib/mno-hw-mul/libsmallc.a(lib_a-writer.o)
 .data          0x0010adf8        0x0 /opt/altera/12.1sp1/nios2eds/bin/gnu/H-i686-pc-linux-gnu/bin/../lib/gcc/nios2-elf/4.1.2/../../../../nios2-elf/lib/mno-hw-mul/libsmallc.a(lib_a-int_errno.o)
 .data          0x0010adf8        0x0 /opt/altera/12.1sp1/nios2eds/bin/gnu/H-i686-pc-linux-gnu/bin/../lib/gcc/nios2-elf/4.1.2/mno-hw-mul/libgcc.a(lib2-mul.o)
 .data          0x0010adf8        0x0 ../count_binary_v4_bsp//libhal_bsp.a(alt_load.o)
 .data          0x0010adf8        0x0 ../count_binary_v4_bsp//libhal_bsp.a(alt_main.o)
 .data          0x0010adf8        0x0 ../count_binary_v4_bsp//libhal_bsp.a(alt_usleep.o)
 .data          0x0010adf8        0x0 ../count_binary_v4_bsp//libhal_bsp.a(alt_write.o)
 .data          0x0010adf8       0x2c ../count_binary_v4_bsp//libhal_bsp.a(alt_sys_init.o)
 .data          0x0010ae24        0x0 ../count_binary_v4_bsp//libhal_bsp.a(altera_avalon_jtag_uart_fd.o)
 .data          0x0010ae24        0x0 ../count_binary_v4_bsp//libhal_bsp.a(altera_avalon_jtag_uart_read.o)
 .data          0x0010ae24        0x0 ../count_binary_v4_bsp//libhal_bsp.a(altera_avalon_jtag_uart_write.o)
 .data          0x0010ae24        0x0 ../count_binary_v4_bsp//libhal_bsp.a(altera_avalon_timer_sc.o)
 .data          0x0010ae24        0x0 ../count_binary_v4_bsp//libhal_bsp.a(alt_busy_sleep.o)
 .data          0x0010ae24        0x0 ../count_binary_v4_bsp//libhal_bsp.a(alt_close.o)
 .data          0x0010ae24        0x0 ../count_binary_v4_bsp//libhal_bsp.a(alt_dcache_flush_all.o)
 .data          0x0010ae24      0x1a8 ../count_binary_v4_bsp//libhal_bsp.a(alt_dev.o)
                0x0010ae24                alt_dev_null
                0x0010ae4c                alt_fd_list
 .data          0x0010afcc        0x0 ../count_binary_v4_bsp//libhal_bsp.a(alt_dev_llist_insert.o)
 .data          0x0010afcc        0x0 ../count_binary_v4_bsp//libhal_bsp.a(alt_errno.o)
 .data          0x0010afcc        0x0 ../count_binary_v4_bsp//libhal_bsp.a(alt_icache_flush_all.o)
 .data          0x0010afcc        0x0 ../count_binary_v4_bsp//libhal_bsp.a(alt_iic.o)
 .data          0x0010afcc        0x0 ../count_binary_v4_bsp//libhal_bsp.a(alt_iic_isr_register.o)
 .data          0x0010afcc        0x0 ../count_binary_v4_bsp//libhal_bsp.a(alt_io_redirect.o)
 .data          0x0010afcc        0x0 ../count_binary_v4_bsp//libhal_bsp.a(alt_irq_entry.o)
 .data          0x0010afcc        0x0 ../count_binary_v4_bsp//libhal_bsp.a(alt_irq_handler.o)
 .data          0x0010afcc        0x0 ../count_binary_v4_bsp//libhal_bsp.a(alt_irq_vars.o)
 .data          0x0010afcc        0x0 ../count_binary_v4_bsp//libhal_bsp.a(alt_open.o)
 .data          0x0010afcc        0x0 ../count_binary_v4_bsp//libhal_bsp.a(alt_release_fd.o)
 .data          0x0010afcc        0x0 ../count_binary_v4_bsp//libhal_bsp.a(alt_tick.o)
 .data          0x0010afcc        0x0 ../count_binary_v4_bsp//libhal_bsp.a(altera_nios2_qsys_irq.o)
 .data          0x0010afcc        0x0 ../count_binary_v4_bsp//libhal_bsp.a(alt_exception_entry.o)
 .data          0x0010afcc        0x0 ../count_binary_v4_bsp//libhal_bsp.a(alt_find_dev.o)
 .data          0x0010afcc        0x0 ../count_binary_v4_bsp//libhal_bsp.a(alt_find_file.o)
 .data          0x0010afcc        0x0 ../count_binary_v4_bsp//libhal_bsp.a(alt_get_fd.o)
 .data          0x0010afcc        0x0 ../count_binary_v4_bsp//libhal_bsp.a(alt_icache_flush.o)
 .data          0x0010afcc        0x0 /opt/altera/12.1sp1/nios2eds/bin/gnu/H-i686-pc-linux-gnu/bin/../lib/gcc/nios2-elf/4.1.2/../../../../nios2-elf/lib/mno-hw-mul/libsmallc.a(lib_a-exit.o)
 .data          0x0010afcc        0x0 /opt/altera/12.1sp1/nios2eds/bin/gnu/H-i686-pc-linux-gnu/bin/../lib/gcc/nios2-elf/4.1.2/../../../../nios2-elf/lib/mno-hw-mul/libsmallc.a(lib_a-memcmp.o)
 .data          0x0010afcc        0x0 /opt/altera/12.1sp1/nios2eds/bin/gnu/H-i686-pc-linux-gnu/bin/../lib/gcc/nios2-elf/4.1.2/../../../../nios2-elf/lib/mno-hw-mul/libsmallc.a(lib_a-__call_atexit.o)
 .data          0x0010afcc        0x0 ../count_binary_v4_bsp//libhal_bsp.a(alt_exit.o)
                0x00112fcc                _gp = ABSOLUTE ((. + 0x8000))
                0x00112fcc                PROVIDE (gp, _gp)
 *(.rwdata .rwdata.*)
 *(.sdata .sdata.* .gnu.linkonce.s.*)
 .sdata         0x0010afcc        0x8 /opt/altera/12.1sp1/nios2eds/bin/gnu/H-i686-pc-linux-gnu/bin/../lib/gcc/nios2-elf/4.1.2/../../../../nios2-elf/lib/mno-hw-mul/libsmallc.a(lib_a-impure.o)
                0x0010afcc                _impure_ptr
                0x0010afd0                _global_impure_ptr
 .sdata         0x0010afd4       0x14 ../count_binary_v4_bsp//libhal_bsp.a(alt_dev.o)
                0x0010afd4                alt_fs_list
                0x0010afdc                alt_dev_list
                0x0010afe4                alt_max_fd
 .sdata         0x0010afe8        0x4 ../count_binary_v4_bsp//libhal_bsp.a(alt_errno.o)
                0x0010afe8                alt_errno
 .sdata         0x0010afec        0x4 ../count_binary_v4_bsp//libhal_bsp.a(alt_irq_vars.o)
                0x0010afec                alt_priority_mask
 .sdata         0x0010aff0        0x8 ../count_binary_v4_bsp//libhal_bsp.a(alt_tick.o)
                0x0010aff0                alt_alarm_list
 *(.sdata2 .sdata2.* .gnu.linkonce.s2.*)
                0x0010aff8                . = ALIGN (0x4)
                0x0010aff8                _edata = ABSOLUTE (.)
                0x0010aff8                PROVIDE (edata, ABSOLUTE (.))
                0x0010aff8                PROVIDE (__ram_rwdata_end, ABSOLUTE (.))
                0x0010aff8                PROVIDE (__flash_rwdata_start, LOADADDR (.rwdata))

.bss            0x0010b2d8      0x124
                0x0010b2d8                __bss_start = ABSOLUTE (.)
                0x0010b2d8                PROVIDE (__sbss_start, ABSOLUTE (.))
                0x0010b2d8                PROVIDE (___sbss_start, ABSOLUTE (.))
 *(.dynsbss)
 *(.sbss .sbss.* .gnu.linkonce.sb.*)
 .sbss          0x0010b2d8        0x1 obj/default/count_binary.o
 *fill*         0x0010b2d9        0x3 00
 .sbss          0x0010b2dc        0x4 obj/default/count_binary.o
                0x0010b2dc                edge_capture
 .sbss          0x0010b2e0        0x4 /opt/altera/12.1sp1/nios2eds/bin/gnu/H-i686-pc-linux-gnu/bin/../lib/gcc/nios2-elf/4.1.2/../../../../nios2-elf/lib/mno-hw-mul/libsmallc.a(lib_a-int_errno.o)
                0x0010b2e0                errno
 .sbss          0x0010b2e4        0xc ../count_binary_v4_bsp//libhal_bsp.a(alt_main.o)
                0x0010b2e4                alt_argc
                0x0010b2e8                alt_argv
                0x0010b2ec                alt_envp
 .sbss          0x0010b2f0        0x4 ../count_binary_v4_bsp//libhal_bsp.a(alt_irq_vars.o)
                0x0010b2f0                alt_irq_active
 .sbss          0x0010b2f4        0x8 ../count_binary_v4_bsp//libhal_bsp.a(alt_tick.o)
                0x0010b2f4                _alt_tick_rate
                0x0010b2f8                _alt_nticks
 *(.sbss2 .sbss2.* .gnu.linkonce.sb2.*)
 *(.scommon)
                0x0010b2fc                PROVIDE (__sbss_end, ABSOLUTE (.))
                0x0010b2fc                PROVIDE (___sbss_end, ABSOLUTE (.))
 *(.dynbss)
 *(.bss .bss.* .gnu.linkonce.b.*)
 .bss           0x0010b2fc        0x0 ../count_binary_v4_bsp//obj/HAL/src/crt0.o
 .bss           0x0010b2fc        0x0 obj/default/count_binary.o
 .bss           0x0010b2fc        0x0 /opt/altera/12.1sp1/nios2eds/bin/gnu/H-i686-pc-linux-gnu/bin/../lib/gcc/nios2-elf/4.1.2/mno-hw-mul/libgcc.a(lib2-divmod.o)
 .bss           0x0010b2fc        0x0 /opt/altera/12.1sp1/nios2eds/bin/gnu/H-i686-pc-linux-gnu/bin/../lib/gcc/nios2-elf/4.1.2/../../../../nios2-elf/lib/mno-hw-mul/libsmallc.a(lib_a-printf.o)
 .bss           0x0010b2fc        0x0 /opt/altera/12.1sp1/nios2eds/bin/gnu/H-i686-pc-linux-gnu/bin/../lib/gcc/nios2-elf/4.1.2/../../../../nios2-elf/lib/mno-hw-mul/libsmallc.a(lib_a-putchar.o)
 .bss           0x0010b2fc        0x0 /opt/altera/12.1sp1/nios2eds/bin/gnu/H-i686-pc-linux-gnu/bin/../lib/gcc/nios2-elf/4.1.2/../../../../nios2-elf/lib/mno-hw-mul/libsmallc.a(lib_a-puts.o)
 .bss           0x0010b2fc        0x0 /opt/altera/12.1sp1/nios2eds/bin/gnu/H-i686-pc-linux-gnu/bin/../lib/gcc/nios2-elf/4.1.2/../../../../nios2-elf/lib/mno-hw-mul/libsmallc.a(lib_a-strlen.o)
 .bss           0x0010b2fc        0x0 /opt/altera/12.1sp1/nios2eds/bin/gnu/H-i686-pc-linux-gnu/bin/../lib/gcc/nios2-elf/4.1.2/../../../../nios2-elf/lib/mno-hw-mul/libsmallc.a(lib_a-vfprintf.o)
 .bss           0x0010b2fc        0x0 /opt/altera/12.1sp1/nios2eds/bin/gnu/H-i686-pc-linux-gnu/bin/../lib/gcc/nios2-elf/4.1.2/../../../../nios2-elf/lib/mno-hw-mul/libsmallc.a(lib_a-fvwrite_small_dev.o)
 .bss           0x0010b2fc        0x0 /opt/altera/12.1sp1/nios2eds/bin/gnu/H-i686-pc-linux-gnu/bin/../lib/gcc/nios2-elf/4.1.2/../../../../nios2-elf/lib/mno-hw-mul/libsmallc.a(lib_a-impure.o)
 .bss           0x0010b2fc        0x0 /opt/altera/12.1sp1/nios2eds/bin/gnu/H-i686-pc-linux-gnu/bin/../lib/gcc/nios2-elf/4.1.2/../../../../nios2-elf/lib/mno-hw-mul/libsmallc.a(lib_a-putc.o)
 .bss           0x0010b2fc        0x0 /opt/altera/12.1sp1/nios2eds/bin/gnu/H-i686-pc-linux-gnu/bin/../lib/gcc/nios2-elf/4.1.2/../../../../nios2-elf/lib/mno-hw-mul/libsmallc.a(lib_a-writer.o)
 .bss           0x0010b2fc        0x0 /opt/altera/12.1sp1/nios2eds/bin/gnu/H-i686-pc-linux-gnu/bin/../lib/gcc/nios2-elf/4.1.2/../../../../nios2-elf/lib/mno-hw-mul/libsmallc.a(lib_a-int_errno.o)
 .bss           0x0010b2fc        0x0 /opt/altera/12.1sp1/nios2eds/bin/gnu/H-i686-pc-linux-gnu/bin/../lib/gcc/nios2-elf/4.1.2/mno-hw-mul/libgcc.a(lib2-mul.o)
 .bss           0x0010b2fc        0x0 ../count_binary_v4_bsp//libhal_bsp.a(alt_load.o)
 .bss           0x0010b2fc        0x0 ../count_binary_v4_bsp//libhal_bsp.a(alt_main.o)
 .bss           0x0010b2fc        0x0 ../count_binary_v4_bsp//libhal_bsp.a(alt_usleep.o)
 .bss           0x0010b2fc        0x0 ../count_binary_v4_bsp//libhal_bsp.a(alt_write.o)
 .bss           0x0010b2fc        0x0 ../count_binary_v4_bsp//libhal_bsp.a(alt_sys_init.o)
 .bss           0x0010b2fc        0x0 ../count_binary_v4_bsp//libhal_bsp.a(altera_avalon_jtag_uart_fd.o)
 .bss           0x0010b2fc        0x0 ../count_binary_v4_bsp//libhal_bsp.a(altera_avalon_jtag_uart_read.o)
 .bss           0x0010b2fc        0x0 ../count_binary_v4_bsp//libhal_bsp.a(altera_avalon_jtag_uart_write.o)
 .bss           0x0010b2fc        0x0 ../count_binary_v4_bsp//libhal_bsp.a(altera_avalon_timer_sc.o)
 .bss           0x0010b2fc        0x0 ../count_binary_v4_bsp//libhal_bsp.a(alt_busy_sleep.o)
 .bss           0x0010b2fc        0x0 ../count_binary_v4_bsp//libhal_bsp.a(alt_close.o)
 .bss           0x0010b2fc        0x0 ../count_binary_v4_bsp//libhal_bsp.a(alt_dcache_flush_all.o)
 .bss           0x0010b2fc        0x0 ../count_binary_v4_bsp//libhal_bsp.a(alt_dev.o)
 .bss           0x0010b2fc        0x0 ../count_binary_v4_bsp//libhal_bsp.a(alt_dev_llist_insert.o)
 .bss           0x0010b2fc        0x0 ../count_binary_v4_bsp//libhal_bsp.a(alt_errno.o)
 .bss           0x0010b2fc        0x0 ../count_binary_v4_bsp//libhal_bsp.a(alt_icache_flush_all.o)
 .bss           0x0010b2fc        0x0 ../count_binary_v4_bsp//libhal_bsp.a(alt_iic.o)
 .bss           0x0010b2fc        0x0 ../count_binary_v4_bsp//libhal_bsp.a(alt_iic_isr_register.o)
 .bss           0x0010b2fc        0x0 ../count_binary_v4_bsp//libhal_bsp.a(alt_io_redirect.o)
 .bss           0x0010b2fc        0x0 ../count_binary_v4_bsp//libhal_bsp.a(alt_irq_entry.o)
 .bss           0x0010b2fc        0x0 ../count_binary_v4_bsp//libhal_bsp.a(alt_irq_handler.o)
 .bss           0x0010b2fc        0x0 ../count_binary_v4_bsp//libhal_bsp.a(alt_irq_vars.o)
 .bss           0x0010b2fc        0x0 ../count_binary_v4_bsp//libhal_bsp.a(alt_open.o)
 .bss           0x0010b2fc        0x0 ../count_binary_v4_bsp//libhal_bsp.a(alt_release_fd.o)
 .bss           0x0010b2fc        0x0 ../count_binary_v4_bsp//libhal_bsp.a(alt_tick.o)
 .bss           0x0010b2fc        0x0 ../count_binary_v4_bsp//libhal_bsp.a(altera_nios2_qsys_irq.o)
 .bss           0x0010b2fc        0x0 ../count_binary_v4_bsp//libhal_bsp.a(alt_exception_entry.o)
 .bss           0x0010b2fc        0x0 ../count_binary_v4_bsp//libhal_bsp.a(alt_find_dev.o)
 .bss           0x0010b2fc        0x0 ../count_binary_v4_bsp//libhal_bsp.a(alt_find_file.o)
 .bss           0x0010b2fc        0x0 ../count_binary_v4_bsp//libhal_bsp.a(alt_get_fd.o)
 .bss           0x0010b2fc        0x0 ../count_binary_v4_bsp//libhal_bsp.a(alt_icache_flush.o)
 .bss           0x0010b2fc        0x0 /opt/altera/12.1sp1/nios2eds/bin/gnu/H-i686-pc-linux-gnu/bin/../lib/gcc/nios2-elf/4.1.2/../../../../nios2-elf/lib/mno-hw-mul/libsmallc.a(lib_a-exit.o)
 .bss           0x0010b2fc        0x0 /opt/altera/12.1sp1/nios2eds/bin/gnu/H-i686-pc-linux-gnu/bin/../lib/gcc/nios2-elf/4.1.2/../../../../nios2-elf/lib/mno-hw-mul/libsmallc.a(lib_a-memcmp.o)
 .bss           0x0010b2fc        0x0 /opt/altera/12.1sp1/nios2eds/bin/gnu/H-i686-pc-linux-gnu/bin/../lib/gcc/nios2-elf/4.1.2/../../../../nios2-elf/lib/mno-hw-mul/libsmallc.a(lib_a-__call_atexit.o)
 .bss           0x0010b2fc        0x0 ../count_binary_v4_bsp//libhal_bsp.a(alt_exit.o)
 *(COMMON)
 COMMON         0x0010b2fc      0x100 ../count_binary_v4_bsp//libhal_bsp.a(alt_irq_handler.o)
                0x0010b2fc                alt_irq
                0x0010b3fc                . = ALIGN (0x4)
                0x0010b3fc                __bss_end = ABSOLUTE (.)

.sram_0         0x00080000        0x0 load address 0x0010b3fc
                0x00080000                PROVIDE (_alt_partition_sram_0_start, ABSOLUTE (.))
 *(.sram_0. sram_0.*)
                0x00080000                . = ALIGN (0x4)
                0x00080000                PROVIDE (_alt_partition_sram_0_end, ABSOLUTE (.))
                0x0010b3fc                PROVIDE (_alt_partition_sram_0_load_addr, LOADADDR (.sram_0))

.onchip_mem     0x0010b3fc        0x0
                0x0010b3fc                PROVIDE (_alt_partition_onchip_mem_start, ABSOLUTE (.))
 *(.onchip_mem. onchip_mem.*)
                0x0010b3fc                . = ALIGN (0x4)
                0x0010b3fc                PROVIDE (_alt_partition_onchip_mem_end, ABSOLUTE (.))
                0x0010b3fc                _end = ABSOLUTE (.)
                0x0010b3fc                end = ABSOLUTE (.)
                0x0010b3fc                __alt_stack_base = ABSOLUTE (.)
                0x0010b3fc                PROVIDE (_alt_partition_onchip_mem_load_addr, LOADADDR (.onchip_mem))

.stab
 *(.stab)

.stabstr
 *(.stabstr)

.stab.excl
 *(.stab.excl)

.stab.exclstr
 *(.stab.exclstr)

.stab.index
 *(.stab.index)

.stab.indexstr
 *(.stab.indexstr)

.comment        0x00000000       0x26
 *(.comment)
 .comment       0x00000000       0x26 obj/default/count_binary.o
                                 0x27 (size before relaxing)
 .comment       0x00000000       0x27 /opt/altera/12.1sp1/nios2eds/bin/gnu/H-i686-pc-linux-gnu/bin/../lib/gcc/nios2-elf/4.1.2/mno-hw-mul/libgcc.a(lib2-divmod.o)
 .comment       0x00000000       0x27 /opt/altera/12.1sp1/nios2eds/bin/gnu/H-i686-pc-linux-gnu/bin/../lib/gcc/nios2-elf/4.1.2/../../../../nios2-elf/lib/mno-hw-mul/libsmallc.a(lib_a-printf.o)
 .comment       0x00000000       0x27 /opt/altera/12.1sp1/nios2eds/bin/gnu/H-i686-pc-linux-gnu/bin/../lib/gcc/nios2-elf/4.1.2/../../../../nios2-elf/lib/mno-hw-mul/libsmallc.a(lib_a-putchar.o)
 .comment       0x00000000       0x27 /opt/altera/12.1sp1/nios2eds/bin/gnu/H-i686-pc-linux-gnu/bin/../lib/gcc/nios2-elf/4.1.2/../../../../nios2-elf/lib/mno-hw-mul/libsmallc.a(lib_a-puts.o)
 .comment       0x00000000       0x27 /opt/altera/12.1sp1/nios2eds/bin/gnu/H-i686-pc-linux-gnu/bin/../lib/gcc/nios2-elf/4.1.2/../../../../nios2-elf/lib/mno-hw-mul/libsmallc.a(lib_a-strlen.o)
 .comment       0x00000000       0x27 /opt/altera/12.1sp1/nios2eds/bin/gnu/H-i686-pc-linux-gnu/bin/../lib/gcc/nios2-elf/4.1.2/../../../../nios2-elf/lib/mno-hw-mul/libsmallc.a(lib_a-vfprintf.o)
 .comment       0x00000000       0x27 /opt/altera/12.1sp1/nios2eds/bin/gnu/H-i686-pc-linux-gnu/bin/../lib/gcc/nios2-elf/4.1.2/../../../../nios2-elf/lib/mno-hw-mul/libsmallc.a(lib_a-fvwrite_small_dev.o)
 .comment       0x00000000       0x27 /opt/altera/12.1sp1/nios2eds/bin/gnu/H-i686-pc-linux-gnu/bin/../lib/gcc/nios2-elf/4.1.2/../../../../nios2-elf/lib/mno-hw-mul/libsmallc.a(lib_a-impure.o)
 .comment       0x00000000       0x27 /opt/altera/12.1sp1/nios2eds/bin/gnu/H-i686-pc-linux-gnu/bin/../lib/gcc/nios2-elf/4.1.2/../../../../nios2-elf/lib/mno-hw-mul/libsmallc.a(lib_a-putc.o)
 .comment       0x00000000       0x27 /opt/altera/12.1sp1/nios2eds/bin/gnu/H-i686-pc-linux-gnu/bin/../lib/gcc/nios2-elf/4.1.2/../../../../nios2-elf/lib/mno-hw-mul/libsmallc.a(lib_a-writer.o)
 .comment       0x00000000       0x27 /opt/altera/12.1sp1/nios2eds/bin/gnu/H-i686-pc-linux-gnu/bin/../lib/gcc/nios2-elf/4.1.2/../../../../nios2-elf/lib/mno-hw-mul/libsmallc.a(lib_a-int_errno.o)
 .comment       0x00000000       0x27 /opt/altera/12.1sp1/nios2eds/bin/gnu/H-i686-pc-linux-gnu/bin/../lib/gcc/nios2-elf/4.1.2/mno-hw-mul/libgcc.a(lib2-mul.o)
 .comment       0x00000000       0x27 ../count_binary_v4_bsp//libhal_bsp.a(alt_load.o)
 .comment       0x00000000       0x27 ../count_binary_v4_bsp//libhal_bsp.a(alt_main.o)
 .comment       0x00000000       0x27 ../count_binary_v4_bsp//libhal_bsp.a(alt_usleep.o)
 .comment       0x00000000       0x27 ../count_binary_v4_bsp//libhal_bsp.a(alt_write.o)
 .comment       0x00000000       0x27 ../count_binary_v4_bsp//libhal_bsp.a(alt_sys_init.o)
 .comment       0x00000000       0x27 ../count_binary_v4_bsp//libhal_bsp.a(altera_avalon_jtag_uart_fd.o)
 .comment       0x00000000       0x27 ../count_binary_v4_bsp//libhal_bsp.a(altera_avalon_jtag_uart_read.o)
 .comment       0x00000000       0x27 ../count_binary_v4_bsp//libhal_bsp.a(altera_avalon_jtag_uart_write.o)
 .comment       0x00000000       0x27 ../count_binary_v4_bsp//libhal_bsp.a(altera_avalon_timer_sc.o)
 .comment       0x00000000       0x27 ../count_binary_v4_bsp//libhal_bsp.a(alt_busy_sleep.o)
 .comment       0x00000000       0x27 ../count_binary_v4_bsp//libhal_bsp.a(alt_close.o)
 .comment       0x00000000       0x27 ../count_binary_v4_bsp//libhal_bsp.a(alt_dcache_flush_all.o)
 .comment       0x00000000       0x27 ../count_binary_v4_bsp//libhal_bsp.a(alt_dev.o)
 .comment       0x00000000       0x27 ../count_binary_v4_bsp//libhal_bsp.a(alt_dev_llist_insert.o)
 .comment       0x00000000       0x27 ../count_binary_v4_bsp//libhal_bsp.a(alt_errno.o)
 .comment       0x00000000       0x27 ../count_binary_v4_bsp//libhal_bsp.a(alt_icache_flush_all.o)
 .comment       0x00000000       0x27 ../count_binary_v4_bsp//libhal_bsp.a(alt_iic.o)
 .comment       0x00000000       0x27 ../count_binary_v4_bsp//libhal_bsp.a(alt_iic_isr_register.o)
 .comment       0x00000000       0x27 ../count_binary_v4_bsp//libhal_bsp.a(alt_io_redirect.o)
 .comment       0x00000000       0x27 ../count_binary_v4_bsp//libhal_bsp.a(alt_irq_handler.o)
 .comment       0x00000000       0x27 ../count_binary_v4_bsp//libhal_bsp.a(alt_irq_vars.o)
 .comment       0x00000000       0x27 ../count_binary_v4_bsp//libhal_bsp.a(alt_open.o)
 .comment       0x00000000       0x27 ../count_binary_v4_bsp//libhal_bsp.a(alt_release_fd.o)
 .comment       0x00000000       0x27 ../count_binary_v4_bsp//libhal_bsp.a(alt_tick.o)
 .comment       0x00000000       0x27 ../count_binary_v4_bsp//libhal_bsp.a(altera_nios2_qsys_irq.o)
 .comment       0x00000000       0x27 ../count_binary_v4_bsp//libhal_bsp.a(alt_find_dev.o)
 .comment       0x00000000       0x27 ../count_binary_v4_bsp//libhal_bsp.a(alt_find_file.o)
 .comment       0x00000000       0x27 ../count_binary_v4_bsp//libhal_bsp.a(alt_get_fd.o)
 .comment       0x00000000       0x27 ../count_binary_v4_bsp//libhal_bsp.a(alt_icache_flush.o)
 .comment       0x00000000       0x27 /opt/altera/12.1sp1/nios2eds/bin/gnu/H-i686-pc-linux-gnu/bin/../lib/gcc/nios2-elf/4.1.2/../../../../nios2-elf/lib/mno-hw-mul/libsmallc.a(lib_a-exit.o)
 .comment       0x00000000       0x27 /opt/altera/12.1sp1/nios2eds/bin/gnu/H-i686-pc-linux-gnu/bin/../lib/gcc/nios2-elf/4.1.2/../../../../nios2-elf/lib/mno-hw-mul/libsmallc.a(lib_a-memcmp.o)
 .comment       0x00000000       0x27 /opt/altera/12.1sp1/nios2eds/bin/gnu/H-i686-pc-linux-gnu/bin/../lib/gcc/nios2-elf/4.1.2/../../../../nios2-elf/lib/mno-hw-mul/libsmallc.a(lib_a-__call_atexit.o)
 .comment       0x00000000       0x27 ../count_binary_v4_bsp//libhal_bsp.a(alt_exit.o)

.debug
 *(.debug)

.line
 *(.line)

.debug_srcinfo
 *(.debug_srcinfo)

.debug_sfnames
 *(.debug_sfnames)

.debug_aranges  0x00000000      0x5d8
 *(.debug_aranges)
 .debug_aranges
                0x00000000       0x28 ../count_binary_v4_bsp//obj/HAL/src/crt0.o
 .debug_aranges
                0x00000028       0x20 obj/default/count_binary.o
 .debug_aranges
                0x00000048       0x20 /opt/altera/12.1sp1/nios2eds/bin/gnu/H-i686-pc-linux-gnu/bin/../lib/gcc/nios2-elf/4.1.2/mno-hw-mul/libgcc.a(lib2-divmod.o)
 .debug_aranges
                0x00000068       0x20 /opt/altera/12.1sp1/nios2eds/bin/gnu/H-i686-pc-linux-gnu/bin/../lib/gcc/nios2-elf/4.1.2/../../../../nios2-elf/lib/mno-hw-mul/libsmallc.a(lib_a-printf.o)
 .debug_aranges
                0x00000088       0x20 /opt/altera/12.1sp1/nios2eds/bin/gnu/H-i686-pc-linux-gnu/bin/../lib/gcc/nios2-elf/4.1.2/../../../../nios2-elf/lib/mno-hw-mul/libsmallc.a(lib_a-putchar.o)
 .debug_aranges
                0x000000a8       0x20 /opt/altera/12.1sp1/nios2eds/bin/gnu/H-i686-pc-linux-gnu/bin/../lib/gcc/nios2-elf/4.1.2/../../../../nios2-elf/lib/mno-hw-mul/libsmallc.a(lib_a-puts.o)
 .debug_aranges
                0x000000c8       0x20 /opt/altera/12.1sp1/nios2eds/bin/gnu/H-i686-pc-linux-gnu/bin/../lib/gcc/nios2-elf/4.1.2/../../../../nios2-elf/lib/mno-hw-mul/libsmallc.a(lib_a-strlen.o)
 .debug_aranges
                0x000000e8       0x20 /opt/altera/12.1sp1/nios2eds/bin/gnu/H-i686-pc-linux-gnu/bin/../lib/gcc/nios2-elf/4.1.2/../../../../nios2-elf/lib/mno-hw-mul/libsmallc.a(lib_a-vfprintf.o)
 .debug_aranges
                0x00000108       0x20 /opt/altera/12.1sp1/nios2eds/bin/gnu/H-i686-pc-linux-gnu/bin/../lib/gcc/nios2-elf/4.1.2/../../../../nios2-elf/lib/mno-hw-mul/libsmallc.a(lib_a-fvwrite_small_dev.o)
 .debug_aranges
                0x00000128       0x20 /opt/altera/12.1sp1/nios2eds/bin/gnu/H-i686-pc-linux-gnu/bin/../lib/gcc/nios2-elf/4.1.2/../../../../nios2-elf/lib/mno-hw-mul/libsmallc.a(lib_a-putc.o)
 .debug_aranges
                0x00000148       0x20 /opt/altera/12.1sp1/nios2eds/bin/gnu/H-i686-pc-linux-gnu/bin/../lib/gcc/nios2-elf/4.1.2/../../../../nios2-elf/lib/mno-hw-mul/libsmallc.a(lib_a-writer.o)
 .debug_aranges
                0x00000168       0x20 /opt/altera/12.1sp1/nios2eds/bin/gnu/H-i686-pc-linux-gnu/bin/../lib/gcc/nios2-elf/4.1.2/mno-hw-mul/libgcc.a(lib2-mul.o)
 .debug_aranges
                0x00000188       0x20 ../count_binary_v4_bsp//libhal_bsp.a(alt_load.o)
 .debug_aranges
                0x000001a8       0x20 ../count_binary_v4_bsp//libhal_bsp.a(alt_main.o)
 .debug_aranges
                0x000001c8       0x20 ../count_binary_v4_bsp//libhal_bsp.a(alt_usleep.o)
 .debug_aranges
                0x000001e8       0x20 ../count_binary_v4_bsp//libhal_bsp.a(alt_write.o)
 .debug_aranges
                0x00000208       0x20 ../count_binary_v4_bsp//libhal_bsp.a(alt_sys_init.o)
 .debug_aranges
                0x00000228       0x20 ../count_binary_v4_bsp//libhal_bsp.a(altera_avalon_jtag_uart_fd.o)
 .debug_aranges
                0x00000248       0x20 ../count_binary_v4_bsp//libhal_bsp.a(altera_avalon_jtag_uart_read.o)
 .debug_aranges
                0x00000268       0x20 ../count_binary_v4_bsp//libhal_bsp.a(altera_avalon_jtag_uart_write.o)
 .debug_aranges
                0x00000288       0x20 ../count_binary_v4_bsp//libhal_bsp.a(altera_avalon_timer_sc.o)
 .debug_aranges
                0x000002a8       0x20 ../count_binary_v4_bsp//libhal_bsp.a(alt_busy_sleep.o)
 .debug_aranges
                0x000002c8       0x20 ../count_binary_v4_bsp//libhal_bsp.a(alt_close.o)
 .debug_aranges
                0x000002e8       0x20 ../count_binary_v4_bsp//libhal_bsp.a(alt_dcache_flush_all.o)
 .debug_aranges
                0x00000308       0x20 ../count_binary_v4_bsp//libhal_bsp.a(alt_dev.o)
 .debug_aranges
                0x00000328       0x20 ../count_binary_v4_bsp//libhal_bsp.a(alt_dev_llist_insert.o)
 .debug_aranges
                0x00000348       0x20 ../count_binary_v4_bsp//libhal_bsp.a(alt_icache_flush_all.o)
 .debug_aranges
                0x00000368       0x20 ../count_binary_v4_bsp//libhal_bsp.a(alt_iic.o)
 .debug_aranges
                0x00000388       0x20 ../count_binary_v4_bsp//libhal_bsp.a(alt_iic_isr_register.o)
 .debug_aranges
                0x000003a8       0x20 ../count_binary_v4_bsp//libhal_bsp.a(alt_io_redirect.o)
 .debug_aranges
                0x000003c8       0x30 ../count_binary_v4_bsp//libhal_bsp.a(alt_irq_entry.o)
 .debug_aranges
                0x000003f8       0x28 ../count_binary_v4_bsp//libhal_bsp.a(alt_irq_handler.o)
 .debug_aranges
                0x00000420       0x20 ../count_binary_v4_bsp//libhal_bsp.a(alt_open.o)
 .debug_aranges
                0x00000440       0x20 ../count_binary_v4_bsp//libhal_bsp.a(alt_release_fd.o)
 .debug_aranges
                0x00000460       0x20 ../count_binary_v4_bsp//libhal_bsp.a(alt_tick.o)
 .debug_aranges
                0x00000480       0x20 ../count_binary_v4_bsp//libhal_bsp.a(altera_nios2_qsys_irq.o)
 .debug_aranges
                0x000004a0       0x38 ../count_binary_v4_bsp//libhal_bsp.a(alt_exception_entry.o)
 .debug_aranges
                0x000004d8       0x20 ../count_binary_v4_bsp//libhal_bsp.a(alt_find_dev.o)
 .debug_aranges
                0x000004f8       0x20 ../count_binary_v4_bsp//libhal_bsp.a(alt_find_file.o)
 .debug_aranges
                0x00000518       0x20 ../count_binary_v4_bsp//libhal_bsp.a(alt_get_fd.o)
 .debug_aranges
                0x00000538       0x20 ../count_binary_v4_bsp//libhal_bsp.a(alt_icache_flush.o)
 .debug_aranges
                0x00000558       0x20 /opt/altera/12.1sp1/nios2eds/bin/gnu/H-i686-pc-linux-gnu/bin/../lib/gcc/nios2-elf/4.1.2/../../../../nios2-elf/lib/mno-hw-mul/libsmallc.a(lib_a-exit.o)
 .debug_aranges
                0x00000578       0x20 /opt/altera/12.1sp1/nios2eds/bin/gnu/H-i686-pc-linux-gnu/bin/../lib/gcc/nios2-elf/4.1.2/../../../../nios2-elf/lib/mno-hw-mul/libsmallc.a(lib_a-memcmp.o)
 .debug_aranges
                0x00000598       0x20 /opt/altera/12.1sp1/nios2eds/bin/gnu/H-i686-pc-linux-gnu/bin/../lib/gcc/nios2-elf/4.1.2/../../../../nios2-elf/lib/mno-hw-mul/libsmallc.a(lib_a-__call_atexit.o)
 .debug_aranges
                0x000005b8       0x20 ../count_binary_v4_bsp//libhal_bsp.a(alt_exit.o)

.debug_pubnames
                0x00000000      0x851
 *(.debug_pubnames)
 .debug_pubnames
                0x00000000       0x2c obj/default/count_binary.o
 .debug_pubnames
                0x0000002c       0x48 /opt/altera/12.1sp1/nios2eds/bin/gnu/H-i686-pc-linux-gnu/bin/../lib/gcc/nios2-elf/4.1.2/mno-hw-mul/libgcc.a(lib2-divmod.o)
 .debug_pubnames
                0x00000074       0x2b /opt/altera/12.1sp1/nios2eds/bin/gnu/H-i686-pc-linux-gnu/bin/../lib/gcc/nios2-elf/4.1.2/../../../../nios2-elf/lib/mno-hw-mul/libsmallc.a(lib_a-printf.o)
 .debug_pubnames
                0x0000009f       0x2d /opt/altera/12.1sp1/nios2eds/bin/gnu/H-i686-pc-linux-gnu/bin/../lib/gcc/nios2-elf/4.1.2/../../../../nios2-elf/lib/mno-hw-mul/libsmallc.a(lib_a-putchar.o)
 .debug_pubnames
                0x000000cc       0x27 /opt/altera/12.1sp1/nios2eds/bin/gnu/H-i686-pc-linux-gnu/bin/../lib/gcc/nios2-elf/4.1.2/../../../../nios2-elf/lib/mno-hw-mul/libsmallc.a(lib_a-puts.o)
 .debug_pubnames
                0x000000f3       0x1d /opt/altera/12.1sp1/nios2eds/bin/gnu/H-i686-pc-linux-gnu/bin/../lib/gcc/nios2-elf/4.1.2/../../../../nios2-elf/lib/mno-hw-mul/libsmallc.a(lib_a-strlen.o)
 .debug_pubnames
                0x00000110       0x45 /opt/altera/12.1sp1/nios2eds/bin/gnu/H-i686-pc-linux-gnu/bin/../lib/gcc/nios2-elf/4.1.2/../../../../nios2-elf/lib/mno-hw-mul/libsmallc.a(lib_a-vfprintf.o)
 .debug_pubnames
                0x00000155       0x2b /opt/altera/12.1sp1/nios2eds/bin/gnu/H-i686-pc-linux-gnu/bin/../lib/gcc/nios2-elf/4.1.2/../../../../nios2-elf/lib/mno-hw-mul/libsmallc.a(lib_a-fvwrite_small_dev.o)
 .debug_pubnames
                0x00000180       0x39 /opt/altera/12.1sp1/nios2eds/bin/gnu/H-i686-pc-linux-gnu/bin/../lib/gcc/nios2-elf/4.1.2/../../../../nios2-elf/lib/mno-hw-mul/libsmallc.a(lib_a-impure.o)
 .debug_pubnames
                0x000001b9       0x27 /opt/altera/12.1sp1/nios2eds/bin/gnu/H-i686-pc-linux-gnu/bin/../lib/gcc/nios2-elf/4.1.2/../../../../nios2-elf/lib/mno-hw-mul/libsmallc.a(lib_a-putc.o)
 .debug_pubnames
                0x000001e0       0x1f /opt/altera/12.1sp1/nios2eds/bin/gnu/H-i686-pc-linux-gnu/bin/../lib/gcc/nios2-elf/4.1.2/../../../../nios2-elf/lib/mno-hw-mul/libsmallc.a(lib_a-writer.o)
 .debug_pubnames
                0x000001ff       0x1c /opt/altera/12.1sp1/nios2eds/bin/gnu/H-i686-pc-linux-gnu/bin/../lib/gcc/nios2-elf/4.1.2/../../../../nios2-elf/lib/mno-hw-mul/libsmallc.a(lib_a-int_errno.o)
 .debug_pubnames
                0x0000021b       0x1f /opt/altera/12.1sp1/nios2eds/bin/gnu/H-i686-pc-linux-gnu/bin/../lib/gcc/nios2-elf/4.1.2/mno-hw-mul/libgcc.a(lib2-mul.o)
 .debug_pubnames
                0x0000023a       0x1f ../count_binary_v4_bsp//libhal_bsp.a(alt_load.o)
 .debug_pubnames
                0x00000259       0x46 ../count_binary_v4_bsp//libhal_bsp.a(alt_main.o)
 .debug_pubnames
                0x0000029f       0x1d ../count_binary_v4_bsp//libhal_bsp.a(alt_usleep.o)
 .debug_pubnames
                0x000002bc       0x1c ../count_binary_v4_bsp//libhal_bsp.a(alt_write.o)
 .debug_pubnames
                0x000002d8       0x34 ../count_binary_v4_bsp//libhal_bsp.a(alt_sys_init.o)
 .debug_pubnames
                0x0000030c       0x5b ../count_binary_v4_bsp//libhal_bsp.a(altera_avalon_jtag_uart_fd.o)
 .debug_pubnames
                0x00000367       0x33 ../count_binary_v4_bsp//libhal_bsp.a(altera_avalon_jtag_uart_read.o)
 .debug_pubnames
                0x0000039a       0x34 ../count_binary_v4_bsp//libhal_bsp.a(altera_avalon_jtag_uart_write.o)
 .debug_pubnames
                0x000003ce       0x2f ../count_binary_v4_bsp//libhal_bsp.a(altera_avalon_timer_sc.o)
 .debug_pubnames
                0x000003fd       0x25 ../count_binary_v4_bsp//libhal_bsp.a(alt_busy_sleep.o)
 .debug_pubnames
                0x00000422       0x1c ../count_binary_v4_bsp//libhal_bsp.a(alt_close.o)
 .debug_pubnames
                0x0000043e       0x2b ../count_binary_v4_bsp//libhal_bsp.a(alt_dcache_flush_all.o)
 .debug_pubnames
                0x00000469       0x63 ../count_binary_v4_bsp//libhal_bsp.a(alt_dev.o)
 .debug_pubnames
                0x000004cc       0x2b ../count_binary_v4_bsp//libhal_bsp.a(alt_dev_llist_insert.o)
 .debug_pubnames
                0x000004f7       0x20 ../count_binary_v4_bsp//libhal_bsp.a(alt_errno.o)
 .debug_pubnames
                0x00000517       0x2b ../count_binary_v4_bsp//libhal_bsp.a(alt_icache_flush_all.o)
 .debug_pubnames
                0x00000542       0x6e ../count_binary_v4_bsp//libhal_bsp.a(alt_iic.o)
 .debug_pubnames
                0x000005b0       0x2b ../count_binary_v4_bsp//libhal_bsp.a(alt_iic_isr_register.o)
 .debug_pubnames
                0x000005db       0x26 ../count_binary_v4_bsp//libhal_bsp.a(alt_io_redirect.o)
 .debug_pubnames
                0x00000601       0x32 ../count_binary_v4_bsp//libhal_bsp.a(alt_irq_handler.o)
 .debug_pubnames
                0x00000633       0x3b ../count_binary_v4_bsp//libhal_bsp.a(alt_irq_vars.o)
 .debug_pubnames
                0x0000066e       0x1b ../count_binary_v4_bsp//libhal_bsp.a(alt_open.o)
 .debug_pubnames
                0x00000689       0x25 ../count_binary_v4_bsp//libhal_bsp.a(alt_release_fd.o)
 .debug_pubnames
                0x000006ae       0x68 ../count_binary_v4_bsp//libhal_bsp.a(alt_tick.o)
 .debug_pubnames
                0x00000716       0x31 ../count_binary_v4_bsp//libhal_bsp.a(altera_nios2_qsys_irq.o)
 .debug_pubnames
                0x00000747       0x23 ../count_binary_v4_bsp//libhal_bsp.a(alt_find_dev.o)
 .debug_pubnames
                0x0000076a       0x24 ../count_binary_v4_bsp//libhal_bsp.a(alt_find_file.o)
 .debug_pubnames
                0x0000078e       0x21 ../count_binary_v4_bsp//libhal_bsp.a(alt_get_fd.o)
 .debug_pubnames
                0x000007af       0x27 ../count_binary_v4_bsp//libhal_bsp.a(alt_icache_flush.o)
 .debug_pubnames
                0x000007d6       0x1b /opt/altera/12.1sp1/nios2eds/bin/gnu/H-i686-pc-linux-gnu/bin/../lib/gcc/nios2-elf/4.1.2/../../../../nios2-elf/lib/mno-hw-mul/libsmallc.a(lib_a-exit.o)
 .debug_pubnames
                0x000007f1       0x1d /opt/altera/12.1sp1/nios2eds/bin/gnu/H-i686-pc-linux-gnu/bin/../lib/gcc/nios2-elf/4.1.2/../../../../nios2-elf/lib/mno-hw-mul/libsmallc.a(lib_a-memcmp.o)
 .debug_pubnames
                0x0000080e       0x27 /opt/altera/12.1sp1/nios2eds/bin/gnu/H-i686-pc-linux-gnu/bin/../lib/gcc/nios2-elf/4.1.2/../../../../nios2-elf/lib/mno-hw-mul/libsmallc.a(lib_a-__call_atexit.o)
 .debug_pubnames
                0x00000835       0x1c ../count_binary_v4_bsp//libhal_bsp.a(alt_exit.o)

.debug_info     0x00000000     0xb8dd
 *(.debug_info .gnu.linkonce.wi.*)
 .debug_info    0x00000000       0x7d ../count_binary_v4_bsp//obj/HAL/src/crt0.o
 .debug_info    0x0000007d      0xd7f obj/default/count_binary.o
 .debug_info    0x00000dfc      0x21c /opt/altera/12.1sp1/nios2eds/bin/gnu/H-i686-pc-linux-gnu/bin/../lib/gcc/nios2-elf/4.1.2/mno-hw-mul/libgcc.a(lib2-divmod.o)
 .debug_info    0x00001018      0x6c8 /opt/altera/12.1sp1/nios2eds/bin/gnu/H-i686-pc-linux-gnu/bin/../lib/gcc/nios2-elf/4.1.2/../../../../nios2-elf/lib/mno-hw-mul/libsmallc.a(lib_a-printf.o)
 .debug_info    0x000016e0      0x66b /opt/altera/12.1sp1/nios2eds/bin/gnu/H-i686-pc-linux-gnu/bin/../lib/gcc/nios2-elf/4.1.2/../../../../nios2-elf/lib/mno-hw-mul/libsmallc.a(lib_a-putchar.o)
 .debug_info    0x00001d4b      0x685 /opt/altera/12.1sp1/nios2eds/bin/gnu/H-i686-pc-linux-gnu/bin/../lib/gcc/nios2-elf/4.1.2/../../../../nios2-elf/lib/mno-hw-mul/libsmallc.a(lib_a-puts.o)
 .debug_info    0x000023d0       0xc2 /opt/altera/12.1sp1/nios2eds/bin/gnu/H-i686-pc-linux-gnu/bin/../lib/gcc/nios2-elf/4.1.2/../../../../nios2-elf/lib/mno-hw-mul/libsmallc.a(lib_a-strlen.o)
 .debug_info    0x00002492      0x9b6 /opt/altera/12.1sp1/nios2eds/bin/gnu/H-i686-pc-linux-gnu/bin/../lib/gcc/nios2-elf/4.1.2/../../../../nios2-elf/lib/mno-hw-mul/libsmallc.a(lib_a-vfprintf.o)
 .debug_info    0x00002e48      0x68e /opt/altera/12.1sp1/nios2eds/bin/gnu/H-i686-pc-linux-gnu/bin/../lib/gcc/nios2-elf/4.1.2/../../../../nios2-elf/lib/mno-hw-mul/libsmallc.a(lib_a-fvwrite_small_dev.o)
 .debug_info    0x000034d6      0x636 /opt/altera/12.1sp1/nios2eds/bin/gnu/H-i686-pc-linux-gnu/bin/../lib/gcc/nios2-elf/4.1.2/../../../../nios2-elf/lib/mno-hw-mul/libsmallc.a(lib_a-impure.o)
 .debug_info    0x00003b0c      0x6b8 /opt/altera/12.1sp1/nios2eds/bin/gnu/H-i686-pc-linux-gnu/bin/../lib/gcc/nios2-elf/4.1.2/../../../../nios2-elf/lib/mno-hw-mul/libsmallc.a(lib_a-putc.o)
 .debug_info    0x000041c4      0x68c /opt/altera/12.1sp1/nios2eds/bin/gnu/H-i686-pc-linux-gnu/bin/../lib/gcc/nios2-elf/4.1.2/../../../../nios2-elf/lib/mno-hw-mul/libsmallc.a(lib_a-writer.o)
 .debug_info    0x00004850       0x8c /opt/altera/12.1sp1/nios2eds/bin/gnu/H-i686-pc-linux-gnu/bin/../lib/gcc/nios2-elf/4.1.2/../../../../nios2-elf/lib/mno-hw-mul/libsmallc.a(lib_a-int_errno.o)
 .debug_info    0x000048dc       0xf3 /opt/altera/12.1sp1/nios2eds/bin/gnu/H-i686-pc-linux-gnu/bin/../lib/gcc/nios2-elf/4.1.2/mno-hw-mul/libgcc.a(lib2-mul.o)
 .debug_info    0x000049cf      0x28f ../count_binary_v4_bsp//libhal_bsp.a(alt_load.o)
 .debug_info    0x00004c5e      0x227 ../count_binary_v4_bsp//libhal_bsp.a(alt_main.o)
 .debug_info    0x00004e85      0x16a ../count_binary_v4_bsp//libhal_bsp.a(alt_usleep.o)
 .debug_info    0x00004fef      0x695 ../count_binary_v4_bsp//libhal_bsp.a(alt_write.o)
 .debug_info    0x00005684      0x5c3 ../count_binary_v4_bsp//libhal_bsp.a(alt_sys_init.o)
 .debug_info    0x00005c47      0x5bb ../count_binary_v4_bsp//libhal_bsp.a(altera_avalon_jtag_uart_fd.o)
 .debug_info    0x00006202      0x30b ../count_binary_v4_bsp//libhal_bsp.a(altera_avalon_jtag_uart_read.o)
 .debug_info    0x0000650d      0x2e8 ../count_binary_v4_bsp//libhal_bsp.a(altera_avalon_jtag_uart_write.o)
 .debug_info    0x000067f5      0x38d ../count_binary_v4_bsp//libhal_bsp.a(altera_avalon_timer_sc.o)
 .debug_info    0x00006b82      0x1ad ../count_binary_v4_bsp//libhal_bsp.a(alt_busy_sleep.o)
 .debug_info    0x00006d2f      0x469 ../count_binary_v4_bsp//libhal_bsp.a(alt_close.o)
 .debug_info    0x00007198      0x15e ../count_binary_v4_bsp//libhal_bsp.a(alt_dcache_flush_all.o)
 .debug_info    0x000072f6      0x681 ../count_binary_v4_bsp//libhal_bsp.a(alt_dev.o)
 .debug_info    0x00007977      0x2b9 ../count_binary_v4_bsp//libhal_bsp.a(alt_dev_llist_insert.o)
 .debug_info    0x00007c30      0x166 ../count_binary_v4_bsp//libhal_bsp.a(alt_errno.o)
 .debug_info    0x00007d96      0x15e ../count_binary_v4_bsp//libhal_bsp.a(alt_icache_flush_all.o)
 .debug_info    0x00007ef4      0x495 ../count_binary_v4_bsp//libhal_bsp.a(alt_iic.o)
 .debug_info    0x00008389      0x316 ../count_binary_v4_bsp//libhal_bsp.a(alt_iic_isr_register.o)
 .debug_info    0x0000869f      0x697 ../count_binary_v4_bsp//libhal_bsp.a(alt_io_redirect.o)
 .debug_info    0x00008d36       0x86 ../count_binary_v4_bsp//libhal_bsp.a(alt_irq_entry.o)
 .debug_info    0x00008dbc      0x277 ../count_binary_v4_bsp//libhal_bsp.a(alt_irq_handler.o)
 .debug_info    0x00009033      0x169 ../count_binary_v4_bsp//libhal_bsp.a(alt_irq_vars.o)
 .debug_info    0x0000919c      0x527 ../count_binary_v4_bsp//libhal_bsp.a(alt_open.o)
 .debug_info    0x000096c3      0x3f4 ../count_binary_v4_bsp//libhal_bsp.a(alt_release_fd.o)
 .debug_info    0x00009ab7      0x400 ../count_binary_v4_bsp//libhal_bsp.a(alt_tick.o)
 .debug_info    0x00009eb7      0x165 ../count_binary_v4_bsp//libhal_bsp.a(altera_nios2_qsys_irq.o)
 .debug_info    0x0000a01c       0x8c ../count_binary_v4_bsp//libhal_bsp.a(alt_exception_entry.o)
 .debug_info    0x0000a0a8      0x41a ../count_binary_v4_bsp//libhal_bsp.a(alt_find_dev.o)
 .debug_info    0x0000a4c2      0x421 ../count_binary_v4_bsp//libhal_bsp.a(alt_find_file.o)
 .debug_info    0x0000a8e3      0x462 ../count_binary_v4_bsp//libhal_bsp.a(alt_get_fd.o)
 .debug_info    0x0000ad45      0x1a6 ../count_binary_v4_bsp//libhal_bsp.a(alt_icache_flush.o)
 .debug_info    0x0000aeeb       0x9f /opt/altera/12.1sp1/nios2eds/bin/gnu/H-i686-pc-linux-gnu/bin/../lib/gcc/nios2-elf/4.1.2/../../../../nios2-elf/lib/mno-hw-mul/libsmallc.a(lib_a-exit.o)
 .debug_info    0x0000af8a       0xef /opt/altera/12.1sp1/nios2eds/bin/gnu/H-i686-pc-linux-gnu/bin/../lib/gcc/nios2-elf/4.1.2/../../../../nios2-elf/lib/mno-hw-mul/libsmallc.a(lib_a-memcmp.o)
 .debug_info    0x0000b079      0x6d5 /opt/altera/12.1sp1/nios2eds/bin/gnu/H-i686-pc-linux-gnu/bin/../lib/gcc/nios2-elf/4.1.2/../../../../nios2-elf/lib/mno-hw-mul/libsmallc.a(lib_a-__call_atexit.o)
 .debug_info    0x0000b74e      0x18f ../count_binary_v4_bsp//libhal_bsp.a(alt_exit.o)

.debug_abbrev   0x00000000     0x29b1
 *(.debug_abbrev)
 .debug_abbrev  0x00000000       0x12 ../count_binary_v4_bsp//obj/HAL/src/crt0.o
 .debug_abbrev  0x00000012      0x1ca obj/default/count_binary.o
 .debug_abbrev  0x000001dc       0xe0 /opt/altera/12.1sp1/nios2eds/bin/gnu/H-i686-pc-linux-gnu/bin/../lib/gcc/nios2-elf/4.1.2/mno-hw-mul/libgcc.a(lib2-divmod.o)
 .debug_abbrev  0x000002bc      0x179 /opt/altera/12.1sp1/nios2eds/bin/gnu/H-i686-pc-linux-gnu/bin/../lib/gcc/nios2-elf/4.1.2/../../../../nios2-elf/lib/mno-hw-mul/libsmallc.a(lib_a-printf.o)
 .debug_abbrev  0x00000435      0x158 /opt/altera/12.1sp1/nios2eds/bin/gnu/H-i686-pc-linux-gnu/bin/../lib/gcc/nios2-elf/4.1.2/../../../../nios2-elf/lib/mno-hw-mul/libsmallc.a(lib_a-putchar.o)
 .debug_abbrev  0x0000058d      0x180 /opt/altera/12.1sp1/nios2eds/bin/gnu/H-i686-pc-linux-gnu/bin/../lib/gcc/nios2-elf/4.1.2/../../../../nios2-elf/lib/mno-hw-mul/libsmallc.a(lib_a-puts.o)
 .debug_abbrev  0x0000070d       0x7a /opt/altera/12.1sp1/nios2eds/bin/gnu/H-i686-pc-linux-gnu/bin/../lib/gcc/nios2-elf/4.1.2/../../../../nios2-elf/lib/mno-hw-mul/libsmallc.a(lib_a-strlen.o)
 .debug_abbrev  0x00000787      0x263 /opt/altera/12.1sp1/nios2eds/bin/gnu/H-i686-pc-linux-gnu/bin/../lib/gcc/nios2-elf/4.1.2/../../../../nios2-elf/lib/mno-hw-mul/libsmallc.a(lib_a-vfprintf.o)
 .debug_abbrev  0x000009ea      0x179 /opt/altera/12.1sp1/nios2eds/bin/gnu/H-i686-pc-linux-gnu/bin/../lib/gcc/nios2-elf/4.1.2/../../../../nios2-elf/lib/mno-hw-mul/libsmallc.a(lib_a-fvwrite_small_dev.o)
 .debug_abbrev  0x00000b63      0x13f /opt/altera/12.1sp1/nios2eds/bin/gnu/H-i686-pc-linux-gnu/bin/../lib/gcc/nios2-elf/4.1.2/../../../../nios2-elf/lib/mno-hw-mul/libsmallc.a(lib_a-impure.o)
 .debug_abbrev  0x00000ca2      0x167 /opt/altera/12.1sp1/nios2eds/bin/gnu/H-i686-pc-linux-gnu/bin/../lib/gcc/nios2-elf/4.1.2/../../../../nios2-elf/lib/mno-hw-mul/libsmallc.a(lib_a-putc.o)
 .debug_abbrev  0x00000e09      0x16c /opt/altera/12.1sp1/nios2eds/bin/gnu/H-i686-pc-linux-gnu/bin/../lib/gcc/nios2-elf/4.1.2/../../../../nios2-elf/lib/mno-hw-mul/libsmallc.a(lib_a-writer.o)
 .debug_abbrev  0x00000f75       0x3b /opt/altera/12.1sp1/nios2eds/bin/gnu/H-i686-pc-linux-gnu/bin/../lib/gcc/nios2-elf/4.1.2/../../../../nios2-elf/lib/mno-hw-mul/libsmallc.a(lib_a-int_errno.o)
 .debug_abbrev  0x00000fb0       0x7b /opt/altera/12.1sp1/nios2eds/bin/gnu/H-i686-pc-linux-gnu/bin/../lib/gcc/nios2-elf/4.1.2/mno-hw-mul/libgcc.a(lib2-mul.o)
 .debug_abbrev  0x0000102b       0x88 ../count_binary_v4_bsp//libhal_bsp.a(alt_load.o)
 .debug_abbrev  0x000010b3       0xb7 ../count_binary_v4_bsp//libhal_bsp.a(alt_main.o)
 .debug_abbrev  0x0000116a       0x5d ../count_binary_v4_bsp//libhal_bsp.a(alt_usleep.o)
 .debug_abbrev  0x000011c7      0x100 ../count_binary_v4_bsp//libhal_bsp.a(alt_write.o)
 .debug_abbrev  0x000012c7      0x121 ../count_binary_v4_bsp//libhal_bsp.a(alt_sys_init.o)
 .debug_abbrev  0x000013e8       0xcb ../count_binary_v4_bsp//libhal_bsp.a(altera_avalon_jtag_uart_fd.o)
 .debug_abbrev  0x000014b3       0xb6 ../count_binary_v4_bsp//libhal_bsp.a(altera_avalon_jtag_uart_read.o)
 .debug_abbrev  0x00001569       0xb4 ../count_binary_v4_bsp//libhal_bsp.a(altera_avalon_jtag_uart_write.o)
 .debug_abbrev  0x0000161d      0x137 ../count_binary_v4_bsp//libhal_bsp.a(altera_avalon_timer_sc.o)
 .debug_abbrev  0x00001754       0x6c ../count_binary_v4_bsp//libhal_bsp.a(alt_busy_sleep.o)
 .debug_abbrev  0x000017c0       0xfb ../count_binary_v4_bsp//libhal_bsp.a(alt_close.o)
 .debug_abbrev  0x000018bb       0x3f ../count_binary_v4_bsp//libhal_bsp.a(alt_dcache_flush_all.o)
 .debug_abbrev  0x000018fa       0xc7 ../count_binary_v4_bsp//libhal_bsp.a(alt_dev.o)
 .debug_abbrev  0x000019c1       0xf6 ../count_binary_v4_bsp//libhal_bsp.a(alt_dev_llist_insert.o)
 .debug_abbrev  0x00001ab7       0x5e ../count_binary_v4_bsp//libhal_bsp.a(alt_errno.o)
 .debug_abbrev  0x00001b15       0x3f ../count_binary_v4_bsp//libhal_bsp.a(alt_icache_flush_all.o)
 .debug_abbrev  0x00001b54      0x134 ../count_binary_v4_bsp//libhal_bsp.a(alt_iic.o)
 .debug_abbrev  0x00001c88      0x14e ../count_binary_v4_bsp//libhal_bsp.a(alt_iic_isr_register.o)
 .debug_abbrev  0x00001dd6       0xf0 ../count_binary_v4_bsp//libhal_bsp.a(alt_io_redirect.o)
 .debug_abbrev  0x00001ec6       0x12 ../count_binary_v4_bsp//libhal_bsp.a(alt_irq_entry.o)
 .debug_abbrev  0x00001ed8      0x10c ../count_binary_v4_bsp//libhal_bsp.a(alt_irq_handler.o)
 .debug_abbrev  0x00001fe4       0x44 ../count_binary_v4_bsp//libhal_bsp.a(alt_irq_vars.o)
 .debug_abbrev  0x00002028      0x112 ../count_binary_v4_bsp//libhal_bsp.a(alt_open.o)
 .debug_abbrev  0x0000213a       0xc1 ../count_binary_v4_bsp//libhal_bsp.a(alt_release_fd.o)
 .debug_abbrev  0x000021fb      0x150 ../count_binary_v4_bsp//libhal_bsp.a(alt_tick.o)
 .debug_abbrev  0x0000234b       0x3f ../count_binary_v4_bsp//libhal_bsp.a(altera_nios2_qsys_irq.o)
 .debug_abbrev  0x0000238a       0x12 ../count_binary_v4_bsp//libhal_bsp.a(alt_exception_entry.o)
 .debug_abbrev  0x0000239c       0xcf ../count_binary_v4_bsp//libhal_bsp.a(alt_find_dev.o)
 .debug_abbrev  0x0000246b       0xcf ../count_binary_v4_bsp//libhal_bsp.a(alt_find_file.o)
 .debug_abbrev  0x0000253a       0xfb ../count_binary_v4_bsp//libhal_bsp.a(alt_get_fd.o)
 .debug_abbrev  0x00002635       0x7a ../count_binary_v4_bsp//libhal_bsp.a(alt_icache_flush.o)
 .debug_abbrev  0x000026af       0x4e /opt/altera/12.1sp1/nios2eds/bin/gnu/H-i686-pc-linux-gnu/bin/../lib/gcc/nios2-elf/4.1.2/../../../../nios2-elf/lib/mno-hw-mul/libsmallc.a(lib_a-exit.o)
 .debug_abbrev  0x000026fd       0x7c /opt/altera/12.1sp1/nios2eds/bin/gnu/H-i686-pc-linux-gnu/bin/../lib/gcc/nios2-elf/4.1.2/../../../../nios2-elf/lib/mno-hw-mul/libsmallc.a(lib_a-memcmp.o)
 .debug_abbrev  0x00002779      0x1c6 /opt/altera/12.1sp1/nios2eds/bin/gnu/H-i686-pc-linux-gnu/bin/../lib/gcc/nios2-elf/4.1.2/../../../../nios2-elf/lib/mno-hw-mul/libsmallc.a(lib_a-__call_atexit.o)
 .debug_abbrev  0x0000293f       0x72 ../count_binary_v4_bsp//libhal_bsp.a(alt_exit.o)

.debug_line     0x00000000     0x74ed
 *(.debug_line)
 .debug_line    0x00000000       0x6c ../count_binary_v4_bsp//obj/HAL/src/crt0.o
 .debug_line    0x0000006c      0x456 obj/default/count_binary.o
 .debug_line    0x000004c2      0x2c6 /opt/altera/12.1sp1/nios2eds/bin/gnu/H-i686-pc-linux-gnu/bin/../lib/gcc/nios2-elf/4.1.2/mno-hw-mul/libgcc.a(lib2-divmod.o)
 .debug_line    0x00000788      0x2be /opt/altera/12.1sp1/nios2eds/bin/gnu/H-i686-pc-linux-gnu/bin/../lib/gcc/nios2-elf/4.1.2/../../../../nios2-elf/lib/mno-hw-mul/libsmallc.a(lib_a-printf.o)
 .debug_line    0x00000a46      0x267 /opt/altera/12.1sp1/nios2eds/bin/gnu/H-i686-pc-linux-gnu/bin/../lib/gcc/nios2-elf/4.1.2/../../../../nios2-elf/lib/mno-hw-mul/libsmallc.a(lib_a-putchar.o)
 .debug_line    0x00000cad      0x2b2 /opt/altera/12.1sp1/nios2eds/bin/gnu/H-i686-pc-linux-gnu/bin/../lib/gcc/nios2-elf/4.1.2/../../../../nios2-elf/lib/mno-hw-mul/libsmallc.a(lib_a-puts.o)
 .debug_line    0x00000f5f      0x250 /opt/altera/12.1sp1/nios2eds/bin/gnu/H-i686-pc-linux-gnu/bin/../lib/gcc/nios2-elf/4.1.2/../../../../nios2-elf/lib/mno-hw-mul/libsmallc.a(lib_a-strlen.o)
 .debug_line    0x000011af      0x666 /opt/altera/12.1sp1/nios2eds/bin/gnu/H-i686-pc-linux-gnu/bin/../lib/gcc/nios2-elf/4.1.2/../../../../nios2-elf/lib/mno-hw-mul/libsmallc.a(lib_a-vfprintf.o)
 .debug_line    0x00001815      0x2a9 /opt/altera/12.1sp1/nios2eds/bin/gnu/H-i686-pc-linux-gnu/bin/../lib/gcc/nios2-elf/4.1.2/../../../../nios2-elf/lib/mno-hw-mul/libsmallc.a(lib_a-fvwrite_small_dev.o)
 .debug_line    0x00001abe      0x230 /opt/altera/12.1sp1/nios2eds/bin/gnu/H-i686-pc-linux-gnu/bin/../lib/gcc/nios2-elf/4.1.2/../../../../nios2-elf/lib/mno-hw-mul/libsmallc.a(lib_a-impure.o)
 .debug_line    0x00001cee      0x2d2 /opt/altera/12.1sp1/nios2eds/bin/gnu/H-i686-pc-linux-gnu/bin/../lib/gcc/nios2-elf/4.1.2/../../../../nios2-elf/lib/mno-hw-mul/libsmallc.a(lib_a-putc.o)
 .debug_line    0x00001fc0      0x29d /opt/altera/12.1sp1/nios2eds/bin/gnu/H-i686-pc-linux-gnu/bin/../lib/gcc/nios2-elf/4.1.2/../../../../nios2-elf/lib/mno-hw-mul/libsmallc.a(lib_a-writer.o)
 .debug_line    0x0000225d      0x1e2 /opt/altera/12.1sp1/nios2eds/bin/gnu/H-i686-pc-linux-gnu/bin/../lib/gcc/nios2-elf/4.1.2/../../../../nios2-elf/lib/mno-hw-mul/libsmallc.a(lib_a-int_errno.o)
 .debug_line    0x0000243f      0x191 /opt/altera/12.1sp1/nios2eds/bin/gnu/H-i686-pc-linux-gnu/bin/../lib/gcc/nios2-elf/4.1.2/mno-hw-mul/libgcc.a(lib2-mul.o)
 .debug_line    0x000025d0      0x225 ../count_binary_v4_bsp//libhal_bsp.a(alt_load.o)
 .debug_line    0x000027f5      0x2c8 ../count_binary_v4_bsp//libhal_bsp.a(alt_main.o)
 .debug_line    0x00002abd      0x217 ../count_binary_v4_bsp//libhal_bsp.a(alt_usleep.o)
 .debug_line    0x00002cd4      0x2d7 ../count_binary_v4_bsp//libhal_bsp.a(alt_write.o)
 .debug_line    0x00002fab      0x2d5 ../count_binary_v4_bsp//libhal_bsp.a(alt_sys_init.o)
 .debug_line    0x00003280      0x1de ../count_binary_v4_bsp//libhal_bsp.a(altera_avalon_jtag_uart_fd.o)
 .debug_line    0x0000345e      0x351 ../count_binary_v4_bsp//libhal_bsp.a(altera_avalon_jtag_uart_read.o)
 .debug_line    0x000037af      0x312 ../count_binary_v4_bsp//libhal_bsp.a(altera_avalon_jtag_uart_write.o)
 .debug_line    0x00003ac1      0x2c1 ../count_binary_v4_bsp//libhal_bsp.a(altera_avalon_timer_sc.o)
 .debug_line    0x00003d82      0x271 ../count_binary_v4_bsp//libhal_bsp.a(alt_busy_sleep.o)
 .debug_line    0x00003ff3      0x2a7 ../count_binary_v4_bsp//libhal_bsp.a(alt_close.o)
 .debug_line    0x0000429a      0x1c3 ../count_binary_v4_bsp//libhal_bsp.a(alt_dcache_flush_all.o)
 .debug_line    0x0000445d      0x262 ../count_binary_v4_bsp//libhal_bsp.a(alt_dev.o)
 .debug_line    0x000046bf      0x268 ../count_binary_v4_bsp//libhal_bsp.a(alt_dev_llist_insert.o)
 .debug_line    0x00004927      0x1b8 ../count_binary_v4_bsp//libhal_bsp.a(alt_errno.o)
 .debug_line    0x00004adf      0x1cb ../count_binary_v4_bsp//libhal_bsp.a(alt_icache_flush_all.o)
 .debug_line    0x00004caa      0x2d6 ../count_binary_v4_bsp//libhal_bsp.a(alt_iic.o)
 .debug_line    0x00004f80      0x257 ../count_binary_v4_bsp//libhal_bsp.a(alt_iic_isr_register.o)
 .debug_line    0x000051d7      0x2c2 ../count_binary_v4_bsp//libhal_bsp.a(alt_io_redirect.o)
 .debug_line    0x00005499       0x6b ../count_binary_v4_bsp//libhal_bsp.a(alt_irq_entry.o)
 .debug_line    0x00005504      0x256 ../count_binary_v4_bsp//libhal_bsp.a(alt_irq_handler.o)
 .debug_line    0x0000575a       0x72 ../count_binary_v4_bsp//libhal_bsp.a(alt_irq_vars.o)
 .debug_line    0x000057cc      0x30d ../count_binary_v4_bsp//libhal_bsp.a(alt_open.o)
 .debug_line    0x00005ad9       0xed ../count_binary_v4_bsp//libhal_bsp.a(alt_release_fd.o)
 .debug_line    0x00005bc6      0x2ea ../count_binary_v4_bsp//libhal_bsp.a(alt_tick.o)
 .debug_line    0x00005eb0      0x1dc ../count_binary_v4_bsp//libhal_bsp.a(altera_nios2_qsys_irq.o)
 .debug_line    0x0000608c       0xab ../count_binary_v4_bsp//libhal_bsp.a(alt_exception_entry.o)
 .debug_line    0x00006137      0x279 ../count_binary_v4_bsp//libhal_bsp.a(alt_find_dev.o)
 .debug_line    0x000063b0      0x28a ../count_binary_v4_bsp//libhal_bsp.a(alt_find_file.o)
 .debug_line    0x0000663a      0x2a5 ../count_binary_v4_bsp//libhal_bsp.a(alt_get_fd.o)
 .debug_line    0x000068df      0x207 ../count_binary_v4_bsp//libhal_bsp.a(alt_icache_flush.o)
 .debug_line    0x00006ae6      0x223 /opt/altera/12.1sp1/nios2eds/bin/gnu/H-i686-pc-linux-gnu/bin/../lib/gcc/nios2-elf/4.1.2/../../../../nios2-elf/lib/mno-hw-mul/libsmallc.a(lib_a-exit.o)
 .debug_line    0x00006d09      0x270 /opt/altera/12.1sp1/nios2eds/bin/gnu/H-i686-pc-linux-gnu/bin/../lib/gcc/nios2-elf/4.1.2/../../../../nios2-elf/lib/mno-hw-mul/libsmallc.a(lib_a-memcmp.o)
 .debug_line    0x00006f79      0x360 /opt/altera/12.1sp1/nios2eds/bin/gnu/H-i686-pc-linux-gnu/bin/../lib/gcc/nios2-elf/4.1.2/../../../../nios2-elf/lib/mno-hw-mul/libsmallc.a(lib_a-__call_atexit.o)
 .debug_line    0x000072d9      0x214 ../count_binary_v4_bsp//libhal_bsp.a(alt_exit.o)

.debug_frame    0x00000000      0xa8c
 *(.debug_frame)
 .debug_frame   0x00000000       0xf0 obj/default/count_binary.o
 .debug_frame   0x000000f0       0x70 /opt/altera/12.1sp1/nios2eds/bin/gnu/H-i686-pc-linux-gnu/bin/../lib/gcc/nios2-elf/4.1.2/mno-hw-mul/libgcc.a(lib2-divmod.o)
 .debug_frame   0x00000160       0x40 /opt/altera/12.1sp1/nios2eds/bin/gnu/H-i686-pc-linux-gnu/bin/../lib/gcc/nios2-elf/4.1.2/../../../../nios2-elf/lib/mno-hw-mul/libsmallc.a(lib_a-printf.o)
 .debug_frame   0x000001a0       0x30 /opt/altera/12.1sp1/nios2eds/bin/gnu/H-i686-pc-linux-gnu/bin/../lib/gcc/nios2-elf/4.1.2/../../../../nios2-elf/lib/mno-hw-mul/libsmallc.a(lib_a-putchar.o)
 .debug_frame   0x000001d0       0x3c /opt/altera/12.1sp1/nios2eds/bin/gnu/H-i686-pc-linux-gnu/bin/../lib/gcc/nios2-elf/4.1.2/../../../../nios2-elf/lib/mno-hw-mul/libsmallc.a(lib_a-puts.o)
 .debug_frame   0x0000020c       0x20 /opt/altera/12.1sp1/nios2eds/bin/gnu/H-i686-pc-linux-gnu/bin/../lib/gcc/nios2-elf/4.1.2/../../../../nios2-elf/lib/mno-hw-mul/libsmallc.a(lib_a-strlen.o)
 .debug_frame   0x0000022c       0x64 /opt/altera/12.1sp1/nios2eds/bin/gnu/H-i686-pc-linux-gnu/bin/../lib/gcc/nios2-elf/4.1.2/../../../../nios2-elf/lib/mno-hw-mul/libsmallc.a(lib_a-vfprintf.o)
 .debug_frame   0x00000290       0x30 /opt/altera/12.1sp1/nios2eds/bin/gnu/H-i686-pc-linux-gnu/bin/../lib/gcc/nios2-elf/4.1.2/../../../../nios2-elf/lib/mno-hw-mul/libsmallc.a(lib_a-fvwrite_small_dev.o)
 .debug_frame   0x000002c0       0x48 /opt/altera/12.1sp1/nios2eds/bin/gnu/H-i686-pc-linux-gnu/bin/../lib/gcc/nios2-elf/4.1.2/../../../../nios2-elf/lib/mno-hw-mul/libsmallc.a(lib_a-putc.o)
 .debug_frame   0x00000308       0x2c /opt/altera/12.1sp1/nios2eds/bin/gnu/H-i686-pc-linux-gnu/bin/../lib/gcc/nios2-elf/4.1.2/../../../../nios2-elf/lib/mno-hw-mul/libsmallc.a(lib_a-writer.o)
 .debug_frame   0x00000334       0x20 /opt/altera/12.1sp1/nios2eds/bin/gnu/H-i686-pc-linux-gnu/bin/../lib/gcc/nios2-elf/4.1.2/mno-hw-mul/libgcc.a(lib2-mul.o)
 .debug_frame   0x00000354       0x48 ../count_binary_v4_bsp//libhal_bsp.a(alt_load.o)
 .debug_frame   0x0000039c       0x2c ../count_binary_v4_bsp//libhal_bsp.a(alt_main.o)
 .debug_frame   0x000003c8       0x2c ../count_binary_v4_bsp//libhal_bsp.a(alt_usleep.o)
 .debug_frame   0x000003f4       0x48 ../count_binary_v4_bsp//libhal_bsp.a(alt_write.o)
 .debug_frame   0x0000043c       0x64 ../count_binary_v4_bsp//libhal_bsp.a(alt_sys_init.o)
 .debug_frame   0x000004a0       0x48 ../count_binary_v4_bsp//libhal_bsp.a(altera_avalon_jtag_uart_fd.o)
 .debug_frame   0x000004e8       0x2c ../count_binary_v4_bsp//libhal_bsp.a(altera_avalon_jtag_uart_read.o)
 .debug_frame   0x00000514       0x2c ../count_binary_v4_bsp//libhal_bsp.a(altera_avalon_jtag_uart_write.o)
 .debug_frame   0x00000540       0x48 ../count_binary_v4_bsp//libhal_bsp.a(altera_avalon_timer_sc.o)
 .debug_frame   0x00000588       0x2c ../count_binary_v4_bsp//libhal_bsp.a(alt_busy_sleep.o)
 .debug_frame   0x000005b4       0x48 ../count_binary_v4_bsp//libhal_bsp.a(alt_close.o)
 .debug_frame   0x000005fc       0x2c ../count_binary_v4_bsp//libhal_bsp.a(alt_dcache_flush_all.o)
 .debug_frame   0x00000628       0x2c ../count_binary_v4_bsp//libhal_bsp.a(alt_dev.o)
 .debug_frame   0x00000654       0x48 ../count_binary_v4_bsp//libhal_bsp.a(alt_dev_llist_insert.o)
 .debug_frame   0x0000069c       0x2c ../count_binary_v4_bsp//libhal_bsp.a(alt_icache_flush_all.o)
 .debug_frame   0x000006c8       0x80 ../count_binary_v4_bsp//libhal_bsp.a(alt_iic.o)
 .debug_frame   0x00000748       0x2c ../count_binary_v4_bsp//libhal_bsp.a(alt_iic_isr_register.o)
 .debug_frame   0x00000774       0x4c ../count_binary_v4_bsp//libhal_bsp.a(alt_io_redirect.o)
 .debug_frame   0x000007c0       0x2c ../count_binary_v4_bsp//libhal_bsp.a(alt_irq_handler.o)
 .debug_frame   0x000007ec       0x68 ../count_binary_v4_bsp//libhal_bsp.a(alt_open.o)
 .debug_frame   0x00000854       0x30 ../count_binary_v4_bsp//libhal_bsp.a(alt_release_fd.o)
 .debug_frame   0x00000884       0x48 ../count_binary_v4_bsp//libhal_bsp.a(alt_tick.o)
 .debug_frame   0x000008cc       0x2c ../count_binary_v4_bsp//libhal_bsp.a(altera_nios2_qsys_irq.o)
 .debug_frame   0x000008f8       0x2c ../count_binary_v4_bsp//libhal_bsp.a(alt_find_dev.o)
 .debug_frame   0x00000924       0x2c ../count_binary_v4_bsp//libhal_bsp.a(alt_find_file.o)
 .debug_frame   0x00000950       0x30 ../count_binary_v4_bsp//libhal_bsp.a(alt_get_fd.o)
 .debug_frame   0x00000980       0x2c ../count_binary_v4_bsp//libhal_bsp.a(alt_icache_flush.o)
 .debug_frame   0x000009ac       0x2c /opt/altera/12.1sp1/nios2eds/bin/gnu/H-i686-pc-linux-gnu/bin/../lib/gcc/nios2-elf/4.1.2/../../../../nios2-elf/lib/mno-hw-mul/libsmallc.a(lib_a-exit.o)
 .debug_frame   0x000009d8       0x20 /opt/altera/12.1sp1/nios2eds/bin/gnu/H-i686-pc-linux-gnu/bin/../lib/gcc/nios2-elf/4.1.2/../../../../nios2-elf/lib/mno-hw-mul/libsmallc.a(lib_a-memcmp.o)
 .debug_frame   0x000009f8       0x4c /opt/altera/12.1sp1/nios2eds/bin/gnu/H-i686-pc-linux-gnu/bin/../lib/gcc/nios2-elf/4.1.2/../../../../nios2-elf/lib/mno-hw-mul/libsmallc.a(lib_a-__call_atexit.o)
 .debug_frame   0x00000a44       0x48 ../count_binary_v4_bsp//libhal_bsp.a(alt_exit.o)

.debug_str      0x00000000      0xe51
 *(.debug_str)
 .debug_str     0x00000000       0x20 obj/default/count_binary.o
 .debug_str     0x00000020      0x16c /opt/altera/12.1sp1/nios2eds/bin/gnu/H-i686-pc-linux-gnu/bin/../lib/gcc/nios2-elf/4.1.2/mno-hw-mul/libgcc.a(lib2-divmod.o)
                                0x1b9 (size before relaxing)
 .debug_str     0x0000018c      0x3af /opt/altera/12.1sp1/nios2eds/bin/gnu/H-i686-pc-linux-gnu/bin/../lib/gcc/nios2-elf/4.1.2/../../../../nios2-elf/lib/mno-hw-mul/libsmallc.a(lib_a-printf.o)
                                0x46b (size before relaxing)
 .debug_str     0x0000053b       0x51 /opt/altera/12.1sp1/nios2eds/bin/gnu/H-i686-pc-linux-gnu/bin/../lib/gcc/nios2-elf/4.1.2/../../../../nios2-elf/lib/mno-hw-mul/libsmallc.a(lib_a-putchar.o)
                                0x457 (size before relaxing)
 .debug_str     0x0000058c       0x48 /opt/altera/12.1sp1/nios2eds/bin/gnu/H-i686-pc-linux-gnu/bin/../lib/gcc/nios2-elf/4.1.2/../../../../nios2-elf/lib/mno-hw-mul/libsmallc.a(lib_a-puts.o)
                                0x455 (size before relaxing)
 .debug_str     0x000005d4       0xe7 /opt/altera/12.1sp1/nios2eds/bin/gnu/H-i686-pc-linux-gnu/bin/../lib/gcc/nios2-elf/4.1.2/../../../../nios2-elf/lib/mno-hw-mul/libsmallc.a(lib_a-strlen.o)
                                0x189 (size before relaxing)
 .debug_str     0x000006bb      0x168 /opt/altera/12.1sp1/nios2eds/bin/gnu/H-i686-pc-linux-gnu/bin/../lib/gcc/nios2-elf/4.1.2/../../../../nios2-elf/lib/mno-hw-mul/libsmallc.a(lib_a-vfprintf.o)
                                0x5b4 (size before relaxing)
 .debug_str     0x00000823       0x70 /opt/altera/12.1sp1/nios2eds/bin/gnu/H-i686-pc-linux-gnu/bin/../lib/gcc/nios2-elf/4.1.2/../../../../nios2-elf/lib/mno-hw-mul/libsmallc.a(lib_a-fvwrite_small_dev.o)
                                0x46f (size before relaxing)
 .debug_str     0x00000893       0xfd /opt/altera/12.1sp1/nios2eds/bin/gnu/H-i686-pc-linux-gnu/bin/../lib/gcc/nios2-elf/4.1.2/../../../../nios2-elf/lib/mno-hw-mul/libsmallc.a(lib_a-impure.o)
                                0x462 (size before relaxing)
 .debug_str     0x00000990       0x4f /opt/altera/12.1sp1/nios2eds/bin/gnu/H-i686-pc-linux-gnu/bin/../lib/gcc/nios2-elf/4.1.2/../../../../nios2-elf/lib/mno-hw-mul/libsmallc.a(lib_a-putc.o)
                                0x45a (size before relaxing)
 .debug_str     0x000009df       0x4f /opt/altera/12.1sp1/nios2eds/bin/gnu/H-i686-pc-linux-gnu/bin/../lib/gcc/nios2-elf/4.1.2/../../../../nios2-elf/lib/mno-hw-mul/libsmallc.a(lib_a-writer.o)
                                0x456 (size before relaxing)
 .debug_str     0x00000a2e       0x40 /opt/altera/12.1sp1/nios2eds/bin/gnu/H-i686-pc-linux-gnu/bin/../lib/gcc/nios2-elf/4.1.2/../../../../nios2-elf/lib/mno-hw-mul/libsmallc.a(lib_a-int_errno.o)
                                0x17c (size before relaxing)
 .debug_str     0x00000a6e       0x37 /opt/altera/12.1sp1/nios2eds/bin/gnu/H-i686-pc-linux-gnu/bin/../lib/gcc/nios2-elf/4.1.2/mno-hw-mul/libgcc.a(lib2-mul.o)
                                0x17a (size before relaxing)
 .debug_str     0x00000aa5       0x12 ../count_binary_v4_bsp//libhal_bsp.a(alt_load.o)
 .debug_str     0x00000ab7       0x12 ../count_binary_v4_bsp//libhal_bsp.a(alt_main.o)
 .debug_str     0x00000ac9       0x12 ../count_binary_v4_bsp//libhal_bsp.a(alt_usleep.o)
 .debug_str     0x00000adb       0x12 ../count_binary_v4_bsp//libhal_bsp.a(alt_write.o)
 .debug_str     0x00000aed       0x12 ../count_binary_v4_bsp//libhal_bsp.a(alt_sys_init.o)
 .debug_str     0x00000aff       0x12 ../count_binary_v4_bsp//libhal_bsp.a(altera_avalon_jtag_uart_read.o)
 .debug_str     0x00000b11       0x12 ../count_binary_v4_bsp//libhal_bsp.a(altera_avalon_jtag_uart_write.o)
 .debug_str     0x00000b23       0x12 ../count_binary_v4_bsp//libhal_bsp.a(altera_avalon_timer_sc.o)
 .debug_str     0x00000b35       0x12 ../count_binary_v4_bsp//libhal_bsp.a(alt_busy_sleep.o)
 .debug_str     0x00000b47       0x12 ../count_binary_v4_bsp//libhal_bsp.a(alt_close.o)
 .debug_str     0x00000b59       0x12 ../count_binary_v4_bsp//libhal_bsp.a(alt_dcache_flush_all.o)
 .debug_str     0x00000b6b       0x12 ../count_binary_v4_bsp//libhal_bsp.a(alt_dev.o)
 .debug_str     0x00000b7d       0x12 ../count_binary_v4_bsp//libhal_bsp.a(alt_dev_llist_insert.o)
 .debug_str     0x00000b8f       0x12 ../count_binary_v4_bsp//libhal_bsp.a(alt_errno.o)
 .debug_str     0x00000ba1       0x12 ../count_binary_v4_bsp//libhal_bsp.a(alt_icache_flush_all.o)
 .debug_str     0x00000bb3       0x18 ../count_binary_v4_bsp//libhal_bsp.a(alt_iic.o)
 .debug_str     0x00000bcb       0x1a ../count_binary_v4_bsp//libhal_bsp.a(alt_iic_isr_register.o)
 .debug_str     0x00000be5       0x12 ../count_binary_v4_bsp//libhal_bsp.a(alt_io_redirect.o)
 .debug_str     0x00000bf7       0x12 ../count_binary_v4_bsp//libhal_bsp.a(alt_irq_handler.o)
 .debug_str     0x00000c09       0x12 ../count_binary_v4_bsp//libhal_bsp.a(alt_open.o)
 .debug_str     0x00000c1b       0x1a ../count_binary_v4_bsp//libhal_bsp.a(alt_tick.o)
 .debug_str     0x00000c35       0x12 ../count_binary_v4_bsp//libhal_bsp.a(altera_nios2_qsys_irq.o)
 .debug_str     0x00000c47       0x12 ../count_binary_v4_bsp//libhal_bsp.a(alt_find_dev.o)
 .debug_str     0x00000c59       0x12 ../count_binary_v4_bsp//libhal_bsp.a(alt_find_file.o)
 .debug_str     0x00000c6b       0x12 ../count_binary_v4_bsp//libhal_bsp.a(alt_get_fd.o)
 .debug_str     0x00000c7d       0x12 ../count_binary_v4_bsp//libhal_bsp.a(alt_icache_flush.o)
 .debug_str     0x00000c8f       0xe3 /opt/altera/12.1sp1/nios2eds/bin/gnu/H-i686-pc-linux-gnu/bin/../lib/gcc/nios2-elf/4.1.2/../../../../nios2-elf/lib/mno-hw-mul/libsmallc.a(lib_a-exit.o)
                                0x17d (size before relaxing)
 .debug_str     0x00000d72       0x45 /opt/altera/12.1sp1/nios2eds/bin/gnu/H-i686-pc-linux-gnu/bin/../lib/gcc/nios2-elf/4.1.2/../../../../nios2-elf/lib/mno-hw-mul/libsmallc.a(lib_a-memcmp.o)
                                0x183 (size before relaxing)
 .debug_str     0x00000db7       0x7e /opt/altera/12.1sp1/nios2eds/bin/gnu/H-i686-pc-linux-gnu/bin/../lib/gcc/nios2-elf/4.1.2/../../../../nios2-elf/lib/mno-hw-mul/libsmallc.a(lib_a-__call_atexit.o)
                                0x496 (size before relaxing)
 .debug_str     0x00000e35       0x1c ../count_binary_v4_bsp//libhal_bsp.a(alt_exit.o)

.debug_loc      0x00000000     0x1a21
 *(.debug_loc)
 .debug_loc     0x00000000      0x158 obj/default/count_binary.o
 .debug_loc     0x00000158      0x1d2 /opt/altera/12.1sp1/nios2eds/bin/gnu/H-i686-pc-linux-gnu/bin/../lib/gcc/nios2-elf/4.1.2/mno-hw-mul/libgcc.a(lib2-divmod.o)
 .debug_loc     0x0000032a       0x8d /opt/altera/12.1sp1/nios2eds/bin/gnu/H-i686-pc-linux-gnu/bin/../lib/gcc/nios2-elf/4.1.2/../../../../nios2-elf/lib/mno-hw-mul/libsmallc.a(lib_a-printf.o)
 .debug_loc     0x000003b7       0x44 /opt/altera/12.1sp1/nios2eds/bin/gnu/H-i686-pc-linux-gnu/bin/../lib/gcc/nios2-elf/4.1.2/../../../../nios2-elf/lib/mno-hw-mul/libsmallc.a(lib_a-putchar.o)
 .debug_loc     0x000003fb       0xa2 /opt/altera/12.1sp1/nios2eds/bin/gnu/H-i686-pc-linux-gnu/bin/../lib/gcc/nios2-elf/4.1.2/../../../../nios2-elf/lib/mno-hw-mul/libsmallc.a(lib_a-puts.o)
 .debug_loc     0x0000049d       0x1e /opt/altera/12.1sp1/nios2eds/bin/gnu/H-i686-pc-linux-gnu/bin/../lib/gcc/nios2-elf/4.1.2/../../../../nios2-elf/lib/mno-hw-mul/libsmallc.a(lib_a-strlen.o)
 .debug_loc     0x000004bb      0x878 /opt/altera/12.1sp1/nios2eds/bin/gnu/H-i686-pc-linux-gnu/bin/../lib/gcc/nios2-elf/4.1.2/../../../../nios2-elf/lib/mno-hw-mul/libsmallc.a(lib_a-vfprintf.o)
 .debug_loc     0x00000d33      0x162 /opt/altera/12.1sp1/nios2eds/bin/gnu/H-i686-pc-linux-gnu/bin/../lib/gcc/nios2-elf/4.1.2/../../../../nios2-elf/lib/mno-hw-mul/libsmallc.a(lib_a-fvwrite_small_dev.o)
 .debug_loc     0x00000e95       0xd4 /opt/altera/12.1sp1/nios2eds/bin/gnu/H-i686-pc-linux-gnu/bin/../lib/gcc/nios2-elf/4.1.2/../../../../nios2-elf/lib/mno-hw-mul/libsmallc.a(lib_a-putc.o)
 .debug_loc     0x00000f69       0x97 /opt/altera/12.1sp1/nios2eds/bin/gnu/H-i686-pc-linux-gnu/bin/../lib/gcc/nios2-elf/4.1.2/../../../../nios2-elf/lib/mno-hw-mul/libsmallc.a(lib_a-writer.o)
 .debug_loc     0x00001000       0x4f /opt/altera/12.1sp1/nios2eds/bin/gnu/H-i686-pc-linux-gnu/bin/../lib/gcc/nios2-elf/4.1.2/mno-hw-mul/libgcc.a(lib2-mul.o)
 .debug_loc     0x0000104f       0x56 ../count_binary_v4_bsp//libhal_bsp.a(alt_load.o)
 .debug_loc     0x000010a5       0x2b ../count_binary_v4_bsp//libhal_bsp.a(alt_main.o)
 .debug_loc     0x000010d0       0x2b ../count_binary_v4_bsp//libhal_bsp.a(alt_usleep.o)
 .debug_loc     0x000010fb       0x56 ../count_binary_v4_bsp//libhal_bsp.a(alt_write.o)
 .debug_loc     0x00001151       0x81 ../count_binary_v4_bsp//libhal_bsp.a(alt_sys_init.o)
 .debug_loc     0x000011d2       0x56 ../count_binary_v4_bsp//libhal_bsp.a(altera_avalon_jtag_uart_fd.o)
 .debug_loc     0x00001228       0x2b ../count_binary_v4_bsp//libhal_bsp.a(altera_avalon_jtag_uart_read.o)
 .debug_loc     0x00001253       0x2b ../count_binary_v4_bsp//libhal_bsp.a(altera_avalon_jtag_uart_write.o)
 .debug_loc     0x0000127e       0x56 ../count_binary_v4_bsp//libhal_bsp.a(altera_avalon_timer_sc.o)
 .debug_loc     0x000012d4       0x2b ../count_binary_v4_bsp//libhal_bsp.a(alt_busy_sleep.o)
 .debug_loc     0x000012ff       0x56 ../count_binary_v4_bsp//libhal_bsp.a(alt_close.o)
 .debug_loc     0x00001355       0x2b ../count_binary_v4_bsp//libhal_bsp.a(alt_dcache_flush_all.o)
 .debug_loc     0x00001380       0x2b ../count_binary_v4_bsp//libhal_bsp.a(alt_dev.o)
 .debug_loc     0x000013ab       0x56 ../count_binary_v4_bsp//libhal_bsp.a(alt_dev_llist_insert.o)
 .debug_loc     0x00001401       0x2b ../count_binary_v4_bsp//libhal_bsp.a(alt_icache_flush_all.o)
 .debug_loc     0x0000142c       0xac ../count_binary_v4_bsp//libhal_bsp.a(alt_iic.o)
 .debug_loc     0x000014d8       0x2b ../count_binary_v4_bsp//libhal_bsp.a(alt_iic_isr_register.o)
 .debug_loc     0x00001503       0x56 ../count_binary_v4_bsp//libhal_bsp.a(alt_io_redirect.o)
 .debug_loc     0x00001559       0x2b ../count_binary_v4_bsp//libhal_bsp.a(alt_irq_handler.o)
 .debug_loc     0x00001584       0x81 ../count_binary_v4_bsp//libhal_bsp.a(alt_open.o)
 .debug_loc     0x00001605       0x2b ../count_binary_v4_bsp//libhal_bsp.a(alt_release_fd.o)
 .debug_loc     0x00001630       0x56 ../count_binary_v4_bsp//libhal_bsp.a(alt_tick.o)
 .debug_loc     0x00001686       0x2b ../count_binary_v4_bsp//libhal_bsp.a(altera_nios2_qsys_irq.o)
 .debug_loc     0x000016b1       0x2b ../count_binary_v4_bsp//libhal_bsp.a(alt_find_dev.o)
 .debug_loc     0x000016dc       0x2b ../count_binary_v4_bsp//libhal_bsp.a(alt_find_file.o)
 .debug_loc     0x00001707       0x2b ../count_binary_v4_bsp//libhal_bsp.a(alt_get_fd.o)
 .debug_loc     0x00001732       0x2b ../count_binary_v4_bsp//libhal_bsp.a(alt_icache_flush.o)
 .debug_loc     0x0000175d       0x3d /opt/altera/12.1sp1/nios2eds/bin/gnu/H-i686-pc-linux-gnu/bin/../lib/gcc/nios2-elf/4.1.2/../../../../nios2-elf/lib/mno-hw-mul/libsmallc.a(lib_a-exit.o)
 .debug_loc     0x0000179a       0x70 /opt/altera/12.1sp1/nios2eds/bin/gnu/H-i686-pc-linux-gnu/bin/../lib/gcc/nios2-elf/4.1.2/../../../../nios2-elf/lib/mno-hw-mul/libsmallc.a(lib_a-memcmp.o)
 .debug_loc     0x0000180a      0x1c1 /opt/altera/12.1sp1/nios2eds/bin/gnu/H-i686-pc-linux-gnu/bin/../lib/gcc/nios2-elf/4.1.2/../../../../nios2-elf/lib/mno-hw-mul/libsmallc.a(lib_a-__call_atexit.o)
 .debug_loc     0x000019cb       0x56 ../count_binary_v4_bsp//libhal_bsp.a(alt_exit.o)

.debug_macinfo
 *(.debug_macinfo)

.debug_weaknames
 *(.debug_weaknames)

.debug_funcnames
 *(.debug_funcnames)

.debug_typenames
 *(.debug_typenames)

.debug_varnames
 *(.debug_varnames)

.debug_alt_sim_info
                0x00000000       0x50
 *(.debug_alt_sim_info)
 .debug_alt_sim_info
                0x00000000       0x20 ../count_binary_v4_bsp//obj/HAL/src/crt0.o
 .debug_alt_sim_info
                0x00000020       0x30 ../count_binary_v4_bsp//libhal_bsp.a(alt_busy_sleep.o)
                0x0010d000                __alt_data_end = 0x10d000
                0x0010d000                PROVIDE (__alt_stack_pointer, __alt_data_end)
                0x0010b3fc                PROVIDE (__alt_stack_limit, __alt_stack_base)
                0x0010b3fc                PROVIDE (__alt_heap_start, end)
                0x0010d000                PROVIDE (__alt_heap_limit, 0x10d000)
OUTPUT(count_binary_v4.elf elf32-littlenios2)

.debug_ranges   0x00000000      0x1d0
 .debug_ranges  0x00000000       0x20 ../count_binary_v4_bsp//obj/HAL/src/crt0.o
 .debug_ranges  0x00000020      0x140 /opt/altera/12.1sp1/nios2eds/bin/gnu/H-i686-pc-linux-gnu/bin/../lib/gcc/nios2-elf/4.1.2/../../../../nios2-elf/lib/mno-hw-mul/libsmallc.a(lib_a-vfprintf.o)
 .debug_ranges  0x00000160       0x28 ../count_binary_v4_bsp//libhal_bsp.a(alt_irq_entry.o)
 .debug_ranges  0x00000188       0x30 ../count_binary_v4_bsp//libhal_bsp.a(alt_exception_entry.o)
 .debug_ranges  0x000001b8       0x18 /opt/altera/12.1sp1/nios2eds/bin/gnu/H-i686-pc-linux-gnu/bin/../lib/gcc/nios2-elf/4.1.2/../../../../nios2-elf/lib/mno-hw-mul/libsmallc.a(lib_a-__call_atexit.o)
