Archive member included because of file (symbol)

/opt/altera/12.1sp1/nios2eds/bin/gnu/H-i686-pc-linux-gnu/bin/../lib/gcc/nios2-elf/4.1.2/mno-hw-mul/libgcc.a(_addsub_df.o)
                              obj/default/main.o (__adddf3)
/opt/altera/12.1sp1/nios2eds/bin/gnu/H-i686-pc-linux-gnu/bin/../lib/gcc/nios2-elf/4.1.2/mno-hw-mul/libgcc.a(_div_df.o)
                              obj/default/main.o (__divdf3)
/opt/altera/12.1sp1/nios2eds/bin/gnu/H-i686-pc-linux-gnu/bin/../lib/gcc/nios2-elf/4.1.2/mno-hw-mul/libgcc.a(_thenan_df.o)
                              /opt/altera/12.1sp1/nios2eds/bin/gnu/H-i686-pc-linux-gnu/bin/../lib/gcc/nios2-elf/4.1.2/mno-hw-mul/libgcc.a(_addsub_df.o) (__thenan_df)
/opt/altera/12.1sp1/nios2eds/bin/gnu/H-i686-pc-linux-gnu/bin/../lib/gcc/nios2-elf/4.1.2/mno-hw-mul/libgcc.a(_usi_to_df.o)
                              obj/default/main.o (__floatunsidf)
/opt/altera/12.1sp1/nios2eds/bin/gnu/H-i686-pc-linux-gnu/bin/../lib/gcc/nios2-elf/4.1.2/mno-hw-mul/libgcc.a(lib2-mul.o)
                              obj/default/main.o (__mulsi3)
/opt/altera/12.1sp1/nios2eds/bin/gnu/H-i686-pc-linux-gnu/bin/../lib/gcc/nios2-elf/4.1.2/mno-hw-mul/libgcc.a(_clzsi2.o)
                              /opt/altera/12.1sp1/nios2eds/bin/gnu/H-i686-pc-linux-gnu/bin/../lib/gcc/nios2-elf/4.1.2/mno-hw-mul/libgcc.a(_usi_to_df.o) (__clzsi2)
/opt/altera/12.1sp1/nios2eds/bin/gnu/H-i686-pc-linux-gnu/bin/../lib/gcc/nios2-elf/4.1.2/mno-hw-mul/libgcc.a(_pack_df.o)
                              /opt/altera/12.1sp1/nios2eds/bin/gnu/H-i686-pc-linux-gnu/bin/../lib/gcc/nios2-elf/4.1.2/mno-hw-mul/libgcc.a(_addsub_df.o) (__pack_d)
/opt/altera/12.1sp1/nios2eds/bin/gnu/H-i686-pc-linux-gnu/bin/../lib/gcc/nios2-elf/4.1.2/mno-hw-mul/libgcc.a(_unpack_df.o)
                              /opt/altera/12.1sp1/nios2eds/bin/gnu/H-i686-pc-linux-gnu/bin/../lib/gcc/nios2-elf/4.1.2/mno-hw-mul/libgcc.a(_addsub_df.o) (__unpack_d)
/opt/altera/12.1sp1/nios2eds/bin/gnu/H-i686-pc-linux-gnu/bin/../lib/gcc/nios2-elf/4.1.2/mno-hw-mul/libgcc.a(_clz.o)
                              /opt/altera/12.1sp1/nios2eds/bin/gnu/H-i686-pc-linux-gnu/bin/../lib/gcc/nios2-elf/4.1.2/mno-hw-mul/libgcc.a(_clzsi2.o) (__clz_tab)
/opt/altera/12.1sp1/nios2eds/bin/gnu/H-i686-pc-linux-gnu/bin/../lib/gcc/nios2-elf/4.1.2/../../../../nios2-elf/lib/mno-hw-mul/libc.a(lib_a-calloc.o)
                              obj/default/pgm.o (calloc)
/opt/altera/12.1sp1/nios2eds/bin/gnu/H-i686-pc-linux-gnu/bin/../lib/gcc/nios2-elf/4.1.2/../../../../nios2-elf/lib/mno-hw-mul/libc.a(lib_a-callocr.o)
                              /opt/altera/12.1sp1/nios2eds/bin/gnu/H-i686-pc-linux-gnu/bin/../lib/gcc/nios2-elf/4.1.2/../../../../nios2-elf/lib/mno-hw-mul/libc.a(lib_a-calloc.o) (_calloc_r)
/opt/altera/12.1sp1/nios2eds/bin/gnu/H-i686-pc-linux-gnu/bin/../lib/gcc/nios2-elf/4.1.2/../../../../nios2-elf/lib/mno-hw-mul/libc.a(lib_a-clock.o)
                              obj/default/main.o (clock)
/opt/altera/12.1sp1/nios2eds/bin/gnu/H-i686-pc-linux-gnu/bin/../lib/gcc/nios2-elf/4.1.2/../../../../nios2-elf/lib/mno-hw-mul/libc.a(lib_a-ctype_.o)
                              obj/default/pgm.o (__ctype_ptr)
/opt/altera/12.1sp1/nios2eds/bin/gnu/H-i686-pc-linux-gnu/bin/../lib/gcc/nios2-elf/4.1.2/../../../../nios2-elf/lib/mno-hw-mul/libc.a(lib_a-exit.o)
                              obj/default/pgm.o (exit)
/opt/altera/12.1sp1/nios2eds/bin/gnu/H-i686-pc-linux-gnu/bin/../lib/gcc/nios2-elf/4.1.2/../../../../nios2-elf/lib/mno-hw-mul/libc.a(lib_a-fclose.o)
                              obj/default/pgm.o (fclose)
/opt/altera/12.1sp1/nios2eds/bin/gnu/H-i686-pc-linux-gnu/bin/../lib/gcc/nios2-elf/4.1.2/../../../../nios2-elf/lib/mno-hw-mul/libc.a(lib_a-fflush.o)
                              /opt/altera/12.1sp1/nios2eds/bin/gnu/H-i686-pc-linux-gnu/bin/../lib/gcc/nios2-elf/4.1.2/../../../../nios2-elf/lib/mno-hw-mul/libc.a(lib_a-fclose.o) (_fflush_r)
/opt/altera/12.1sp1/nios2eds/bin/gnu/H-i686-pc-linux-gnu/bin/../lib/gcc/nios2-elf/4.1.2/../../../../nios2-elf/lib/mno-hw-mul/libc.a(lib_a-fgetc.o)
                              obj/default/pgm.o (fgetc)
/opt/altera/12.1sp1/nios2eds/bin/gnu/H-i686-pc-linux-gnu/bin/../lib/gcc/nios2-elf/4.1.2/../../../../nios2-elf/lib/mno-hw-mul/libc.a(lib_a-fgets.o)
                              obj/default/pgm.o (fgets)
/opt/altera/12.1sp1/nios2eds/bin/gnu/H-i686-pc-linux-gnu/bin/../lib/gcc/nios2-elf/4.1.2/../../../../nios2-elf/lib/mno-hw-mul/libc.a(lib_a-findfp.o)
                              /opt/altera/12.1sp1/nios2eds/bin/gnu/H-i686-pc-linux-gnu/bin/../lib/gcc/nios2-elf/4.1.2/../../../../nios2-elf/lib/mno-hw-mul/libc.a(lib_a-fclose.o) (__sfp_lock_acquire)
/opt/altera/12.1sp1/nios2eds/bin/gnu/H-i686-pc-linux-gnu/bin/../lib/gcc/nios2-elf/4.1.2/../../../../nios2-elf/lib/mno-hw-mul/libc.a(lib_a-fopen.o)
                              obj/default/pgm.o (fopen)
[...]
Memory Configuration

Name             Origin             Length             Attributes
sdram            0x00800000         0x00800000
reset            0x01080000         0x00000020
sram_0           0x01080020         0x0007ffe0
onchip_mem       0x01108000         0x00005000
*default*        0x00000000         0xffffffff

Linker script and memory map

LOAD ../gaussian_filter_base_bsp//obj/HAL/src/crt0.o
LOAD obj/default/main.o
LOAD obj/default/pgm.o
LOAD /opt/altera/12.1sp1/nios2eds/bin/gnu/H-i686-pc-linux-gnu/bin/../lib/gcc/nios2-elf/4.1.2/../../../../nios2-elf/lib/mno-hw-mul/libstdc++.a
LOAD /opt/altera/12.1sp1/nios2eds/bin/gnu/H-i686-pc-linux-gnu/bin/../lib/gcc/nios2-elf/4.1.2/../../../../nios2-elf/lib/mno-hw-mul/libm.a
LOAD /opt/altera/12.1sp1/nios2eds/bin/gnu/H-i686-pc-linux-gnu/bin/../lib/gcc/nios2-elf/4.1.2/mno-hw-mul/libgcc.a
START GROUP
LOAD /opt/altera/12.1sp1/nios2eds/bin/gnu/H-i686-pc-linux-gnu/bin/../lib/gcc/nios2-elf/4.1.2/../../../../nios2-elf/lib/mno-hw-mul/libc.a
LOAD /opt/altera/12.1sp1/nios2eds/bin/gnu/H-i686-pc-linux-gnu/bin/../lib/gcc/nios2-elf/4.1.2/mno-hw-mul/libgcc.a
LOAD ../gaussian_filter_base_bsp//libhal_bsp.a
END GROUP
LOAD /opt/altera/12.1sp1/nios2eds/bin/gnu/H-i686-pc-linux-gnu/bin/../lib/gcc/nios2-elf/4.1.2/mno-hw-mul/libgcc.a
                0x00800000                __alt_mem_sdram = 0x800000
                0x01080000                __alt_mem_sram_0 = 0x1080000
                0x01108000                __alt_mem_onchip_mem = 0x1108000

.entry          0x01080000       0x20
 *(.entry)
 .entry         0x01080000       0x20 ../gaussian_filter_base_bsp//obj/HAL/src/crt0.o
                0x01080000                __reset

.exceptions     0x01080020      0x194 load address 0x00800000
                0x01080020                PROVIDE (__ram_exceptions_start, ABSOLUTE (.))
                0x01080020                . = ALIGN (0x20)
 *(.irq)
 *(.exceptions.entry.label)
 .exceptions.entry.label
                0x01080020        0x0 ../gaussian_filter_base_bsp//libhal_bsp.a(alt_irq_entry.o)
                0x01080020                alt_irq_entry
 .exceptions.entry.label
                0x01080020        0x0 ../gaussian_filter_base_bsp//libhal_bsp.a(alt_exception_entry.o)
                0x01080020                alt_exception
 *(.exceptions.entry.user)
 *(.exceptions.entry)
 .exceptions.entry
                0x01080020       0x54 ../gaussian_filter_base_bsp//libhal_bsp.a(alt_exception_entry.o)
 *(.exceptions.irqtest.user)
 *(.exceptions.irqtest)
 .exceptions.irqtest
                0x01080074       0x10 ../gaussian_filter_base_bsp//libhal_bsp.a(alt_irq_entry.o)
 *(.exceptions.irqhandler.user)
 *(.exceptions.irqhandler)
 .exceptions.irqhandler
                0x01080084        0x4 ../gaussian_filter_base_bsp//libhal_bsp.a(alt_irq_entry.o)
 *(.exceptions.irqreturn.user)
 *(.exceptions.irqreturn)
 .exceptions.irqreturn
                0x01080088        0x4 ../gaussian_filter_base_bsp//libhal_bsp.a(alt_irq_entry.o)
 *(.exceptions.notirq.label)
 .exceptions.notirq.label
                0x0108008c        0x0 ../gaussian_filter_base_bsp//libhal_bsp.a(alt_irq_entry.o)
 *(.exceptions.notirq.user)
 *(.exceptions.notirq)
 .exceptions.notirq
                0x0108008c        0x8 ../gaussian_filter_base_bsp//libhal_bsp.a(alt_exception_entry.o)
 *(.exceptions.soft.user)
 *(.exceptions.soft)
 *(.exceptions.unknown.user)
 *(.exceptions.unknown)
 .exceptions.unknown
                0x01080094        0x4 ../gaussian_filter_base_bsp//libhal_bsp.a(alt_exception_entry.o)
 *(.exceptions.exit.label)
 .exceptions.exit.label
                0x01080098        0x0 ../gaussian_filter_base_bsp//libhal_bsp.a(alt_irq_entry.o)
 .exceptions.exit.label
                0x01080098        0x0 ../gaussian_filter_base_bsp//libhal_bsp.a(alt_exception_entry.o)
 *(.exceptions.exit.user)
 *(.exceptions.exit)
 .exceptions.exit
                0x01080098       0x54 ../gaussian_filter_base_bsp//libhal_bsp.a(alt_exception_entry.o)
 *(.exceptions)
 .exceptions    0x010800ec       0xc8 ../gaussian_filter_base_bsp//libhal_bsp.a(alt_irq_handler.o)
                0x010800ec                alt_irq_handler
                0x010801b4                PROVIDE (__ram_exceptions_end, ABSOLUTE (.))
                0x00800000                PROVIDE (__flash_exceptions_start, LOADADDR (.exceptions))

.text           0x00800194    0x14990
                0x00800194                PROVIDE (stext, ABSOLUTE (.))
 *(.interp)
 *(.hash)
 *(.dynsym)
 *(.dynstr)
 *(.gnu.version)
 *(.gnu.version_d)
 *(.gnu.version_r)
 *(.rel.init)
 *(.rela.init)
 *(.rel.text .rel.text.* .rel.gnu.linkonce.t.*)
 *(.rela.text .rela.text.* .rela.gnu.linkonce.t.*)
 *(.rel.fini)
 *(.rela.fini)
 *(.rel.rodata .rel.rodata.* .rel.gnu.linkonce.r.*)
 *(.rela.rodata .rela.rodata.* .rela.gnu.linkonce.r.*)
 *(.rel.data .rel.data.* .rel.gnu.linkonce.d.*)
 *(.rela.data .rela.data.* .rela.gnu.linkonce.d.*)
 *(.rel.tdata .rel.tdata.* .rel.gnu.linkonce.td.*)
 *(.rela.tdata .rela.tdata.* .rela.gnu.linkonce.td.*)
 *(.rel.tbss .rel.tbss.* .rel.gnu.linkonce.tb.*)
 *(.rela.tbss .rela.tbss.* .rela.gnu.linkonce.tb.*)
 *(.rel.ctors)
 *(.rela.ctors)
 *(.rel.dtors)
 *(.rela.dtors)
 *(.rel.got)
 *(.rela.got)
 *(.rel.sdata .rel.sdata.* .rel.gnu.linkonce.s.*)
 *(.rela.sdata .rela.sdata.* .rela.gnu.linkonce.s.*)
 *(.rel.sbss .rel.sbss.* .rel.gnu.linkonce.sb.*)
 *(.rela.sbss .rela.sbss.* .rela.gnu.linkonce.sb.*)
 *(.rel.sdata2 .rel.sdata2.* .rel.gnu.linkonce.s2.*)
 *(.rela.sdata2 .rela.sdata2.* .rela.gnu.linkonce.s2.*)
 *(.rel.sbss2 .rel.sbss2.* .rel.gnu.linkonce.sb2.*)
 *(.rela.sbss2 .rela.sbss2.* .rela.gnu.linkonce.sb2.*)
 *(.rel.bss .rel.bss.* .rel.gnu.linkonce.b.*)
 *(.rela.bss .rela.bss.* .rela.gnu.linkonce.b.*)
 *(.rel.plt)
 *(.rela.plt)
 *(.rel.dyn)
 *(.init)
 *(.plt)
 *(.text .stub .text.* .gnu.linkonce.t.*)
 .text          0x00800194       0x3c ../gaussian_filter_base_bsp//obj/HAL/src/crt0.o
                0x00800194                _start
 .text          0x008001d0      0x570 obj/default/main.o
                0x008001d0                gaussian_filter
                0x00800564                main
 .text          0x00800740     0x1670 obj/default/pgm.o
                0x00800740                readToWhitespace
                0x00800804                eatCommsWhitespaces
                0x008008ac                eatWhitespaces
                0x00800948                eatComments
                0x008009cc                pgmread
                0x00800e10                pgmwrite
                0x00801144                pgmread2
                0x008015d8                pgmwrite2
                0x0080192c                ppmwrite2
 .text          0x00801db0      0x504 /opt/altera/12.1sp1/nios2eds/bin/gnu/H-i686-pc-linux-gnu/bin/../lib/gcc/nios2-elf/4.1.2/mno-hw-mul/libgcc.a(_addsub_df.o)
                0x008021c0                __subdf3
                0x00802240                __adddf3
 .text          0x008022b4      0x258 /opt/altera/12.1sp1/nios2eds/bin/gnu/H-i686-pc-linux-gnu/bin/../lib/gcc/nios2-elf/4.1.2/mno-hw-mul/libgcc.a(_div_df.o)
                0x008022b4                __divdf3
 .text          0x0080250c        0x0 /opt/altera/12.1sp1/nios2eds/bin/gnu/H-i686-pc-linux-gnu/bin/../lib/gcc/nios2-elf/4.1.2/mno-hw-mul/libgcc.a(_thenan_df.o)
 .text          0x0080250c      0x194 /opt/altera/12.1sp1/nios2eds/bin/gnu/H-i686-pc-linux-gnu/bin/../lib/gcc/nios2-elf/4.1.2/mno-hw-mul/libgcc.a(_usi_to_df.o)
                0x0080250c                __floatunsidf
 .text          0x008026a0       0x38 /opt/altera/12.1sp1/nios2eds/bin/gnu/H-i686-pc-linux-gnu/bin/../lib/gcc/nios2-elf/4.1.2/mno-hw-mul/libgcc.a(lib2-mul.o)
                0x008026a0                __mulsi3
 .text          0x008026d8       0x80 /opt/altera/12.1sp1/nios2eds/bin/gnu/H-i686-pc-linux-gnu/bin/../lib/gcc/nios2-elf/4.1.2/mno-hw-mul/libgcc.a(_clzsi2.o)
                0x008026d8                __clzsi2
 .text          0x00802758      0x314 /opt/altera/12.1sp1/nios2eds/bin/gnu/H-i686-pc-linux-gnu/bin/../lib/gcc/nios2-elf/4.1.2/mno-hw-mul/libgcc.a(_pack_df.o)
                0x00802758                __pack_d
 .text          0x00802a6c      0x138 /opt/altera/12.1sp1/nios2eds/bin/gnu/H-i686-pc-linux-gnu/bin/../lib/gcc/nios2-elf/4.1.2/mno-hw-mul/libgcc.a(_unpack_df.o)
                0x00802a6c                __unpack_d
 .text          0x00802ba4        0x0 /opt/altera/12.1sp1/nios2eds/bin/gnu/H-i686-pc-linux-gnu/bin/../lib/gcc/nios2-elf/4.1.2/mno-hw-mul/libgcc.a(_clz.o)
 .text          0x00802ba4       0x1c /opt/altera/12.1sp1/nios2eds/bin/gnu/H-i686-pc-linux-gnu/bin/../lib/gcc/nios2-elf/4.1.2/../../../../nios2-elf/lib/mno-hw-mul/libc.a(lib_a-calloc.o)
                0x00802ba4                calloc
 .text          0x00802bc0       0xc8 /opt/altera/12.1sp1/nios2eds/bin/gnu/H-i686-pc-linux-gnu/bin/../lib/gcc/nios2-elf/4.1.2/../../../../nios2-elf/lib/mno-hw-mul/libc.a(lib_a-callocr.o)
                0x00802bc0                _calloc_r
 .text          0x00802c88       0x54 /opt/altera/12.1sp1/nios2eds/bin/gnu/H-i686-pc-linux-gnu/bin/../lib/gcc/nios2-elf/4.1.2/../../../../nios2-elf/lib/mno-hw-mul/libc.a(lib_a-clock.o)
                0x00802c88                clock
 .text          0x00802cdc        0x0 /opt/altera/12.1sp1/nios2eds/bin/gnu/H-i686-pc-linux-gnu/bin/../lib/gcc/nios2-elf/4.1.2/../../../../nios2-elf/lib/mno-hw-mul/libc.a(lib_a-ctype_.o)
 .text          0x00802cdc       0x38 /opt/altera/12.1sp1/nios2eds/bin/gnu/H-i686-pc-linux-gnu/bin/../lib/gcc/nios2-elf/4.1.2/../../../../nios2-elf/lib/mno-hw-mul/libc.a(lib_a-exit.o)
                0x00802cdc                exit
 .text          0x00802d14      0x124 /opt/altera/12.1sp1/nios2eds/bin/gnu/H-i686-pc-linux-gnu/bin/../lib/gcc/nios2-elf/4.1.2/../../../../nios2-elf/lib/mno-hw-mul/libc.a(lib_a-fclose.o)
                0x00802d14                _fclose_r
                0x00802e24                fclose
 .text          0x00802e38      0x230 /opt/altera/12.1sp1/nios2eds/bin/gnu/H-i686-pc-linux-gnu/bin/../lib/gcc/nios2-elf/4.1.2/../../../../nios2-elf/lib/mno-hw-mul/libc.a(lib_a-fflush.o)
                0x00802e38                _fflush_r
                0x00803034                fflush
 .text          0x00803068      0x128 /opt/altera/12.1sp1/nios2eds/bin/gnu/H-i686-pc-linux-gnu/bin/../lib/gcc/nios2-elf/4.1.2/../../../../nios2-elf/lib/mno-hw-mul/libc.a(lib_a-fgetc.o)
                0x00803068                fgetc
                0x00803100                _fgetc_r
 .text          0x00803190      0x16c /opt/altera/12.1sp1/nios2eds/bin/gnu/H-i686-pc-linux-gnu/bin/../lib/gcc/nios2-elf/4.1.2/../../../../nios2-elf/lib/mno-hw-mul/libc.a(lib_a-fgets.o)
                0x00803190                _fgets_r
                0x008032d8                fgets
 .text          0x008032fc      0x2f4 /opt/altera/12.1sp1/nios2eds/bin/gnu/H-i686-pc-linux-gnu/bin/../lib/gcc/nios2-elf/4.1.2/../../../../nios2-elf/lib/mno-hw-mul/libc.a(lib_a-findfp.o)
                0x00803354                __sfp_lock_acquire
                0x00803358                __sfp_lock_release
                0x0080335c                __sinit_lock_acquire
                0x00803360                __sinit_lock_release
                0x00803364                __sinit
                0x00803418                __fp_unlock_all
                0x00803430                __fp_lock_all
                0x00803448                _cleanup_r
                0x00803454                _cleanup
                0x00803464                __sfmoreglue
                0x00803500                __sfp
 .text          0x008035f0      0x110 /opt/altera/12.1sp1/nios2eds/bin/gnu/H-i686-pc-linux-gnu/bin/../lib/gcc/nios2-elf/4.1.2/../../../../nios2-elf/lib/mno-hw-mul/libc.a(lib_a-fopen.o)
                0x008035f0                _fopen_r
                0x008036e4                fopen
 .text          0x00803700       0x60 /opt/altera/12.1sp1/nios2eds/bin/gnu/H-i686-pc-linux-gnu/bin/../lib/gcc/nios2-elf/4.1.2/../../../../nios2-elf/lib/mno-hw-mul/libc.a(lib_a-fprintf.o)
                0x00803700                fprintf
                0x0080372c                _fprintf_r
 .text          0x00803760      0x24c /opt/altera/12.1sp1/nios2eds/bin/gnu/H-i686-pc-linux-gnu/bin/../lib/gcc/nios2-elf/4.1.2/../../../../nios2-elf/lib/mno-hw-mul/libc.a(lib_a-fread.o)
                0x00803760                _fread_r
                0x0080396c                fread
 .text          0x008039ac      0x440 /opt/altera/12.1sp1/nios2eds/bin/gnu/H-i686-pc-linux-gnu/bin/../lib/gcc/nios2-elf/4.1.2/../../../../nios2-elf/lib/mno-hw-mul/libc.a(lib_a-freer.o)
                0x008039ac                _malloc_trim_r
                0x00803ad8                _free_r
 .text          0x00803dec       0x6c /opt/altera/12.1sp1/nios2eds/bin/gnu/H-i686-pc-linux-gnu/bin/../lib/gcc/nios2-elf/4.1.2/../../../../nios2-elf/lib/mno-hw-mul/libc.a(lib_a-fscanf.o)
                0x00803dec                _fscanf_r
                0x00803e14                fscanf
 .text          0x00803e58      0x460 /opt/altera/12.1sp1/nios2eds/bin/gnu/H-i686-pc-linux-gnu/bin/../lib/gcc/nios2-elf/4.1.2/../../../../nios2-elf/lib/mno-hw-mul/libc.a(lib_a-fseek.o)
                0x00803e58                _fseek_r
                0x00804294                fseek
 .text          0x008042b8       0x74 /opt/altera/12.1sp1/nios2eds/bin/gnu/H-i686-pc-linux-gnu/bin/../lib/gcc/nios2-elf/4.1.2/../../../../nios2-elf/lib/mno-hw-mul/libc.a(lib_a-fstatr.o)
                0x008042b8                _fstat_r
 .text          0x0080432c      0x180 /opt/altera/12.1sp1/nios2eds/bin/gnu/H-i686-pc-linux-gnu/bin/../lib/gcc/nios2-elf/4.1.2/../../../../nios2-elf/lib/mno-hw-mul/libc.a(lib_a-fwalk.o)
                0x0080432c                _fwalk_reent
                0x008043f4                _fwalk
 .text          0x008044ac       0xec /opt/altera/12.1sp1/nios2eds/bin/gnu/H-i686-pc-linux-gnu/bin/../lib/gcc/nios2-elf/4.1.2/../../../../nios2-elf/lib/mno-hw-mul/libc.a(lib_a-fwrite.o)
                0x008044ac                _fwrite_r
                0x00804558                fwrite
 .text          0x00804598        0x0 /opt/altera/12.1sp1/nios2eds/bin/gnu/H-i686-pc-linux-gnu/bin/../lib/gcc/nios2-elf/4.1.2/../../../../nios2-elf/lib/mno-hw-mul/libc.a(lib_a-impure.o)
 .text          0x00804598        0x0 /opt/altera/12.1sp1/nios2eds/bin/gnu/H-i686-pc-linux-gnu/bin/../lib/gcc/nios2-elf/4.1.2/../../../../nios2-elf/lib/mno-hw-mul/libc.a(lib_a-int_errno.o)
 .text          0x00804598      0x194 /opt/altera/12.1sp1/nios2eds/bin/gnu/H-i686-pc-linux-gnu/bin/../lib/gcc/nios2-elf/4.1.2/../../../../nios2-elf/lib/mno-hw-mul/libc.a(lib_a-makebuf.o)
                0x00804598                __smakebuf_r
 .text          0x0080472c       0x28 /opt/altera/12.1sp1/nios2eds/bin/gnu/H-i686-pc-linux-gnu/bin/../lib/gcc/nios2-elf/4.1.2/../../../../nios2-elf/lib/mno-hw-mul/libc.a(lib_a-malloc.o)
                0x0080472c                free
                0x00804740                malloc
 .text          0x00804754      0x740 /opt/altera/12.1sp1/nios2eds/bin/gnu/H-i686-pc-linux-gnu/bin/../lib/gcc/nios2-elf/4.1.2/../../../../nios2-elf/lib/mno-hw-mul/libc.a(lib_a-mallocr.o)
                0x00804754                _malloc_r
 .text          0x00804e94       0xe4 /opt/altera/12.1sp1/nios2eds/bin/gnu/H-i686-pc-linux-gnu/bin/../lib/gcc/nios2-elf/4.1.2/../../../../nios2-elf/lib/mno-hw-mul/libc.a(lib_a-memchr.o)
                0x00804e94                memchr
 .text          0x00804f78       0xa0 /opt/altera/12.1sp1/nios2eds/bin/gnu/H-i686-pc-linux-gnu/bin/../lib/gcc/nios2-elf/4.1.2/../../../../nios2-elf/lib/mno-hw-mul/libc.a(lib_a-memcpy.o)
                0x00804f78                memcpy
 .text          0x00805018       0x98 /opt/altera/12.1sp1/nios2eds/bin/gnu/H-i686-pc-linux-gnu/bin/../lib/gcc/nios2-elf/4.1.2/../../../../nios2-elf/lib/mno-hw-mul/libc.a(lib_a-memset.o)
                0x00805018                memset
 .text          0x008050b0       0x78 /opt/altera/12.1sp1/nios2eds/bin/gnu/H-i686-pc-linux-gnu/bin/../lib/gcc/nios2-elf/4.1.2/../../../../nios2-elf/lib/mno-hw-mul/libc.a(lib_a-openr.o)
                0x008050b0                _open_r
 .text          0x00805128       0x78 /opt/altera/12.1sp1/nios2eds/bin/gnu/H-i686-pc-linux-gnu/bin/../lib/gcc/nios2-elf/4.1.2/../../../../nios2-elf/lib/mno-hw-mul/libc.a(lib_a-printf.o)
                0x00805128                printf
                0x0080516c                _printf_r
 .text          0x008051a0       0xb4 /opt/altera/12.1sp1/nios2eds/bin/gnu/H-i686-pc-linux-gnu/bin/../lib/gcc/nios2-elf/4.1.2/../../../../nios2-elf/lib/mno-hw-mul/libc.a(lib_a-puts.o)
                0x008051a0                _puts_r
                0x00805240                puts
 .text          0x00805254      0x1e0 /opt/altera/12.1sp1/nios2eds/bin/gnu/H-i686-pc-linux-gnu/bin/../lib/gcc/nios2-elf/4.1.2/../../../../nios2-elf/lib/mno-hw-mul/libc.a(lib_a-refill.o)
                0x00805254                __srefill_r
 .text          0x00805434       0x60 /opt/altera/12.1sp1/nios2eds/bin/gnu/H-i686-pc-linux-gnu/bin/../lib/gcc/nios2-elf/4.1.2/../../../../nios2-elf/lib/mno-hw-mul/libc.a(lib_a-rget.o)
                0x00805434                __srget_r
                0x00805480                __srget
 .text          0x00805494       0x70 /opt/altera/12.1sp1/nios2eds/bin/gnu/H-i686-pc-linux-gnu/bin/../lib/gcc/nios2-elf/4.1.2/../../../../nios2-elf/lib/mno-hw-mul/libc.a(lib_a-sbrkr.o)
                0x00805494                _sbrk_r
 .text          0x00805504      0x114 /opt/altera/12.1sp1/nios2eds/bin/gnu/H-i686-pc-linux-gnu/bin/../lib/gcc/nios2-elf/4.1.2/../../../../nios2-elf/lib/mno-hw-mul/libc.a(lib_a-sscanf.o)
                0x0080550c                _sscanf_r
                0x00805594                sscanf
 .text          0x00805618      0x14c /opt/altera/12.1sp1/nios2eds/bin/gnu/H-i686-pc-linux-gnu/bin/../lib/gcc/nios2-elf/4.1.2/../../../../nios2-elf/lib/mno-hw-mul/libc.a(lib_a-stdio.o)
                0x00805618                __sclose
                0x00805620                __sseek
                0x00805688                __swrite
                0x00805704                __sread
 .text          0x00805764       0x74 /opt/altera/12.1sp1/nios2eds/bin/gnu/H-i686-pc-linux-gnu/bin/../lib/gcc/nios2-elf/4.1.2/../../../../nios2-elf/lib/mno-hw-mul/libc.a(lib_a-strlen.o)
                0x00805764                strlen
 .text          0x008057d8       0xf0 /opt/altera/12.1sp1/nios2eds/bin/gnu/H-i686-pc-linux-gnu/bin/../lib/gcc/nios2-elf/4.1.2/../../../../nios2-elf/lib/mno-hw-mul/libc.a(lib_a-strncmp.o)
                0x008057d8                strncmp
 .text          0x008058c8        0x8 /opt/altera/12.1sp1/nios2eds/bin/gnu/H-i686-pc-linux-gnu/bin/../lib/gcc/nios2-elf/4.1.2/../../../../nios2-elf/lib/mno-hw-mul/libc.a(lib_a-timesr.o)
                0x008058c8                _times_r
 .text          0x008058d0      0x294 /opt/altera/12.1sp1/nios2eds/bin/gnu/H-i686-pc-linux-gnu/bin/../lib/gcc/nios2-elf/4.1.2/../../../../nios2-elf/lib/mno-hw-mul/libc.a(lib_a-ungetc.o)
                0x008058d0                __submore
                0x008059ac                _ungetc_r
                0x00805b48                ungetc
 .text          0x00805b64     0x1f40 /opt/altera/12.1sp1/nios2eds/bin/gnu/H-i686-pc-linux-gnu/bin/../lib/gcc/nios2-elf/4.1.2/../../../../nios2-elf/lib/mno-hw-mul/libc.a(lib_a-vfprintf.o)
                0x00805bbc                ___vfprintf_internal_r
                0x00807a80                __vfprintf_internal
 .text          0x00807aa4     0x1788 /opt/altera/12.1sp1/nios2eds/bin/gnu/H-i686-pc-linux-gnu/bin/../lib/gcc/nios2-elf/4.1.2/../../../../nios2-elf/lib/mno-hw-mul/libc.a(lib_a-vfscanf.o)
                0x00807aa4                __svfscanf_r
                0x0080912c                __svfscanf
                0x00809150                _vfscanf_r
                0x008091b8                vfscanf
 .text          0x0080922c       0x78 /opt/altera/12.1sp1/nios2eds/bin/gnu/H-i686-pc-linux-gnu/bin/../lib/gcc/nios2-elf/4.1.2/../../../../nios2-elf/lib/mno-hw-mul/libc.a(lib_a-writer.o)
                0x0080922c                _write_r
 .text          0x008092a4      0x13c /opt/altera/12.1sp1/nios2eds/bin/gnu/H-i686-pc-linux-gnu/bin/../lib/gcc/nios2-elf/4.1.2/../../../../nios2-elf/lib/mno-hw-mul/libc.a(lib_a-wsetup.o)
                0x008092a4                __swsetup_r
 .text          0x008093e0      0x1b4 /opt/altera/12.1sp1/nios2eds/bin/gnu/H-i686-pc-linux-gnu/bin/../lib/gcc/nios2-elf/4.1.2/../../../../nios2-elf/lib/mno-hw-mul/libc.a(lib_a-__call_atexit.o)
                0x008093e4                __call_exitprocs
 .text          0x00809594       0x70 /opt/altera/12.1sp1/nios2eds/bin/gnu/H-i686-pc-linux-gnu/bin/../lib/gcc/nios2-elf/4.1.2/../../../../nios2-elf/lib/mno-hw-mul/libc.a(lib_a-closer.o)
                0x00809594                _close_r
 .text          0x00809604     0x17f8 /opt/altera/12.1sp1/nios2eds/bin/gnu/H-i686-pc-linux-gnu/bin/../lib/gcc/nios2-elf/4.1.2/../../../../nios2-elf/lib/mno-hw-mul/libc.a(lib_a-dtoa.o)
                0x00809848                _dtoa_r
 .text          0x0080adfc       0xa0 /opt/altera/12.1sp1/nios2eds/bin/gnu/H-i686-pc-linux-gnu/bin/../lib/gcc/nios2-elf/4.1.2/../../../../nios2-elf/lib/mno-hw-mul/libc.a(lib_a-flags.o)
                0x0080adfc                __sflags
 .text          0x0080ae9c      0x49c /opt/altera/12.1sp1/nios2eds/bin/gnu/H-i686-pc-linux-gnu/bin/../lib/gcc/nios2-elf/4.1.2/../../../../nios2-elf/lib/mno-hw-mul/libc.a(lib_a-fvwrite.o)
                0x0080ae9c                __sfvwrite_r
 .text          0x0080b338       0x70 /opt/altera/12.1sp1/nios2eds/bin/gnu/H-i686-pc-linux-gnu/bin/../lib/gcc/nios2-elf/4.1.2/../../../../nios2-elf/lib/mno-hw-mul/libc.a(lib_a-isattyr.o)
                0x0080b338                _isatty_r
 .text          0x0080b3a8       0x2c /opt/altera/12.1sp1/nios2eds/bin/gnu/H-i686-pc-linux-gnu/bin/../lib/gcc/nios2-elf/4.1.2/../../../../nios2-elf/lib/mno-hw-mul/libc.a(lib_a-iswspace.o)
                0x0080b3a8                iswspace
 .text          0x0080b3d4       0xc4 /opt/altera/12.1sp1/nios2eds/bin/gnu/H-i686-pc-linux-gnu/bin/../lib/gcc/nios2-elf/4.1.2/../../../../nios2-elf/lib/mno-hw-mul/libc.a(lib_a-locale.o)
                0x0080b3d4                __locale_charset
                0x0080b3dc                _localeconv_r
                0x0080b3e8                localeconv
                0x0080b3f8                _setlocale_r
                0x0080b47c                setlocale
 .text          0x0080b498       0x78 /opt/altera/12.1sp1/nios2eds/bin/gnu/H-i686-pc-linux-gnu/bin/../lib/gcc/nios2-elf/4.1.2/../../../../nios2-elf/lib/mno-hw-mul/libc.a(lib_a-lseekr.o)
                0x0080b498                _lseek_r
 .text          0x0080b510       0xc0 /opt/altera/12.1sp1/nios2eds/bin/gnu/H-i686-pc-linux-gnu/bin/../lib/gcc/nios2-elf/4.1.2/../../../../nios2-elf/lib/mno-hw-mul/libc.a(lib_a-mbrtowc.o)
                0x0080b510                _mbrtowc_r
                0x0080b590                mbrtowc
 .text          0x0080b5d0       0x40 /opt/altera/12.1sp1/nios2eds/bin/gnu/H-i686-pc-linux-gnu/bin/../lib/gcc/nios2-elf/4.1.2/../../../../nios2-elf/lib/mno-hw-mul/libc.a(lib_a-mbtowc_r.o)
                0x0080b5d0                _mbtowc_r
 .text          0x0080b610       0xe0 /opt/altera/12.1sp1/nios2eds/bin/gnu/H-i686-pc-linux-gnu/bin/../lib/gcc/nios2-elf/4.1.2/../../../../nios2-elf/lib/mno-hw-mul/libc.a(lib_a-memmove.o)
                0x0080b610                memmove
 .text          0x0080b6f0     0x108c /opt/altera/12.1sp1/nios2eds/bin/gnu/H-i686-pc-linux-gnu/bin/../lib/gcc/nios2-elf/4.1.2/../../../../nios2-elf/lib/mno-hw-mul/libc.a(lib_a-mprec.o)
                0x0080b6f0                _Bfree
                0x0080b718                __hi0bits
                0x0080b788                __lo0bits
                0x0080b84c                __mcmp
                0x0080b8ac                __ulp
                0x0080b92c                __b2d
                0x0080ba4c                __ratio
                0x0080bafc                _mprec_log10
                0x0080bb90                __copybits
                0x0080bbe8                __any_on
                0x0080bc70                _Balloc
                0x0080bd2c                __d2b
                0x0080bea8                __mdiff
                0x0080c034                __lshift
                0x0080c180                __multiply
                0x0080c3d4                __i2b
                0x0080c410                __multadd
                0x0080c53c                __pow5mult
                0x0080c65c                __s2b
 .text          0x0080c77c       0x78 /opt/altera/12.1sp1/nios2eds/bin/gnu/H-i686-pc-linux-gnu/bin/../lib/gcc/nios2-elf/4.1.2/../../../../nios2-elf/lib/mno-hw-mul/libc.a(lib_a-readr.o)
                0x0080c77c                _read_r
 .text          0x0080c7f4      0x5f4 /opt/altera/12.1sp1/nios2eds/bin/gnu/H-i686-pc-linux-gnu/bin/../lib/gcc/nios2-elf/4.1.2/../../../../nios2-elf/lib/mno-hw-mul/libc.a(lib_a-reallocr.o)
                0x0080c7f4                _realloc_r
 .text          0x0080cde8       0x40 /opt/altera/12.1sp1/nios2eds/bin/gnu/H-i686-pc-linux-gnu/bin/../lib/gcc/nios2-elf/4.1.2/../../../../nios2-elf/lib/mno-hw-mul/libc.a(lib_a-s_isinfd.o)
                0x0080cde8                __isinfd
 .text          0x0080ce28       0x30 /opt/altera/12.1sp1/nios2eds/bin/gnu/H-i686-pc-linux-gnu/bin/../lib/gcc/nios2-elf/4.1.2/../../../../nios2-elf/lib/mno-hw-mul/libc.a(lib_a-s_isnand.o)
                0x0080ce28                __isnand
 .text          0x0080ce58       0xc0 /opt/altera/12.1sp1/nios2eds/bin/gnu/H-i686-pc-linux-gnu/bin/../lib/gcc/nios2-elf/4.1.2/../../../../nios2-elf/lib/mno-hw-mul/libc.a(lib_a-sccl.o)
                0x0080ce58                __sccl
 .text          0x0080cf18        0x8 /opt/altera/12.1sp1/nios2eds/bin/gnu/H-i686-pc-linux-gnu/bin/../lib/gcc/nios2-elf/4.1.2/../../../../nios2-elf/lib/mno-hw-mul/libc.a(lib_a-sf_nan.o)
                0x0080cf18                nanf
 .text          0x0080cf20       0xd4 /opt/altera/12.1sp1/nios2eds/bin/gnu/H-i686-pc-linux-gnu/bin/../lib/gcc/nios2-elf/4.1.2/../../../../nios2-elf/lib/mno-hw-mul/libc.a(lib_a-sprintf.o)
                0x0080cf20                sprintf
                0x0080cf94                _sprintf_r
 .text          0x0080cff4       0xbc /opt/altera/12.1sp1/nios2eds/bin/gnu/H-i686-pc-linux-gnu/bin/../lib/gcc/nios2-elf/4.1.2/../../../../nios2-elf/lib/mno-hw-mul/libc.a(lib_a-strcmp.o)
                0x0080cff4                strcmp
 .text          0x0080d0b0     0x1754 /opt/altera/12.1sp1/nios2eds/bin/gnu/H-i686-pc-linux-gnu/bin/../lib/gcc/nios2-elf/4.1.2/../../../../nios2-elf/lib/mno-hw-mul/libc.a(lib_a-strtod.o)
                0x0080d0f8                _strtod_r
                0x0080e6c4                strtof
                0x0080e7e8                strtod
 .text          0x0080e804      0x274 /opt/altera/12.1sp1/nios2eds/bin/gnu/H-i686-pc-linux-gnu/bin/../lib/gcc/nios2-elf/4.1.2/../../../../nios2-elf/lib/mno-hw-mul/libc.a(lib_a-strtol.o)
                0x0080e804                _strtol_r
                0x0080ea54                strtol
 .text          0x0080ea78      0x318 /opt/altera/12.1sp1/nios2eds/bin/gnu/H-i686-pc-linux-gnu/bin/../lib/gcc/nios2-elf/4.1.2/../../../../nios2-elf/lib/mno-hw-mul/libc.a(lib_a-strtoll_r.o)
                0x0080ea78                _strtoll_r
 .text          0x0080ed90      0x264 /opt/altera/12.1sp1/nios2eds/bin/gnu/H-i686-pc-linux-gnu/bin/../lib/gcc/nios2-elf/4.1.2/../../../../nios2-elf/lib/mno-hw-mul/libc.a(lib_a-strtoul.o)
                0x0080ed90                _strtoul_r
                0x0080efd0                strtoul
 .text          0x0080eff4      0x2f0 /opt/altera/12.1sp1/nios2eds/bin/gnu/H-i686-pc-linux-gnu/bin/../lib/gcc/nios2-elf/4.1.2/../../../../nios2-elf/lib/mno-hw-mul/libc.a(lib_a-strtoull_r.o)
                0x0080eff4                _strtoull_r
 .text          0x0080f2e4      0x938 /opt/altera/12.1sp1/nios2eds/bin/gnu/H-i686-pc-linux-gnu/bin/../lib/gcc/nios2-elf/4.1.2/../../../../nios2-elf/lib/mno-hw-mul/libc.a(lib_a-gdtoa-gethex.o)
                0x0080f308                __hexdig_init
                0x0080f420                __gethex
 .text          0x0080fc1c      0x294 /opt/altera/12.1sp1/nios2eds/bin/gnu/H-i686-pc-linux-gnu/bin/../lib/gcc/nios2-elf/4.1.2/../../../../nios2-elf/lib/mno-hw-mul/libc.a(lib_a-gdtoa-hexnan.o)
                0x0080fc68                __hexnan
 .text          0x0080feb0      0x124 /opt/altera/12.1sp1/nios2eds/bin/gnu/H-i686-pc-linux-gnu/bin/../lib/gcc/nios2-elf/4.1.2/mno-hw-mul/libgcc.a(_muldi3.o)
                0x0080feb0                __muldi3
 .text          0x0080ffd4       0xa4 /opt/altera/12.1sp1/nios2eds/bin/gnu/H-i686-pc-linux-gnu/bin/../lib/gcc/nios2-elf/4.1.2/mno-hw-mul/libgcc.a(_fixunsdfsi.o)
                0x0080ffd4                __fixunsdfsi
 .text          0x00810078      0x66c /opt/altera/12.1sp1/nios2eds/bin/gnu/H-i686-pc-linux-gnu/bin/../lib/gcc/nios2-elf/4.1.2/mno-hw-mul/libgcc.a(_udivdi3.o)
                0x00810078                __udivdi3
 .text          0x008106e4      0x660 /opt/altera/12.1sp1/nios2eds/bin/gnu/H-i686-pc-linux-gnu/bin/../lib/gcc/nios2-elf/4.1.2/mno-hw-mul/libgcc.a(_umoddi3.o)
                0x008106e4                __umoddi3
 .text          0x00810d44       0x78 /opt/altera/12.1sp1/nios2eds/bin/gnu/H-i686-pc-linux-gnu/bin/../lib/gcc/nios2-elf/4.1.2/mno-hw-mul/libgcc.a(_ne_sf.o)
                0x00810d44                __nesf2
 .text          0x00810dbc       0x78 /opt/altera/12.1sp1/nios2eds/bin/gnu/H-i686-pc-linux-gnu/bin/../lib/gcc/nios2-elf/4.1.2/mno-hw-mul/libgcc.a(_gt_sf.o)
                0x00810dbc                __gtsf2
 .text          0x00810e34       0x78 /opt/altera/12.1sp1/nios2eds/bin/gnu/H-i686-pc-linux-gnu/bin/../lib/gcc/nios2-elf/4.1.2/mno-hw-mul/libgcc.a(_lt_sf.o)
                0x00810e34                __ltsf2
 .text          0x00810eac      0x3c4 /opt/altera/12.1sp1/nios2eds/bin/gnu/H-i686-pc-linux-gnu/bin/../lib/gcc/nios2-elf/4.1.2/mno-hw-mul/libgcc.a(_mul_df.o)
                0x00810eac                __muldf3
 .text          0x00811270       0x88 /opt/altera/12.1sp1/nios2eds/bin/gnu/H-i686-pc-linux-gnu/bin/../lib/gcc/nios2-elf/4.1.2/mno-hw-mul/libgcc.a(_eq_df.o)
                0x00811270                __eqdf2
 .text          0x008112f8       0x88 /opt/altera/12.1sp1/nios2eds/bin/gnu/H-i686-pc-linux-gnu/bin/../lib/gcc/nios2-elf/4.1.2/mno-hw-mul/libgcc.a(_ne_df.o)
                0x008112f8                __nedf2
 .text          0x00811380       0x88 /opt/altera/12.1sp1/nios2eds/bin/gnu/H-i686-pc-linux-gnu/bin/../lib/gcc/nios2-elf/4.1.2/mno-hw-mul/libgcc.a(_gt_df.o)
                0x00811380                __gtdf2
 .text          0x00811408       0x88 /opt/altera/12.1sp1/nios2eds/bin/gnu/H-i686-pc-linux-gnu/bin/../lib/gcc/nios2-elf/4.1.2/mno-hw-mul/libgcc.a(_ge_df.o)
                0x00811408                __gedf2
 .text          0x00811490       0x88 /opt/altera/12.1sp1/nios2eds/bin/gnu/H-i686-pc-linux-gnu/bin/../lib/gcc/nios2-elf/4.1.2/mno-hw-mul/libgcc.a(_lt_df.o)
                0x00811490                __ltdf2
 .text          0x00811518       0x88 /opt/altera/12.1sp1/nios2eds/bin/gnu/H-i686-pc-linux-gnu/bin/../lib/gcc/nios2-elf/4.1.2/mno-hw-mul/libgcc.a(_le_df.o)
                0x00811518                __ledf2
 .text          0x008115a0       0xf8 /opt/altera/12.1sp1/nios2eds/bin/gnu/H-i686-pc-linux-gnu/bin/../lib/gcc/nios2-elf/4.1.2/mno-hw-mul/libgcc.a(_si_to_df.o)
                0x008115a0                __floatsidf
 .text          0x00811698       0xd8 /opt/altera/12.1sp1/nios2eds/bin/gnu/H-i686-pc-linux-gnu/bin/../lib/gcc/nios2-elf/4.1.2/mno-hw-mul/libgcc.a(_df_to_si.o)
                0x00811698                __fixdfsi
 .text          0x00811770       0x74 /opt/altera/12.1sp1/nios2eds/bin/gnu/H-i686-pc-linux-gnu/bin/../lib/gcc/nios2-elf/4.1.2/mno-hw-mul/libgcc.a(_df_to_sf.o)
                0x00811770                __truncdfsf2
 .text          0x008117e4      0x14c /opt/altera/12.1sp1/nios2eds/bin/gnu/H-i686-pc-linux-gnu/bin/../lib/gcc/nios2-elf/4.1.2/mno-hw-mul/libgcc.a(lib2-divmod.o)
                0x00811860                __divsi3
                0x008118c0                __modsi3
                0x00811920                __udivsi3
                0x00811928                __umodsi3
 .text          0x00811930       0xc8 /opt/altera/12.1sp1/nios2eds/bin/gnu/H-i686-pc-linux-gnu/bin/../lib/gcc/nios2-elf/4.1.2/mno-hw-mul/libgcc.a(_unpack_sf.o)
                0x00811930                __unpack_f
 .text          0x008119f8       0xa8 /opt/altera/12.1sp1/nios2eds/bin/gnu/H-i686-pc-linux-gnu/bin/../lib/gcc/nios2-elf/4.1.2/mno-hw-mul/libgcc.a(_fpcmp_parts_sf.o)
                0x008119f8                __fpcmp_parts_f
 .text          0x00811aa0       0x2c /opt/altera/12.1sp1/nios2eds/bin/gnu/H-i686-pc-linux-gnu/bin/../lib/gcc/nios2-elf/4.1.2/mno-hw-mul/libgcc.a(_make_sf.o)
                0x00811aa0                __make_fp
 .text          0x00811acc       0xc8 /opt/altera/12.1sp1/nios2eds/bin/gnu/H-i686-pc-linux-gnu/bin/../lib/gcc/nios2-elf/4.1.2/mno-hw-mul/libgcc.a(_fpcmp_parts_df.o)
                0x00811acc                __fpcmp_parts_d
 .text          0x00811b94      0x160 /opt/altera/12.1sp1/nios2eds/bin/gnu/H-i686-pc-linux-gnu/bin/../lib/gcc/nios2-elf/4.1.2/mno-hw-mul/libgcc.a(_pack_sf.o)
                0x00811b94                __pack_f
 .text          0x00811cf4      0x160 ../gaussian_filter_base_bsp//libhal_bsp.a(alt_close.o)
                0x00811cf4                close
 .text          0x00811e54       0x2c ../gaussian_filter_base_bsp//libhal_bsp.a(alt_dev.o)
 .text          0x00811e80        0x0 ../gaussian_filter_base_bsp//libhal_bsp.a(alt_errno.o)
 .text          0x00811e80       0x60 ../gaussian_filter_base_bsp//libhal_bsp.a(alt_exit.o)
                0x00811ec0                _exit
 .text          0x00811ee0      0x138 ../gaussian_filter_base_bsp//libhal_bsp.a(alt_fstat.o)
                0x00811ee0                fstat
 .text          0x00812018      0x124 ../gaussian_filter_base_bsp//libhal_bsp.a(alt_isatty.o)
                0x00812018                isatty
 .text          0x0081213c       0xec ../gaussian_filter_base_bsp//libhal_bsp.a(alt_load.o)
                0x0081213c                alt_load
 .text          0x00812228      0x154 ../gaussian_filter_base_bsp//libhal_bsp.a(alt_lseek.o)
                0x00812228                lseek
 .text          0x0081237c       0x5c ../gaussian_filter_base_bsp//libhal_bsp.a(alt_main.o)
                0x0081237c                alt_main
 .text          0x008123d8       0x40 ../gaussian_filter_base_bsp//libhal_bsp.a(alt_malloc_lock.o)
                0x008123d8                __malloc_lock
                0x008123f8                __malloc_unlock
 .text          0x00812418      0x2e4 ../gaussian_filter_base_bsp//libhal_bsp.a(alt_open.o)
                0x00812510                open
 .text          0x008126fc      0x184 ../gaussian_filter_base_bsp//libhal_bsp.a(alt_read.o)
                0x008126fc                read
 .text          0x00812880       0x78 ../gaussian_filter_base_bsp//libhal_bsp.a(alt_release_fd.o)
                0x00812880                alt_release_fd
 .text          0x008128f8       0xbc ../gaussian_filter_base_bsp//libhal_bsp.a(alt_sbrk.o)
                0x008128f8                sbrk
 .text          0x008129b4       0xf4 ../gaussian_filter_base_bsp//libhal_bsp.a(alt_times.o)
                0x008129b4                times
 .text          0x00812aa8      0x184 ../gaussian_filter_base_bsp//libhal_bsp.a(alt_write.o)
                0x00812aa8                write
 .text          0x00812c2c       0xfc ../gaussian_filter_base_bsp//libhal_bsp.a(alt_sys_init.o)
                0x00812c2c                alt_irq_init
                0x00812c60                alt_sys_init
 .text          0x00812d28      0x148 ../gaussian_filter_base_bsp//libhal_bsp.a(altera_avalon_jtag_uart_fd.o)
                0x00812d28                altera_avalon_jtag_uart_read_fd
                0x00812d80                altera_avalon_jtag_uart_write_fd
                0x00812dd8                altera_avalon_jtag_uart_close_fd
                0x00812e20                altera_avalon_jtag_uart_ioctl_fd
 .text          0x00812e70      0x40c ../gaussian_filter_base_bsp//libhal_bsp.a(altera_avalon_jtag_uart_init.o)
                0x00812e70                altera_avalon_jtag_uart_init
                0x00813208                altera_avalon_jtag_uart_close
 .text          0x0081327c       0xf4 ../gaussian_filter_base_bsp//libhal_bsp.a(altera_avalon_jtag_uart_ioctl.o)
                0x0081327c                altera_avalon_jtag_uart_ioctl
 .text          0x00813370      0x224 ../gaussian_filter_base_bsp//libhal_bsp.a(altera_avalon_jtag_uart_read.o)
                0x00813370                altera_avalon_jtag_uart_read
 .text          0x00813594      0x240 ../gaussian_filter_base_bsp//libhal_bsp.a(altera_avalon_jtag_uart_write.o)
                0x00813594                altera_avalon_jtag_uart_write
 .text          0x008137d4      0x100 ../gaussian_filter_base_bsp//libhal_bsp.a(altera_avalon_timer_sc.o)
                0x00813844                alt_avalon_timer_sc_init
 .text          0x008138d4        0x0 ../gaussian_filter_base_bsp//libhal_bsp.a(altera_avalon_timer_vars.o)
 .text          0x008138d4      0x5a0 ../gaussian_filter_base_bsp//libhal_bsp.a(altera_hostfs.o)
                0x008138d4                alt_hostfs_open
                0x00813a28                alt_hostfs_close
                0x00813a7c                alt_hostfs_read
                0x00813b1c                alt_hostfs_write
                0x00813bbc                alt_hostfs_seek
                0x00813c5c                alt_hostfs_fstat
 .text          0x00813e74      0x154 ../gaussian_filter_base_bsp//libhal_bsp.a(alt_alarm_start.o)
                0x00813e74                alt_alarm_start
 .text          0x00813fc8       0x1c ../gaussian_filter_base_bsp//libhal_bsp.a(alt_dcache_flush_all.o)
                0x00813fc8                alt_dcache_flush_all
 .text          0x00813fe4      0x114 ../gaussian_filter_base_bsp//libhal_bsp.a(alt_dev_llist_insert.o)
                0x00813fe4                alt_dev_llist_insert
 .text          0x008140f8       0x94 ../gaussian_filter_base_bsp//libhal_bsp.a(alt_find_dev.o)
                0x008140f8                alt_find_dev
 .text          0x0081418c      0x120 ../gaussian_filter_base_bsp//libhal_bsp.a(alt_find_file.o)
                0x0081418c                alt_find_file
 .text          0x008142ac       0x90 ../gaussian_filter_base_bsp//libhal_bsp.a(alt_fs_reg.o)
                0x008142ac                alt_fs_reg
 .text          0x0081433c       0xd0 ../gaussian_filter_base_bsp//libhal_bsp.a(alt_get_fd.o)
                0x0081433c                alt_get_fd
 .text          0x0081440c       0x30 ../gaussian_filter_base_bsp//libhal_bsp.a(alt_icache_flush_all.o)
                0x0081440c                alt_icache_flush_all
 .text          0x0081443c      0x1d4 ../gaussian_filter_base_bsp//libhal_bsp.a(alt_iic.o)
                0x0081443c                alt_ic_isr_register
                0x0081448c                alt_ic_irq_enable
                0x00814528                alt_ic_irq_disable
                0x008145c8                alt_ic_irq_enabled
 .text          0x00814610       0xf8 ../gaussian_filter_base_bsp//libhal_bsp.a(alt_iic_isr_register.o)
                0x00814610                alt_iic_isr_register
 .text          0x00814708      0x150 ../gaussian_filter_base_bsp//libhal_bsp.a(alt_io_redirect.o)
                0x008147e0                alt_io_redirect
 .text          0x00814858        0x0 ../gaussian_filter_base_bsp//libhal_bsp.a(alt_irq_entry.o)
 .text          0x00814858        0x0 ../gaussian_filter_base_bsp//libhal_bsp.a(alt_irq_handler.o)
 .text          0x00814858        0x0 ../gaussian_filter_base_bsp//libhal_bsp.a(alt_irq_vars.o)
 .text          0x00814858      0x1a4 ../gaussian_filter_base_bsp//libhal_bsp.a(alt_tick.o)
                0x00814858                alt_alarm_stop
                0x008148f0                alt_tick
 .text          0x008149fc       0x20 ../gaussian_filter_base_bsp//libhal_bsp.a(altera_nios2_qsys_irq.o)
                0x008149fc                altera_nios2_qsys_irq_init
 .text          0x00814a1c        0x0 ../gaussian_filter_base_bsp//libhal_bsp.a(alt_exception_entry.o)
 .text          0x00814a1c       0x90 ../gaussian_filter_base_bsp//libhal_bsp.a(alt_icache_flush.o)
                0x00814a1c                alt_icache_flush
 .text          0x00814aac       0x74 /opt/altera/12.1sp1/nios2eds/bin/gnu/H-i686-pc-linux-gnu/bin/../lib/gcc/nios2-elf/4.1.2/../../../../nios2-elf/lib/mno-hw-mul/libc.a(lib_a-memcmp.o)
                0x00814aac                memcmp
 *(.gnu.warning.*)
 *(.fini)
                0x00814b20                PROVIDE (__etext, ABSOLUTE (.))
                0x00814b20                PROVIDE (_etext, ABSOLUTE (.))
                0x00814b20                PROVIDE (etext, ABSOLUTE (.))
 *(.eh_frame_hdr)
                0x00814b20                . = ALIGN (0x4)
                0x00814b20                PROVIDE (__preinit_array_start, ABSOLUTE (.))
 *(.preinit_array)
                0x00814b20                PROVIDE (__preinit_array_end, ABSOLUTE (.))
                0x00814b20                PROVIDE (__init_array_start, ABSOLUTE (.))
 *(.init_array)
                0x00814b20                PROVIDE (__init_array_end, ABSOLUTE (.))
                0x00814b20                PROVIDE (__fini_array_start, ABSOLUTE (.))
 *(.fini_array)
                0x00814b20                PROVIDE (__fini_array_end, ABSOLUTE (.))
 *(.eh_frame)
 *(.gcc_except_table)
 *(.dynamic)
                0x00814b20                PROVIDE (__CTOR_LIST__, ABSOLUTE (.))
 *(.ctors)
 *(SORT(.ctors.*))
 .ctors.65535   0x00814b20        0x4 /opt/altera/12.1sp1/nios2eds/bin/gnu/H-i686-pc-linux-gnu/bin/../lib/gcc/nios2-elf/4.1.2/../../../../nios2-elf/lib/mno-hw-mul/libc.a(lib_a-__call_atexit.o)
                0x00814b24                PROVIDE (__CTOR_END__, ABSOLUTE (.))
                0x00814b24                PROVIDE (__DTOR_LIST__, ABSOLUTE (.))
 *(.dtors)
 *(SORT(.dtors.*))
                0x00814b24                PROVIDE (__DTOR_END__, ABSOLUTE (.))
 *(.jcr)
                0x00814b24                . = ALIGN (0x4)

.rodata         0x00814b24      0x97c
                0x00814b24                PROVIDE (__ram_rodata_start, ABSOLUTE (.))
                0x00814b24                . = ALIGN (0x4)
 *(.rodata .rodata.* .gnu.linkonce.r.*)
 .rodata        0x00814b24      0x190 obj/default/main.o
 .rodata        0x00814cb4      0x1a4 obj/default/pgm.o
 .rodata        0x00814e58       0x14 /opt/altera/12.1sp1/nios2eds/bin/gnu/H-i686-pc-linux-gnu/bin/../lib/gcc/nios2-elf/4.1.2/mno-hw-mul/libgcc.a(_thenan_df.o)
                0x00814e58                __thenan_df
 .rodata        0x00814e6c      0x100 /opt/altera/12.1sp1/nios2eds/bin/gnu/H-i686-pc-linux-gnu/bin/../lib/gcc/nios2-elf/4.1.2/mno-hw-mul/libgcc.a(_clz.o)
                0x00814e6c                __clz_tab
 .rodata        0x00814f6c      0x281 /opt/altera/12.1sp1/nios2eds/bin/gnu/H-i686-pc-linux-gnu/bin/../lib/gcc/nios2-elf/4.1.2/../../../../nios2-elf/lib/mno-hw-mul/libc.a(lib_a-ctype_.o)
                0x00814f6c                _ctype_
 *fill*         0x008151ed        0x3 00
 .rodata.str1.4
                0x008151f0        0x2 /opt/altera/12.1sp1/nios2eds/bin/gnu/H-i686-pc-linux-gnu/bin/../lib/gcc/nios2-elf/4.1.2/../../../../nios2-elf/lib/mno-hw-mul/libc.a(lib_a-impure.o)
                                  0x4 (size before relaxing)
 *fill*         0x008151f2        0x2 00
 .rodata.str1.4
                0x008151f4        0x2 /opt/altera/12.1sp1/nios2eds/bin/gnu/H-i686-pc-linux-gnu/bin/../lib/gcc/nios2-elf/4.1.2/../../../../nios2-elf/lib/mno-hw-mul/libc.a(lib_a-puts.o)
                                  0x4 (size before relaxing)
 *fill*         0x008151f6        0x2 00
 .rodata.str1.4
                0x008151f8       0x5e /opt/altera/12.1sp1/nios2eds/bin/gnu/H-i686-pc-linux-gnu/bin/../lib/gcc/nios2-elf/4.1.2/../../../../nios2-elf/lib/mno-hw-mul/libc.a(lib_a-vfprintf.o)
                                 0x60 (size before relaxing)
 .rodata        0x00815256       0x20 /opt/altera/12.1sp1/nios2eds/bin/gnu/H-i686-pc-linux-gnu/bin/../lib/gcc/nios2-elf/4.1.2/../../../../nios2-elf/lib/mno-hw-mul/libc.a(lib_a-vfprintf.o)
 *fill*         0x00815276        0x2 00
 .rodata.str1.4
                0x00815278        0x5 /opt/altera/12.1sp1/nios2eds/bin/gnu/H-i686-pc-linux-gnu/bin/../lib/gcc/nios2-elf/4.1.2/../../../../nios2-elf/lib/mno-hw-mul/libc.a(lib_a-vfscanf.o)
                                  0x8 (size before relaxing)
 *fill*         0x0081527d        0x1 00
 .rodata        0x0081527e       0x22 /opt/altera/12.1sp1/nios2eds/bin/gnu/H-i686-pc-linux-gnu/bin/../lib/gcc/nios2-elf/4.1.2/../../../../nios2-elf/lib/mno-hw-mul/libc.a(lib_a-vfscanf.o)
 .rodata.str1.4
                0x008152a0       0x10 /opt/altera/12.1sp1/nios2eds/bin/gnu/H-i686-pc-linux-gnu/bin/../lib/gcc/nios2-elf/4.1.2/../../../../nios2-elf/lib/mno-hw-mul/libc.a(lib_a-dtoa.o)
                                 0x14 (size before relaxing)
 .rodata.str1.4
                0x008152b0        0xf /opt/altera/12.1sp1/nios2eds/bin/gnu/H-i686-pc-linux-gnu/bin/../lib/gcc/nios2-elf/4.1.2/../../../../nios2-elf/lib/mno-hw-mul/libc.a(lib_a-locale.o)
                                 0x18 (size before relaxing)
 *fill*         0x008152bf        0x1 00
 .rodata        0x008152c0       0x30 /opt/altera/12.1sp1/nios2eds/bin/gnu/H-i686-pc-linux-gnu/bin/../lib/gcc/nios2-elf/4.1.2/../../../../nios2-elf/lib/mno-hw-mul/libc.a(lib_a-locale.o)
 .rodata.str1.4
                0x00000000        0x4 /opt/altera/12.1sp1/nios2eds/bin/gnu/H-i686-pc-linux-gnu/bin/../lib/gcc/nios2-elf/4.1.2/../../../../nios2-elf/lib/mno-hw-mul/libc.a(lib_a-mbrtowc.o)
 .rodata        0x008152f0      0x124 /opt/altera/12.1sp1/nios2eds/bin/gnu/H-i686-pc-linux-gnu/bin/../lib/gcc/nios2-elf/4.1.2/../../../../nios2-elf/lib/mno-hw-mul/libc.a(lib_a-mprec.o)
                0x008152f0                __mprec_tens
                0x008153b8                __mprec_bigtens
                0x008153e0                __mprec_tinytens
 .rodata.str1.4
                0x00815414        0xf /opt/altera/12.1sp1/nios2eds/bin/gnu/H-i686-pc-linux-gnu/bin/../lib/gcc/nios2-elf/4.1.2/../../../../nios2-elf/lib/mno-hw-mul/libc.a(lib_a-strtod.o)
                                 0x10 (size before relaxing)
 *fill*         0x00815423        0x1 00
 .rodata        0x00815424       0x28 /opt/altera/12.1sp1/nios2eds/bin/gnu/H-i686-pc-linux-gnu/bin/../lib/gcc/nios2-elf/4.1.2/../../../../nios2-elf/lib/mno-hw-mul/libc.a(lib_a-strtod.o)
 .rodata.str1.4
                0x0081544c       0x1c /opt/altera/12.1sp1/nios2eds/bin/gnu/H-i686-pc-linux-gnu/bin/../lib/gcc/nios2-elf/4.1.2/../../../../nios2-elf/lib/mno-hw-mul/libc.a(lib_a-gdtoa-gethex.o)
 .rodata        0x00815468        0xc ../gaussian_filter_base_bsp//libhal_bsp.a(alt_dev.o)
 .rodata        0x00815474       0x10 ../gaussian_filter_base_bsp//libhal_bsp.a(alt_main.o)
 .rodata        0x00815484       0x1c ../gaussian_filter_base_bsp//libhal_bsp.a(alt_sys_init.o)
 *(.rodata1)
                0x008154a0                . = ALIGN (0x4)
                0x008154a0                PROVIDE (__ram_rodata_end, ABSOLUTE (.))
                0x00814b24                PROVIDE (__flash_rodata_start, LOADADDR (.rodata))

.rwdata         0x008154a0     0x1b1c load address 0x00816fbc
                0x008154a0                PROVIDE (__ram_rwdata_start, ABSOLUTE (.))
                0x008154a0                . = ALIGN (0x4)
 *(.got.plt)
 *(.got)
 *(.data1)
 *(.data .data.* .gnu.linkonce.d.*)
 .data          0x008154a0        0x0 ../gaussian_filter_base_bsp//obj/HAL/src/crt0.o
 .data          0x008154a0       0x24 obj/default/main.o
                0x008154a0                kernel
 .data          0x008154c4        0x0 obj/default/pgm.o
 .data          0x008154c4        0x0 /opt/altera/12.1sp1/nios2eds/bin/gnu/H-i686-pc-linux-gnu/bin/../lib/gcc/nios2-elf/4.1.2/mno-hw-mul/libgcc.a(_addsub_df.o)
 .data          0x008154c4        0x0 /opt/altera/12.1sp1/nios2eds/bin/gnu/H-i686-pc-linux-gnu/bin/../lib/gcc/nios2-elf/4.1.2/mno-hw-mul/libgcc.a(_div_df.o)
 .data          0x008154c4        0x0 /opt/altera/12.1sp1/nios2eds/bin/gnu/H-i686-pc-linux-gnu/bin/../lib/gcc/nios2-elf/4.1.2/mno-hw-mul/libgcc.a(_thenan_df.o)
 .data          0x008154c4        0x0 /opt/altera/12.1sp1/nios2eds/bin/gnu/H-i686-pc-linux-gnu/bin/../lib/gcc/nios2-elf/4.1.2/mno-hw-mul/libgcc.a(_usi_to_df.o)
 .data          0x008154c4        0x0 /opt/altera/12.1sp1/nios2eds/bin/gnu/H-i686-pc-linux-gnu/bin/../lib/gcc/nios2-elf/4.1.2/mno-hw-mul/libgcc.a(lib2-mul.o)
 .data          0x008154c4        0x0 /opt/altera/12.1sp1/nios2eds/bin/gnu/H-i686-pc-linux-gnu/bin/../lib/gcc/nios2-elf/4.1.2/mno-hw-mul/libgcc.a(_clzsi2.o)
 .data          0x008154c4        0x0 /opt/altera/12.1sp1/nios2eds/bin/gnu/H-i686-pc-linux-gnu/bin/../lib/gcc/nios2-elf/4.1.2/mno-hw-mul/libgcc.a(_pack_df.o)
 .data          0x008154c4        0x0 /opt/altera/12.1sp1/nios2eds/bin/gnu/H-i686-pc-linux-gnu/bin/../lib/gcc/nios2-elf/4.1.2/mno-hw-mul/libgcc.a(_unpack_df.o)
 .data          0x008154c4        0x0 /opt/altera/12.1sp1/nios2eds/bin/gnu/H-i686-pc-linux-gnu/bin/../lib/gcc/nios2-elf/4.1.2/mno-hw-mul/libgcc.a(_clz.o)
 .data          0x008154c4        0x0 /opt/altera/12.1sp1/nios2eds/bin/gnu/H-i686-pc-linux-gnu/bin/../lib/gcc/nios2-elf/4.1.2/../../../../nios2-elf/lib/mno-hw-mul/libc.a(lib_a-calloc.o)
 .data          0x008154c4        0x0 /opt/altera/12.1sp1/nios2eds/bin/gnu/H-i686-pc-linux-gnu/bin/../lib/gcc/nios2-elf/4.1.2/../../../../nios2-elf/lib/mno-hw-mul/libc.a(lib_a-callocr.o)
 .data          0x008154c4        0x0 /opt/altera/12.1sp1/nios2eds/bin/gnu/H-i686-pc-linux-gnu/bin/../lib/gcc/nios2-elf/4.1.2/../../../../nios2-elf/lib/mno-hw-mul/libc.a(lib_a-clock.o)
 .data          0x008154c4        0x0 /opt/altera/12.1sp1/nios2eds/bin/gnu/H-i686-pc-linux-gnu/bin/../lib/gcc/nios2-elf/4.1.2/../../../../nios2-elf/lib/mno-hw-mul/libc.a(lib_a-ctype_.o)
 .data          0x008154c4        0x0 /opt/altera/12.1sp1/nios2eds/bin/gnu/H-i686-pc-linux-gnu/bin/../lib/gcc/nios2-elf/4.1.2/../../../../nios2-elf/lib/mno-hw-mul/libc.a(lib_a-exit.o)
 .data          0x008154c4        0x0 /opt/altera/12.1sp1/nios2eds/bin/gnu/H-i686-pc-linux-gnu/bin/../lib/gcc/nios2-elf/4.1.2/../../../../nios2-elf/lib/mno-hw-mul/libc.a(lib_a-fclose.o)
 .data          0x008154c4        0x0 /opt/altera/12.1sp1/nios2eds/bin/gnu/H-i686-pc-linux-gnu/bin/../lib/gcc/nios2-elf/4.1.2/../../../../nios2-elf/lib/mno-hw-mul/libc.a(lib_a-fflush.o)
 .data          0x008154c4        0x0 /opt/altera/12.1sp1/nios2eds/bin/gnu/H-i686-pc-linux-gnu/bin/../lib/gcc/nios2-elf/4.1.2/../../../../nios2-elf/lib/mno-hw-mul/libc.a(lib_a-fgetc.o)
 .data          0x008154c4        0x0 /opt/altera/12.1sp1/nios2eds/bin/gnu/H-i686-pc-linux-gnu/bin/../lib/gcc/nios2-elf/4.1.2/../../../../nios2-elf/lib/mno-hw-mul/libc.a(lib_a-fgets.o)
 .data          0x008154c4        0x0 /opt/altera/12.1sp1/nios2eds/bin/gnu/H-i686-pc-linux-gnu/bin/../lib/gcc/nios2-elf/4.1.2/../../../../nios2-elf/lib/mno-hw-mul/libc.a(lib_a-findfp.o)
 .data          0x008154c4        0x0 /opt/altera/12.1sp1/nios2eds/bin/gnu/H-i686-pc-linux-gnu/bin/../lib/gcc/nios2-elf/4.1.2/../../../../nios2-elf/lib/mno-hw-mul/libc.a(lib_a-fopen.o)
 .data          0x008154c4        0x0 /opt/altera/12.1sp1/nios2eds/bin/gnu/H-i686-pc-linux-gnu/bin/../lib/gcc/nios2-elf/4.1.2/../../../../nios2-elf/lib/mno-hw-mul/libc.a(lib_a-fprintf.o)
 .data          0x008154c4        0x0 /opt/altera/12.1sp1/nios2eds/bin/gnu/H-i686-pc-linux-gnu/bin/../lib/gcc/nios2-elf/4.1.2/../../../../nios2-elf/lib/mno-hw-mul/libc.a(lib_a-fread.o)
 .data          0x008154c4        0x0 /opt/altera/12.1sp1/nios2eds/bin/gnu/H-i686-pc-linux-gnu/bin/../lib/gcc/nios2-elf/4.1.2/../../../../nios2-elf/lib/mno-hw-mul/libc.a(lib_a-freer.o)
 .data          0x008154c4        0x0 /opt/altera/12.1sp1/nios2eds/bin/gnu/H-i686-pc-linux-gnu/bin/../lib/gcc/nios2-elf/4.1.2/../../../../nios2-elf/lib/mno-hw-mul/libc.a(lib_a-fscanf.o)
 .data          0x008154c4        0x0 /opt/altera/12.1sp1/nios2eds/bin/gnu/H-i686-pc-linux-gnu/bin/../lib/gcc/nios2-elf/4.1.2/../../../../nios2-elf/lib/mno-hw-mul/libc.a(lib_a-fseek.o)
 .data          0x008154c4        0x0 /opt/altera/12.1sp1/nios2eds/bin/gnu/H-i686-pc-linux-gnu/bin/../lib/gcc/nios2-elf/4.1.2/../../../../nios2-elf/lib/mno-hw-mul/libc.a(lib_a-fstatr.o)
 .data          0x008154c4        0x0 /opt/altera/12.1sp1/nios2eds/bin/gnu/H-i686-pc-linux-gnu/bin/../lib/gcc/nios2-elf/4.1.2/../../../../nios2-elf/lib/mno-hw-mul/libc.a(lib_a-fwalk.o)
 .data          0x008154c4        0x0 /opt/altera/12.1sp1/nios2eds/bin/gnu/H-i686-pc-linux-gnu/bin/../lib/gcc/nios2-elf/4.1.2/../../../../nios2-elf/lib/mno-hw-mul/libc.a(lib_a-fwrite.o)
 .data          0x008154c4      0x400 /opt/altera/12.1sp1/nios2eds/bin/gnu/H-i686-pc-linux-gnu/bin/../lib/gcc/nios2-elf/4.1.2/../../../../nios2-elf/lib/mno-hw-mul/libc.a(lib_a-impure.o)
 .data          0x008158c4        0x0 /opt/altera/12.1sp1/nios2eds/bin/gnu/H-i686-pc-linux-gnu/bin/../lib/gcc/nios2-elf/4.1.2/../../../../nios2-elf/lib/mno-hw-mul/libc.a(lib_a-int_errno.o)
 .data          0x008158c4        0x0 /opt/altera/12.1sp1/nios2eds/bin/gnu/H-i686-pc-linux-gnu/bin/../lib/gcc/nios2-elf/4.1.2/../../../../nios2-elf/lib/mno-hw-mul/libc.a(lib_a-makebuf.o)
 .data          0x008158c4        0x0 /opt/altera/12.1sp1/nios2eds/bin/gnu/H-i686-pc-linux-gnu/bin/../lib/gcc/nios2-elf/4.1.2/../../../../nios2-elf/lib/mno-hw-mul/libc.a(lib_a-malloc.o)
 .data          0x008158c4      0x408 /opt/altera/12.1sp1/nios2eds/bin/gnu/H-i686-pc-linux-gnu/bin/../lib/gcc/nios2-elf/4.1.2/../../../../nios2-elf/lib/mno-hw-mul/libc.a(lib_a-mallocr.o)
                0x008158c4                __malloc_av_
 .data          0x00815ccc        0x0 /opt/altera/12.1sp1/nios2eds/bin/gnu/H-i686-pc-linux-gnu/bin/../lib/gcc/nios2-elf/4.1.2/../../../../nios2-elf/lib/mno-hw-mul/libc.a(lib_a-memchr.o)
 .data          0x00815ccc        0x0 /opt/altera/12.1sp1/nios2eds/bin/gnu/H-i686-pc-linux-gnu/bin/../lib/gcc/nios2-elf/4.1.2/../../../../nios2-elf/lib/mno-hw-mul/libc.a(lib_a-memcpy.o)
 .data          0x00815ccc        0x0 /opt/altera/12.1sp1/nios2eds/bin/gnu/H-i686-pc-linux-gnu/bin/../lib/gcc/nios2-elf/4.1.2/../../../../nios2-elf/lib/mno-hw-mul/libc.a(lib_a-memset.o)
 .data          0x00815ccc        0x0 /opt/altera/12.1sp1/nios2eds/bin/gnu/H-i686-pc-linux-gnu/bin/../lib/gcc/nios2-elf/4.1.2/../../../../nios2-elf/lib/mno-hw-mul/libc.a(lib_a-openr.o)
 .data          0x00815ccc        0x0 /opt/altera/12.1sp1/nios2eds/bin/gnu/H-i686-pc-linux-gnu/bin/../lib/gcc/nios2-elf/4.1.2/../../../../nios2-elf/lib/mno-hw-mul/libc.a(lib_a-printf.o)
 .data          0x00815ccc        0x0 /opt/altera/12.1sp1/nios2eds/bin/gnu/H-i686-pc-linux-gnu/bin/../lib/gcc/nios2-elf/4.1.2/../../../../nios2-elf/lib/mno-hw-mul/libc.a(lib_a-puts.o)
 .data          0x00815ccc        0x0 /opt/altera/12.1sp1/nios2eds/bin/gnu/H-i686-pc-linux-gnu/bin/../lib/gcc/nios2-elf/4.1.2/../../../../nios2-elf/lib/mno-hw-mul/libc.a(lib_a-refill.o)
 .data          0x00815ccc        0x0 /opt/altera/12.1sp1/nios2eds/bin/gnu/H-i686-pc-linux-gnu/bin/../lib/gcc/nios2-elf/4.1.2/../../../../nios2-elf/lib/mno-hw-mul/libc.a(lib_a-rget.o)
 .data          0x00815ccc        0x0 /opt/altera/12.1sp1/nios2eds/bin/gnu/H-i686-pc-linux-gnu/bin/../lib/gcc/nios2-elf/4.1.2/../../../../nios2-elf/lib/mno-hw-mul/libc.a(lib_a-sbrkr.o)
 .data          0x00815ccc        0x0 /opt/altera/12.1sp1/nios2eds/bin/gnu/H-i686-pc-linux-gnu/bin/../lib/gcc/nios2-elf/4.1.2/../../../../nios2-elf/lib/mno-hw-mul/libc.a(lib_a-sscanf.o)
 .data          0x00815ccc        0x0 /opt/altera/12.1sp1/nios2eds/bin/gnu/H-i686-pc-linux-gnu/bin/../lib/gcc/nios2-elf/4.1.2/../../../../nios2-elf/lib/mno-hw-mul/libc.a(lib_a-stdio.o)
 .data          0x00815ccc        0x0 /opt/altera/12.1sp1/nios2eds/bin/gnu/H-i686-pc-linux-gnu/bin/../lib/gcc/nios2-elf/4.1.2/../../../../nios2-elf/lib/mno-hw-mul/libc.a(lib_a-strlen.o)
 .data          0x00815ccc        0x0 /opt/altera/12.1sp1/nios2eds/bin/gnu/H-i686-pc-linux-gnu/bin/../lib/gcc/nios2-elf/4.1.2/../../../../nios2-elf/lib/mno-hw-mul/libc.a(lib_a-strncmp.o)
 .data          0x00815ccc        0x0 /opt/altera/12.1sp1/nios2eds/bin/gnu/H-i686-pc-linux-gnu/bin/../lib/gcc/nios2-elf/4.1.2/../../../../nios2-elf/lib/mno-hw-mul/libc.a(lib_a-timesr.o)
 .data          0x00815ccc        0x0 /opt/altera/12.1sp1/nios2eds/bin/gnu/H-i686-pc-linux-gnu/bin/../lib/gcc/nios2-elf/4.1.2/../../../../nios2-elf/lib/mno-hw-mul/libc.a(lib_a-ungetc.o)
 .data          0x00815ccc        0x0 /opt/altera/12.1sp1/nios2eds/bin/gnu/H-i686-pc-linux-gnu/bin/../lib/gcc/nios2-elf/4.1.2/../../../../nios2-elf/lib/mno-hw-mul/libc.a(lib_a-vfprintf.o)
 .data          0x00815ccc        0x0 /opt/altera/12.1sp1/nios2eds/bin/gnu/H-i686-pc-linux-gnu/bin/../lib/gcc/nios2-elf/4.1.2/../../../../nios2-elf/lib/mno-hw-mul/libc.a(lib_a-vfscanf.o)
 .data          0x00815ccc        0x0 /opt/altera/12.1sp1/nios2eds/bin/gnu/H-i686-pc-linux-gnu/bin/../lib/gcc/nios2-elf/4.1.2/../../../../nios2-elf/lib/mno-hw-mul/libc.a(lib_a-writer.o)
 .data          0x00815ccc        0x0 /opt/altera/12.1sp1/nios2eds/bin/gnu/H-i686-pc-linux-gnu/bin/../lib/gcc/nios2-elf/4.1.2/../../../../nios2-elf/lib/mno-hw-mul/libc.a(lib_a-wsetup.o)
 .data          0x00815ccc        0x0 /opt/altera/12.1sp1/nios2eds/bin/gnu/H-i686-pc-linux-gnu/bin/../lib/gcc/nios2-elf/4.1.2/../../../../nios2-elf/lib/mno-hw-mul/libc.a(lib_a-__call_atexit.o)
 .data          0x00815ccc        0x0 /opt/altera/12.1sp1/nios2eds/bin/gnu/H-i686-pc-linux-gnu/bin/../lib/gcc/nios2-elf/4.1.2/../../../../nios2-elf/lib/mno-hw-mul/libc.a(lib_a-closer.o)
 .data          0x00815ccc        0x0 /opt/altera/12.1sp1/nios2eds/bin/gnu/H-i686-pc-linux-gnu/bin/../lib/gcc/nios2-elf/4.1.2/../../../../nios2-elf/lib/mno-hw-mul/libc.a(lib_a-dtoa.o)
 .data          0x00815ccc        0x0 /opt/altera/12.1sp1/nios2eds/bin/gnu/H-i686-pc-linux-gnu/bin/../lib/gcc/nios2-elf/4.1.2/../../../../nios2-elf/lib/mno-hw-mul/libc.a(lib_a-flags.o)
 .data          0x00815ccc        0x0 /opt/altera/12.1sp1/nios2eds/bin/gnu/H-i686-pc-linux-gnu/bin/../lib/gcc/nios2-elf/4.1.2/../../../../nios2-elf/lib/mno-hw-mul/libc.a(lib_a-fvwrite.o)
 .data          0x00815ccc        0x0 /opt/altera/12.1sp1/nios2eds/bin/gnu/H-i686-pc-linux-gnu/bin/../lib/gcc/nios2-elf/4.1.2/../../../../nios2-elf/lib/mno-hw-mul/libc.a(lib_a-isattyr.o)
 .data          0x00815ccc        0x0 /opt/altera/12.1sp1/nios2eds/bin/gnu/H-i686-pc-linux-gnu/bin/../lib/gcc/nios2-elf/4.1.2/../../../../nios2-elf/lib/mno-hw-mul/libc.a(lib_a-iswspace.o)
 .data          0x00815ccc        0xc /opt/altera/12.1sp1/nios2eds/bin/gnu/H-i686-pc-linux-gnu/bin/../lib/gcc/nios2-elf/4.1.2/../../../../nios2-elf/lib/mno-hw-mul/libc.a(lib_a-locale.o)
                0x00815ccc                __lc_ctype
 .data          0x00815cd8        0x0 /opt/altera/12.1sp1/nios2eds/bin/gnu/H-i686-pc-linux-gnu/bin/../lib/gcc/nios2-elf/4.1.2/../../../../nios2-elf/lib/mno-hw-mul/libc.a(lib_a-lseekr.o)
 .data          0x00815cd8        0x0 /opt/altera/12.1sp1/nios2eds/bin/gnu/H-i686-pc-linux-gnu/bin/../lib/gcc/nios2-elf/4.1.2/../../../../nios2-elf/lib/mno-hw-mul/libc.a(lib_a-mbrtowc.o)
 .data          0x00815cd8        0x0 /opt/altera/12.1sp1/nios2eds/bin/gnu/H-i686-pc-linux-gnu/bin/../lib/gcc/nios2-elf/4.1.2/../../../../nios2-elf/lib/mno-hw-mul/libc.a(lib_a-mbtowc_r.o)
 .data          0x00815cd8        0x0 /opt/altera/12.1sp1/nios2eds/bin/gnu/H-i686-pc-linux-gnu/bin/../lib/gcc/nios2-elf/4.1.2/../../../../nios2-elf/lib/mno-hw-mul/libc.a(lib_a-memmove.o)
 .data          0x00815cd8        0x0 /opt/altera/12.1sp1/nios2eds/bin/gnu/H-i686-pc-linux-gnu/bin/../lib/gcc/nios2-elf/4.1.2/../../../../nios2-elf/lib/mno-hw-mul/libc.a(lib_a-mprec.o)
 .data          0x00815cd8        0x0 /opt/altera/12.1sp1/nios2eds/bin/gnu/H-i686-pc-linux-gnu/bin/../lib/gcc/nios2-elf/4.1.2/../../../../nios2-elf/lib/mno-hw-mul/libc.a(lib_a-readr.o)
 .data          0x00815cd8        0x0 /opt/altera/12.1sp1/nios2eds/bin/gnu/H-i686-pc-linux-gnu/bin/../lib/gcc/nios2-elf/4.1.2/../../../../nios2-elf/lib/mno-hw-mul/libc.a(lib_a-reallocr.o)
 .data          0x00815cd8        0x0 /opt/altera/12.1sp1/nios2eds/bin/gnu/H-i686-pc-linux-gnu/bin/../lib/gcc/nios2-elf/4.1.2/../../../../nios2-elf/lib/mno-hw-mul/libc.a(lib_a-s_isinfd.o)
 .data          0x00815cd8        0x0 /opt/altera/12.1sp1/nios2eds/bin/gnu/H-i686-pc-linux-gnu/bin/../lib/gcc/nios2-elf/4.1.2/../../../../nios2-elf/lib/mno-hw-mul/libc.a(lib_a-s_isnand.o)
 .data          0x00815cd8        0x0 /opt/altera/12.1sp1/nios2eds/bin/gnu/H-i686-pc-linux-gnu/bin/../lib/gcc/nios2-elf/4.1.2/../../../../nios2-elf/lib/mno-hw-mul/libc.a(lib_a-sccl.o)
 .data          0x00815cd8        0x0 /opt/altera/12.1sp1/nios2eds/bin/gnu/H-i686-pc-linux-gnu/bin/../lib/gcc/nios2-elf/4.1.2/../../../../nios2-elf/lib/mno-hw-mul/libc.a(lib_a-sf_nan.o)
 .data          0x00815cd8        0x0 /opt/altera/12.1sp1/nios2eds/bin/gnu/H-i686-pc-linux-gnu/bin/../lib/gcc/nios2-elf/4.1.2/../../../../nios2-elf/lib/mno-hw-mul/libc.a(lib_a-sprintf.o)
 .data          0x00815cd8        0x0 /opt/altera/12.1sp1/nios2eds/bin/gnu/H-i686-pc-linux-gnu/bin/../lib/gcc/nios2-elf/4.1.2/../../../../nios2-elf/lib/mno-hw-mul/libc.a(lib_a-strcmp.o)
 .data          0x00815cd8       0x28 /opt/altera/12.1sp1/nios2eds/bin/gnu/H-i686-pc-linux-gnu/bin/../lib/gcc/nios2-elf/4.1.2/../../../../nios2-elf/lib/mno-hw-mul/libc.a(lib_a-strtod.o)
 .data          0x00815d00        0x0 /opt/altera/12.1sp1/nios2eds/bin/gnu/H-i686-pc-linux-gnu/bin/../lib/gcc/nios2-elf/4.1.2/../../../../nios2-elf/lib/mno-hw-mul/libc.a(lib_a-strtol.o)
 .data          0x00815d00        0x0 /opt/altera/12.1sp1/nios2eds/bin/gnu/H-i686-pc-linux-gnu/bin/../lib/gcc/nios2-elf/4.1.2/../../../../nios2-elf/lib/mno-hw-mul/libc.a(lib_a-strtoll_r.o)
 .data          0x00815d00        0x0 /opt/altera/12.1sp1/nios2eds/bin/gnu/H-i686-pc-linux-gnu/bin/../lib/gcc/nios2-elf/4.1.2/../../../../nios2-elf/lib/mno-hw-mul/libc.a(lib_a-strtoul.o)
 .data          0x00815d00        0x0 /opt/altera/12.1sp1/nios2eds/bin/gnu/H-i686-pc-linux-gnu/bin/../lib/gcc/nios2-elf/4.1.2/../../../../nios2-elf/lib/mno-hw-mul/libc.a(lib_a-strtoull_r.o)
 .data          0x00815d00        0x0 /opt/altera/12.1sp1/nios2eds/bin/gnu/H-i686-pc-linux-gnu/bin/../lib/gcc/nios2-elf/4.1.2/../../../../nios2-elf/lib/mno-hw-mul/libc.a(lib_a-gdtoa-gethex.o)
 .data          0x00815d00        0x0 /opt/altera/12.1sp1/nios2eds/bin/gnu/H-i686-pc-linux-gnu/bin/../lib/gcc/nios2-elf/4.1.2/../../../../nios2-elf/lib/mno-hw-mul/libc.a(lib_a-gdtoa-hexnan.o)
 .data          0x00815d00        0x0 /opt/altera/12.1sp1/nios2eds/bin/gnu/H-i686-pc-linux-gnu/bin/../lib/gcc/nios2-elf/4.1.2/mno-hw-mul/libgcc.a(_muldi3.o)
 .data          0x00815d00        0x0 /opt/altera/12.1sp1/nios2eds/bin/gnu/H-i686-pc-linux-gnu/bin/../lib/gcc/nios2-elf/4.1.2/mno-hw-mul/libgcc.a(_fixunsdfsi.o)
 .data          0x00815d00        0x0 /opt/altera/12.1sp1/nios2eds/bin/gnu/H-i686-pc-linux-gnu/bin/../lib/gcc/nios2-elf/4.1.2/mno-hw-mul/libgcc.a(_udivdi3.o)
 .data          0x00815d00        0x0 /opt/altera/12.1sp1/nios2eds/bin/gnu/H-i686-pc-linux-gnu/bin/../lib/gcc/nios2-elf/4.1.2/mno-hw-mul/libgcc.a(_umoddi3.o)
 .data          0x00815d00        0x0 /opt/altera/12.1sp1/nios2eds/bin/gnu/H-i686-pc-linux-gnu/bin/../lib/gcc/nios2-elf/4.1.2/mno-hw-mul/libgcc.a(_ne_sf.o)
 .data          0x00815d00        0x0 /opt/altera/12.1sp1/nios2eds/bin/gnu/H-i686-pc-linux-gnu/bin/../lib/gcc/nios2-elf/4.1.2/mno-hw-mul/libgcc.a(_gt_sf.o)
 .data          0x00815d00        0x0 /opt/altera/12.1sp1/nios2eds/bin/gnu/H-i686-pc-linux-gnu/bin/../lib/gcc/nios2-elf/4.1.2/mno-hw-mul/libgcc.a(_lt_sf.o)
 .data          0x00815d00        0x0 /opt/altera/12.1sp1/nios2eds/bin/gnu/H-i686-pc-linux-gnu/bin/../lib/gcc/nios2-elf/4.1.2/mno-hw-mul/libgcc.a(_mul_df.o)
 .data          0x00815d00        0x0 /opt/altera/12.1sp1/nios2eds/bin/gnu/H-i686-pc-linux-gnu/bin/../lib/gcc/nios2-elf/4.1.2/mno-hw-mul/libgcc.a(_eq_df.o)
 .data          0x00815d00        0x0 /opt/altera/12.1sp1/nios2eds/bin/gnu/H-i686-pc-linux-gnu/bin/../lib/gcc/nios2-elf/4.1.2/mno-hw-mul/libgcc.a(_ne_df.o)
 .data          0x00815d00        0x0 /opt/altera/12.1sp1/nios2eds/bin/gnu/H-i686-pc-linux-gnu/bin/../lib/gcc/nios2-elf/4.1.2/mno-hw-mul/libgcc.a(_gt_df.o)
 .data          0x00815d00        0x0 /opt/altera/12.1sp1/nios2eds/bin/gnu/H-i686-pc-linux-gnu/bin/../lib/gcc/nios2-elf/4.1.2/mno-hw-mul/libgcc.a(_ge_df.o)
 .data          0x00815d00        0x0 /opt/altera/12.1sp1/nios2eds/bin/gnu/H-i686-pc-linux-gnu/bin/../lib/gcc/nios2-elf/4.1.2/mno-hw-mul/libgcc.a(_lt_df.o)
 .data          0x00815d00        0x0 /opt/altera/12.1sp1/nios2eds/bin/gnu/H-i686-pc-linux-gnu/bin/../lib/gcc/nios2-elf/4.1.2/mno-hw-mul/libgcc.a(_le_df.o)
 .data          0x00815d00        0x0 /opt/altera/12.1sp1/nios2eds/bin/gnu/H-i686-pc-linux-gnu/bin/../lib/gcc/nios2-elf/4.1.2/mno-hw-mul/libgcc.a(_si_to_df.o)
 .data          0x00815d00        0x0 /opt/altera/12.1sp1/nios2eds/bin/gnu/H-i686-pc-linux-gnu/bin/../lib/gcc/nios2-elf/4.1.2/mno-hw-mul/libgcc.a(_df_to_si.o)
 .data          0x00815d00        0x0 /opt/altera/12.1sp1/nios2eds/bin/gnu/H-i686-pc-linux-gnu/bin/../lib/gcc/nios2-elf/4.1.2/mno-hw-mul/libgcc.a(_df_to_sf.o)
 .data          0x00815d00        0x0 /opt/altera/12.1sp1/nios2eds/bin/gnu/H-i686-pc-linux-gnu/bin/../lib/gcc/nios2-elf/4.1.2/mno-hw-mul/libgcc.a(lib2-divmod.o)
 .data          0x00815d00        0x0 /opt/altera/12.1sp1/nios2eds/bin/gnu/H-i686-pc-linux-gnu/bin/../lib/gcc/nios2-elf/4.1.2/mno-hw-mul/libgcc.a(_unpack_sf.o)
 .data          0x00815d00        0x0 /opt/altera/12.1sp1/nios2eds/bin/gnu/H-i686-pc-linux-gnu/bin/../lib/gcc/nios2-elf/4.1.2/mno-hw-mul/libgcc.a(_fpcmp_parts_sf.o)
 .data          0x00815d00        0x0 /opt/altera/12.1sp1/nios2eds/bin/gnu/H-i686-pc-linux-gnu/bin/../lib/gcc/nios2-elf/4.1.2/mno-hw-mul/libgcc.a(_make_sf.o)
 .data          0x00815d00        0x0 /opt/altera/12.1sp1/nios2eds/bin/gnu/H-i686-pc-linux-gnu/bin/../lib/gcc/nios2-elf/4.1.2/mno-hw-mul/libgcc.a(_fpcmp_parts_df.o)
 .data          0x00815d00        0x0 /opt/altera/12.1sp1/nios2eds/bin/gnu/H-i686-pc-linux-gnu/bin/../lib/gcc/nios2-elf/4.1.2/mno-hw-mul/libgcc.a(_pack_sf.o)
 .data          0x00815d00        0x0 ../gaussian_filter_base_bsp//libhal_bsp.a(alt_close.o)
 .data          0x00815d00      0x1a8 ../gaussian_filter_base_bsp//libhal_bsp.a(alt_dev.o)
                0x00815d00                alt_dev_null
                0x00815d28                alt_fd_list
 .data          0x00815ea8        0x0 ../gaussian_filter_base_bsp//libhal_bsp.a(alt_errno.o)
 .data          0x00815ea8        0x0 ../gaussian_filter_base_bsp//libhal_bsp.a(alt_exit.o)
 .data          0x00815ea8        0x0 ../gaussian_filter_base_bsp//libhal_bsp.a(alt_fstat.o)
 .data          0x00815ea8        0x0 ../gaussian_filter_base_bsp//libhal_bsp.a(alt_isatty.o)
 .data          0x00815ea8        0x0 ../gaussian_filter_base_bsp//libhal_bsp.a(alt_load.o)
 .data          0x00815ea8        0x0 ../gaussian_filter_base_bsp//libhal_bsp.a(alt_lseek.o)
 .data          0x00815ea8        0x0 ../gaussian_filter_base_bsp//libhal_bsp.a(alt_main.o)
 .data          0x00815ea8        0x0 ../gaussian_filter_base_bsp//libhal_bsp.a(alt_malloc_lock.o)
 .data          0x00815ea8        0x0 ../gaussian_filter_base_bsp//libhal_bsp.a(alt_open.o)
 .data          0x00815ea8        0x0 ../gaussian_filter_base_bsp//libhal_bsp.a(alt_read.o)
 .data          0x00815ea8        0x0 ../gaussian_filter_base_bsp//libhal_bsp.a(alt_release_fd.o)
 .data          0x00815ea8        0x0 ../gaussian_filter_base_bsp//libhal_bsp.a(alt_sbrk.o)
 .data          0x00815ea8        0x0 ../gaussian_filter_base_bsp//libhal_bsp.a(alt_times.o)
 .data          0x00815ea8        0x0 ../gaussian_filter_base_bsp//libhal_bsp.a(alt_write.o)
 .data          0x00815ea8     0x1088 ../gaussian_filter_base_bsp//libhal_bsp.a(alt_sys_init.o)
 .data          0x00816f30        0x0 ../gaussian_filter_base_bsp//libhal_bsp.a(altera_avalon_jtag_uart_fd.o)
 .data          0x00816f30        0x0 ../gaussian_filter_base_bsp//libhal_bsp.a(altera_avalon_jtag_uart_init.o)
 .data          0x00816f30        0x0 ../gaussian_filter_base_bsp//libhal_bsp.a(altera_avalon_jtag_uart_ioctl.o)
 .data          0x00816f30        0x0 ../gaussian_filter_base_bsp//libhal_bsp.a(altera_avalon_jtag_uart_read.o)
 .data          0x00816f30        0x0 ../gaussian_filter_base_bsp//libhal_bsp.a(altera_avalon_jtag_uart_write.o)
 .data          0x00816f30        0x0 ../gaussian_filter_base_bsp//libhal_bsp.a(altera_avalon_timer_sc.o)
 .data          0x00816f30        0x0 ../gaussian_filter_base_bsp//libhal_bsp.a(altera_avalon_timer_vars.o)
 .data          0x00816f30        0x0 ../gaussian_filter_base_bsp//libhal_bsp.a(altera_hostfs.o)
 .data          0x00816f30        0x0 ../gaussian_filter_base_bsp//libhal_bsp.a(alt_alarm_start.o)
 .data          0x00816f30        0x0 ../gaussian_filter_base_bsp//libhal_bsp.a(alt_dcache_flush_all.o)
 .data          0x00816f30        0x0 ../gaussian_filter_base_bsp//libhal_bsp.a(alt_dev_llist_insert.o)
 .data          0x00816f30        0x0 ../gaussian_filter_base_bsp//libhal_bsp.a(alt_find_dev.o)
 .data          0x00816f30        0x0 ../gaussian_filter_base_bsp//libhal_bsp.a(alt_find_file.o)
 .data          0x00816f30        0x0 ../gaussian_filter_base_bsp//libhal_bsp.a(alt_fs_reg.o)
 .data          0x00816f30        0x0 ../gaussian_filter_base_bsp//libhal_bsp.a(alt_get_fd.o)
 .data          0x00816f30        0x0 ../gaussian_filter_base_bsp//libhal_bsp.a(alt_icache_flush_all.o)
 .data          0x00816f30        0x0 ../gaussian_filter_base_bsp//libhal_bsp.a(alt_iic.o)
 .data          0x00816f30        0x0 ../gaussian_filter_base_bsp//libhal_bsp.a(alt_iic_isr_register.o)
 .data          0x00816f30        0x0 ../gaussian_filter_base_bsp//libhal_bsp.a(alt_io_redirect.o)
 .data          0x00816f30        0x0 ../gaussian_filter_base_bsp//libhal_bsp.a(alt_irq_entry.o)
 .data          0x00816f30        0x0 ../gaussian_filter_base_bsp//libhal_bsp.a(alt_irq_handler.o)
 .data          0x00816f30        0x0 ../gaussian_filter_base_bsp//libhal_bsp.a(alt_irq_vars.o)
 .data          0x00816f30        0x0 ../gaussian_filter_base_bsp//libhal_bsp.a(alt_tick.o)
 .data          0x00816f30        0x0 ../gaussian_filter_base_bsp//libhal_bsp.a(altera_nios2_qsys_irq.o)
 .data          0x00816f30        0x0 ../gaussian_filter_base_bsp//libhal_bsp.a(alt_exception_entry.o)
 .data          0x00816f30        0x0 ../gaussian_filter_base_bsp//libhal_bsp.a(alt_icache_flush.o)
 .data          0x00816f30        0x0 /opt/altera/12.1sp1/nios2eds/bin/gnu/H-i686-pc-linux-gnu/bin/../lib/gcc/nios2-elf/4.1.2/../../../../nios2-elf/lib/mno-hw-mul/libc.a(lib_a-memcmp.o)
                0x0081ef30                _gp = ABSOLUTE ((. + 0x8000))
                0x0081ef30                PROVIDE (gp, _gp)
 *(.rwdata .rwdata.*)
 *(.sdata .sdata.* .gnu.linkonce.s.*)
 .sdata         0x00816f30        0x4 /opt/altera/12.1sp1/nios2eds/bin/gnu/H-i686-pc-linux-gnu/bin/../lib/gcc/nios2-elf/4.1.2/../../../../nios2-elf/lib/mno-hw-mul/libc.a(lib_a-ctype_.o)
                0x00816f30                __ctype_ptr
 .sdata         0x00816f34        0x8 /opt/altera/12.1sp1/nios2eds/bin/gnu/H-i686-pc-linux-gnu/bin/../lib/gcc/nios2-elf/4.1.2/../../../../nios2-elf/lib/mno-hw-mul/libc.a(lib_a-impure.o)
                0x00816f34                _impure_ptr
                0x00816f38                _global_impure_ptr
 .sdata         0x00816f3c        0x8 /opt/altera/12.1sp1/nios2eds/bin/gnu/H-i686-pc-linux-gnu/bin/../lib/gcc/nios2-elf/4.1.2/../../../../nios2-elf/lib/mno-hw-mul/libc.a(lib_a-mallocr.o)
                0x00816f3c                __malloc_trim_threshold
                0x00816f40                __malloc_sbrk_base
 .sdata         0x00816f44        0x8 /opt/altera/12.1sp1/nios2eds/bin/gnu/H-i686-pc-linux-gnu/bin/../lib/gcc/nios2-elf/4.1.2/../../../../nios2-elf/lib/mno-hw-mul/libc.a(lib_a-locale.o)
                0x00816f44                __mb_cur_max
 .sdata         0x00816f4c       0x14 ../gaussian_filter_base_bsp//libhal_bsp.a(alt_dev.o)
                0x00816f4c                alt_fs_list
                0x00816f54                alt_dev_list
                0x00816f5c                alt_max_fd
 .sdata         0x00816f60        0x4 ../gaussian_filter_base_bsp//libhal_bsp.a(alt_errno.o)
                0x00816f60                alt_errno
 .sdata         0x00816f64        0x4 ../gaussian_filter_base_bsp//libhal_bsp.a(alt_sbrk.o)
 .sdata         0x00816f68       0x48 ../gaussian_filter_base_bsp//libhal_bsp.a(altera_hostfs.o)
 .sdata         0x00816fb0        0x4 ../gaussian_filter_base_bsp//libhal_bsp.a(alt_irq_vars.o)
                0x00816fb0                alt_priority_mask
 .sdata         0x00816fb4        0x8 ../gaussian_filter_base_bsp//libhal_bsp.a(alt_tick.o)
                0x00816fb4                alt_alarm_list
 *(.sdata2 .sdata2.* .gnu.linkonce.s2.*)
                0x00816fbc                . = ALIGN (0x4)
                0x00816fbc                _edata = ABSOLUTE (.)
                0x00816fbc                PROVIDE (edata, ABSOLUTE (.))
                0x00816fbc                PROVIDE (__ram_rwdata_end, ABSOLUTE (.))
                0x00816fbc                PROVIDE (__flash_rwdata_start, LOADADDR (.rwdata))

.bss            0x00818ad8      0x264
                0x00818ad8                __bss_start = ABSOLUTE (.)
                0x00818ad8                PROVIDE (__sbss_start, ABSOLUTE (.))
                0x00818ad8                PROVIDE (___sbss_start, ABSOLUTE (.))
 *(.dynsbss)
 *(.sbss .sbss.* .gnu.linkonce.sb.*)
 .sbss          0x00818ad8        0x4 /opt/altera/12.1sp1/nios2eds/bin/gnu/H-i686-pc-linux-gnu/bin/../lib/gcc/nios2-elf/4.1.2/../../../../nios2-elf/lib/mno-hw-mul/libc.a(lib_a-int_errno.o)
                0x00818ad8                errno
 .sbss          0x00818adc        0xc /opt/altera/12.1sp1/nios2eds/bin/gnu/H-i686-pc-linux-gnu/bin/../lib/gcc/nios2-elf/4.1.2/../../../../nios2-elf/lib/mno-hw-mul/libc.a(lib_a-mallocr.o)
                0x00818adc                __malloc_top_pad
                0x00818ae0                __malloc_max_sbrked_mem
                0x00818ae4                __malloc_max_total_mem
 .sbss          0x00818ae8        0xc /opt/altera/12.1sp1/nios2eds/bin/gnu/H-i686-pc-linux-gnu/bin/../lib/gcc/nios2-elf/4.1.2/../../../../nios2-elf/lib/mno-hw-mul/libc.a(lib_a-locale.o)
                0x00818ae8                __nlocale_changed
                0x00818aec                __mlocale_changed
                0x00818af0                _PathLocale
 .sbss          0x00818af4        0xc ../gaussian_filter_base_bsp//libhal_bsp.a(alt_main.o)
                0x00818af4                alt_argc
                0x00818af8                alt_argv
                0x00818afc                alt_envp
 .sbss          0x00818b00        0x8 ../gaussian_filter_base_bsp//libhal_bsp.a(altera_avalon_timer_vars.o)
                0x00818b00                altera_avalon_timer_ts_base
                0x00818b04                altera_avalon_timer_ts_freq
 .sbss          0x00818b08        0x4 ../gaussian_filter_base_bsp//libhal_bsp.a(alt_irq_vars.o)
                0x00818b08                alt_irq_active
 .sbss          0x00818b0c        0x8 ../gaussian_filter_base_bsp//libhal_bsp.a(alt_tick.o)
                0x00818b0c                _alt_tick_rate
                0x00818b10                _alt_nticks
 *(.sbss2 .sbss2.* .gnu.linkonce.sb2.*)
 *(.scommon)
                0x00818b14                PROVIDE (__sbss_end, ABSOLUTE (.))
                0x00818b14                PROVIDE (___sbss_end, ABSOLUTE (.))
 *(.dynbss)
 *(.bss .bss.* .gnu.linkonce.b.*)
 .bss           0x00818b14        0x0 ../gaussian_filter_base_bsp//obj/HAL/src/crt0.o
 .bss           0x00818b14        0x0 obj/default/main.o
 .bss           0x00818b14        0x0 obj/default/pgm.o
 .bss           0x00818b14        0x0 /opt/altera/12.1sp1/nios2eds/bin/gnu/H-i686-pc-linux-gnu/bin/../lib/gcc/nios2-elf/4.1.2/mno-hw-mul/libgcc.a(_addsub_df.o)
 .bss           0x00818b14        0x0 /opt/altera/12.1sp1/nios2eds/bin/gnu/H-i686-pc-linux-gnu/bin/../lib/gcc/nios2-elf/4.1.2/mno-hw-mul/libgcc.a(_div_df.o)
 .bss           0x00818b14        0x0 /opt/altera/12.1sp1/nios2eds/bin/gnu/H-i686-pc-linux-gnu/bin/../lib/gcc/nios2-elf/4.1.2/mno-hw-mul/libgcc.a(_thenan_df.o)
 .bss           0x00818b14        0x0 /opt/altera/12.1sp1/nios2eds/bin/gnu/H-i686-pc-linux-gnu/bin/../lib/gcc/nios2-elf/4.1.2/mno-hw-mul/libgcc.a(_usi_to_df.o)
 .bss           0x00818b14        0x0 /opt/altera/12.1sp1/nios2eds/bin/gnu/H-i686-pc-linux-gnu/bin/../lib/gcc/nios2-elf/4.1.2/mno-hw-mul/libgcc.a(lib2-mul.o)
 .bss           0x00818b14        0x0 /opt/altera/12.1sp1/nios2eds/bin/gnu/H-i686-pc-linux-gnu/bin/../lib/gcc/nios2-elf/4.1.2/mno-hw-mul/libgcc.a(_clzsi2.o)
 .bss           0x00818b14        0x0 /opt/altera/12.1sp1/nios2eds/bin/gnu/H-i686-pc-linux-gnu/bin/../lib/gcc/nios2-elf/4.1.2/mno-hw-mul/libgcc.a(_pack_df.o)
 .bss           0x00818b14        0x0 /opt/altera/12.1sp1/nios2eds/bin/gnu/H-i686-pc-linux-gnu/bin/../lib/gcc/nios2-elf/4.1.2/mno-hw-mul/libgcc.a(_unpack_df.o)
 .bss           0x00818b14        0x0 /opt/altera/12.1sp1/nios2eds/bin/gnu/H-i686-pc-linux-gnu/bin/../lib/gcc/nios2-elf/4.1.2/mno-hw-mul/libgcc.a(_clz.o)
 .bss           0x00818b14        0x0 /opt/altera/12.1sp1/nios2eds/bin/gnu/H-i686-pc-linux-gnu/bin/../lib/gcc/nios2-elf/4.1.2/../../../../nios2-elf/lib/mno-hw-mul/libc.a(lib_a-calloc.o)
 .bss           0x00818b14        0x0 /opt/altera/12.1sp1/nios2eds/bin/gnu/H-i686-pc-linux-gnu/bin/../lib/gcc/nios2-elf/4.1.2/../../../../nios2-elf/lib/mno-hw-mul/libc.a(lib_a-callocr.o)
 .bss           0x00818b14        0x0 /opt/altera/12.1sp1/nios2eds/bin/gnu/H-i686-pc-linux-gnu/bin/../lib/gcc/nios2-elf/4.1.2/../../../../nios2-elf/lib/mno-hw-mul/libc.a(lib_a-clock.o)
 .bss           0x00818b14        0x0 /opt/altera/12.1sp1/nios2eds/bin/gnu/H-i686-pc-linux-gnu/bin/../lib/gcc/nios2-elf/4.1.2/../../../../nios2-elf/lib/mno-hw-mul/libc.a(lib_a-ctype_.o)
 .bss           0x00818b14        0x0 /opt/altera/12.1sp1/nios2eds/bin/gnu/H-i686-pc-linux-gnu/bin/../lib/gcc/nios2-elf/4.1.2/../../../../nios2-elf/lib/mno-hw-mul/libc.a(lib_a-exit.o)
 .bss           0x00818b14        0x0 /opt/altera/12.1sp1/nios2eds/bin/gnu/H-i686-pc-linux-gnu/bin/../lib/gcc/nios2-elf/4.1.2/../../../../nios2-elf/lib/mno-hw-mul/libc.a(lib_a-fclose.o)
 .bss           0x00818b14        0x0 /opt/altera/12.1sp1/nios2eds/bin/gnu/H-i686-pc-linux-gnu/bin/../lib/gcc/nios2-elf/4.1.2/../../../../nios2-elf/lib/mno-hw-mul/libc.a(lib_a-fflush.o)
 .bss           0x00818b14        0x0 /opt/altera/12.1sp1/nios2eds/bin/gnu/H-i686-pc-linux-gnu/bin/../lib/gcc/nios2-elf/4.1.2/../../../../nios2-elf/lib/mno-hw-mul/libc.a(lib_a-fgetc.o)
 .bss           0x00818b14        0x0 /opt/altera/12.1sp1/nios2eds/bin/gnu/H-i686-pc-linux-gnu/bin/../lib/gcc/nios2-elf/4.1.2/../../../../nios2-elf/lib/mno-hw-mul/libc.a(lib_a-fgets.o)
 .bss           0x00818b14        0x0 /opt/altera/12.1sp1/nios2eds/bin/gnu/H-i686-pc-linux-gnu/bin/../lib/gcc/nios2-elf/4.1.2/../../../../nios2-elf/lib/mno-hw-mul/libc.a(lib_a-findfp.o)
 .bss           0x00818b14        0x0 /opt/altera/12.1sp1/nios2eds/bin/gnu/H-i686-pc-linux-gnu/bin/../lib/gcc/nios2-elf/4.1.2/../../../../nios2-elf/lib/mno-hw-mul/libc.a(lib_a-fopen.o)
 .bss           0x00818b14        0x0 /opt/altera/12.1sp1/nios2eds/bin/gnu/H-i686-pc-linux-gnu/bin/../lib/gcc/nios2-elf/4.1.2/../../../../nios2-elf/lib/mno-hw-mul/libc.a(lib_a-fprintf.o)
 .bss           0x00818b14        0x0 /opt/altera/12.1sp1/nios2eds/bin/gnu/H-i686-pc-linux-gnu/bin/../lib/gcc/nios2-elf/4.1.2/../../../../nios2-elf/lib/mno-hw-mul/libc.a(lib_a-fread.o)
 .bss           0x00818b14        0x0 /opt/altera/12.1sp1/nios2eds/bin/gnu/H-i686-pc-linux-gnu/bin/../lib/gcc/nios2-elf/4.1.2/../../../../nios2-elf/lib/mno-hw-mul/libc.a(lib_a-freer.o)
 .bss           0x00818b14        0x0 /opt/altera/12.1sp1/nios2eds/bin/gnu/H-i686-pc-linux-gnu/bin/../lib/gcc/nios2-elf/4.1.2/../../../../nios2-elf/lib/mno-hw-mul/libc.a(lib_a-fscanf.o)
 .bss           0x00818b14        0x0 /opt/altera/12.1sp1/nios2eds/bin/gnu/H-i686-pc-linux-gnu/bin/../lib/gcc/nios2-elf/4.1.2/../../../../nios2-elf/lib/mno-hw-mul/libc.a(lib_a-fseek.o)
 .bss           0x00818b14        0x0 /opt/altera/12.1sp1/nios2eds/bin/gnu/H-i686-pc-linux-gnu/bin/../lib/gcc/nios2-elf/4.1.2/../../../../nios2-elf/lib/mno-hw-mul/libc.a(lib_a-fstatr.o)
 .bss           0x00818b14        0x0 /opt/altera/12.1sp1/nios2eds/bin/gnu/H-i686-pc-linux-gnu/bin/../lib/gcc/nios2-elf/4.1.2/../../../../nios2-elf/lib/mno-hw-mul/libc.a(lib_a-fwalk.o)
 .bss           0x00818b14        0x0 /opt/altera/12.1sp1/nios2eds/bin/gnu/H-i686-pc-linux-gnu/bin/../lib/gcc/nios2-elf/4.1.2/../../../../nios2-elf/lib/mno-hw-mul/libc.a(lib_a-fwrite.o)
 .bss           0x00818b14        0x0 /opt/altera/12.1sp1/nios2eds/bin/gnu/H-i686-pc-linux-gnu/bin/../lib/gcc/nios2-elf/4.1.2/../../../../nios2-elf/lib/mno-hw-mul/libc.a(lib_a-impure.o)
 .bss           0x00818b14        0x0 /opt/altera/12.1sp1/nios2eds/bin/gnu/H-i686-pc-linux-gnu/bin/../lib/gcc/nios2-elf/4.1.2/../../../../nios2-elf/lib/mno-hw-mul/libc.a(lib_a-int_errno.o)
 .bss           0x00818b14        0x0 /opt/altera/12.1sp1/nios2eds/bin/gnu/H-i686-pc-linux-gnu/bin/../lib/gcc/nios2-elf/4.1.2/../../../../nios2-elf/lib/mno-hw-mul/libc.a(lib_a-makebuf.o)
 .bss           0x00818b14        0x0 /opt/altera/12.1sp1/nios2eds/bin/gnu/H-i686-pc-linux-gnu/bin/../lib/gcc/nios2-elf/4.1.2/../../../../nios2-elf/lib/mno-hw-mul/libc.a(lib_a-malloc.o)
 .bss           0x00818b14       0x28 /opt/altera/12.1sp1/nios2eds/bin/gnu/H-i686-pc-linux-gnu/bin/../lib/gcc/nios2-elf/4.1.2/../../../../nios2-elf/lib/mno-hw-mul/libc.a(lib_a-mallocr.o)
                0x00818b14                __malloc_current_mallinfo
 .bss           0x00818b3c        0x0 /opt/altera/12.1sp1/nios2eds/bin/gnu/H-i686-pc-linux-gnu/bin/../lib/gcc/nios2-elf/4.1.2/../../../../nios2-elf/lib/mno-hw-mul/libc.a(lib_a-memchr.o)
 .bss           0x00818b3c        0x0 /opt/altera/12.1sp1/nios2eds/bin/gnu/H-i686-pc-linux-gnu/bin/../lib/gcc/nios2-elf/4.1.2/../../../../nios2-elf/lib/mno-hw-mul/libc.a(lib_a-memcpy.o)
 .bss           0x00818b3c        0x0 /opt/altera/12.1sp1/nios2eds/bin/gnu/H-i686-pc-linux-gnu/bin/../lib/gcc/nios2-elf/4.1.2/../../../../nios2-elf/lib/mno-hw-mul/libc.a(lib_a-memset.o)
 .bss           0x00818b3c        0x0 /opt/altera/12.1sp1/nios2eds/bin/gnu/H-i686-pc-linux-gnu/bin/../lib/gcc/nios2-elf/4.1.2/../../../../nios2-elf/lib/mno-hw-mul/libc.a(lib_a-openr.o)
 .bss           0x00818b3c        0x0 /opt/altera/12.1sp1/nios2eds/bin/gnu/H-i686-pc-linux-gnu/bin/../lib/gcc/nios2-elf/4.1.2/../../../../nios2-elf/lib/mno-hw-mul/libc.a(lib_a-printf.o)
 .bss           0x00818b3c        0x0 /opt/altera/12.1sp1/nios2eds/bin/gnu/H-i686-pc-linux-gnu/bin/../lib/gcc/nios2-elf/4.1.2/../../../../nios2-elf/lib/mno-hw-mul/libc.a(lib_a-puts.o)
 .bss           0x00818b3c        0x0 /opt/altera/12.1sp1/nios2eds/bin/gnu/H-i686-pc-linux-gnu/bin/../lib/gcc/nios2-elf/4.1.2/../../../../nios2-elf/lib/mno-hw-mul/libc.a(lib_a-refill.o)
 .bss           0x00818b3c        0x0 /opt/altera/12.1sp1/nios2eds/bin/gnu/H-i686-pc-linux-gnu/bin/../lib/gcc/nios2-elf/4.1.2/../../../../nios2-elf/lib/mno-hw-mul/libc.a(lib_a-rget.o)
 .bss           0x00818b3c        0x0 /opt/altera/12.1sp1/nios2eds/bin/gnu/H-i686-pc-linux-gnu/bin/../lib/gcc/nios2-elf/4.1.2/../../../../nios2-elf/lib/mno-hw-mul/libc.a(lib_a-sbrkr.o)
 .bss           0x00818b3c        0x0 /opt/altera/12.1sp1/nios2eds/bin/gnu/H-i686-pc-linux-gnu/bin/../lib/gcc/nios2-elf/4.1.2/../../../../nios2-elf/lib/mno-hw-mul/libc.a(lib_a-sscanf.o)
 .bss           0x00818b3c        0x0 /opt/altera/12.1sp1/nios2eds/bin/gnu/H-i686-pc-linux-gnu/bin/../lib/gcc/nios2-elf/4.1.2/../../../../nios2-elf/lib/mno-hw-mul/libc.a(lib_a-stdio.o)
 .bss           0x00818b3c        0x0 /opt/altera/12.1sp1/nios2eds/bin/gnu/H-i686-pc-linux-gnu/bin/../lib/gcc/nios2-elf/4.1.2/../../../../nios2-elf/lib/mno-hw-mul/libc.a(lib_a-strlen.o)
 .bss           0x00818b3c        0x0 /opt/altera/12.1sp1/nios2eds/bin/gnu/H-i686-pc-linux-gnu/bin/../lib/gcc/nios2-elf/4.1.2/../../../../nios2-elf/lib/mno-hw-mul/libc.a(lib_a-strncmp.o)
 .bss           0x00818b3c        0x0 /opt/altera/12.1sp1/nios2eds/bin/gnu/H-i686-pc-linux-gnu/bin/../lib/gcc/nios2-elf/4.1.2/../../../../nios2-elf/lib/mno-hw-mul/libc.a(lib_a-timesr.o)
 .bss           0x00818b3c        0x0 /opt/altera/12.1sp1/nios2eds/bin/gnu/H-i686-pc-linux-gnu/bin/../lib/gcc/nios2-elf/4.1.2/../../../../nios2-elf/lib/mno-hw-mul/libc.a(lib_a-ungetc.o)
 .bss           0x00818b3c        0x0 /opt/altera/12.1sp1/nios2eds/bin/gnu/H-i686-pc-linux-gnu/bin/../lib/gcc/nios2-elf/4.1.2/../../../../nios2-elf/lib/mno-hw-mul/libc.a(lib_a-vfprintf.o)
 .bss           0x00818b3c        0x0 /opt/altera/12.1sp1/nios2eds/bin/gnu/H-i686-pc-linux-gnu/bin/../lib/gcc/nios2-elf/4.1.2/../../../../nios2-elf/lib/mno-hw-mul/libc.a(lib_a-vfscanf.o)
 .bss           0x00818b3c        0x0 /opt/altera/12.1sp1/nios2eds/bin/gnu/H-i686-pc-linux-gnu/bin/../lib/gcc/nios2-elf/4.1.2/../../../../nios2-elf/lib/mno-hw-mul/libc.a(lib_a-writer.o)
 .bss           0x00818b3c        0x0 /opt/altera/12.1sp1/nios2eds/bin/gnu/H-i686-pc-linux-gnu/bin/../lib/gcc/nios2-elf/4.1.2/../../../../nios2-elf/lib/mno-hw-mul/libc.a(lib_a-wsetup.o)
 .bss           0x00818b3c        0x0 /opt/altera/12.1sp1/nios2eds/bin/gnu/H-i686-pc-linux-gnu/bin/../lib/gcc/nios2-elf/4.1.2/../../../../nios2-elf/lib/mno-hw-mul/libc.a(lib_a-__call_atexit.o)
 .bss           0x00818b3c        0x0 /opt/altera/12.1sp1/nios2eds/bin/gnu/H-i686-pc-linux-gnu/bin/../lib/gcc/nios2-elf/4.1.2/../../../../nios2-elf/lib/mno-hw-mul/libc.a(lib_a-closer.o)
 .bss           0x00818b3c        0x0 /opt/altera/12.1sp1/nios2eds/bin/gnu/H-i686-pc-linux-gnu/bin/../lib/gcc/nios2-elf/4.1.2/../../../../nios2-elf/lib/mno-hw-mul/libc.a(lib_a-dtoa.o)
 .bss           0x00818b3c        0x0 /opt/altera/12.1sp1/nios2eds/bin/gnu/H-i686-pc-linux-gnu/bin/../lib/gcc/nios2-elf/4.1.2/../../../../nios2-elf/lib/mno-hw-mul/libc.a(lib_a-flags.o)
 .bss           0x00818b3c        0x0 /opt/altera/12.1sp1/nios2eds/bin/gnu/H-i686-pc-linux-gnu/bin/../lib/gcc/nios2-elf/4.1.2/../../../../nios2-elf/lib/mno-hw-mul/libc.a(lib_a-fvwrite.o)
 .bss           0x00818b3c        0x0 /opt/altera/12.1sp1/nios2eds/bin/gnu/H-i686-pc-linux-gnu/bin/../lib/gcc/nios2-elf/4.1.2/../../../../nios2-elf/lib/mno-hw-mul/libc.a(lib_a-isattyr.o)
 .bss           0x00818b3c        0x0 /opt/altera/12.1sp1/nios2eds/bin/gnu/H-i686-pc-linux-gnu/bin/../lib/gcc/nios2-elf/4.1.2/../../../../nios2-elf/lib/mno-hw-mul/libc.a(lib_a-iswspace.o)
 .bss           0x00818b3c        0x0 /opt/altera/12.1sp1/nios2eds/bin/gnu/H-i686-pc-linux-gnu/bin/../lib/gcc/nios2-elf/4.1.2/../../../../nios2-elf/lib/mno-hw-mul/libc.a(lib_a-locale.o)
 .bss           0x00818b3c        0x0 /opt/altera/12.1sp1/nios2eds/bin/gnu/H-i686-pc-linux-gnu/bin/../lib/gcc/nios2-elf/4.1.2/../../../../nios2-elf/lib/mno-hw-mul/libc.a(lib_a-lseekr.o)
 .bss           0x00818b3c        0x0 /opt/altera/12.1sp1/nios2eds/bin/gnu/H-i686-pc-linux-gnu/bin/../lib/gcc/nios2-elf/4.1.2/../../../../nios2-elf/lib/mno-hw-mul/libc.a(lib_a-mbrtowc.o)
 .bss           0x00818b3c        0x0 /opt/altera/12.1sp1/nios2eds/bin/gnu/H-i686-pc-linux-gnu/bin/../lib/gcc/nios2-elf/4.1.2/../../../../nios2-elf/lib/mno-hw-mul/libc.a(lib_a-mbtowc_r.o)
 .bss           0x00818b3c        0x0 /opt/altera/12.1sp1/nios2eds/bin/gnu/H-i686-pc-linux-gnu/bin/../lib/gcc/nios2-elf/4.1.2/../../../../nios2-elf/lib/mno-hw-mul/libc.a(lib_a-memmove.o)
 .bss           0x00818b3c        0x0 /opt/altera/12.1sp1/nios2eds/bin/gnu/H-i686-pc-linux-gnu/bin/../lib/gcc/nios2-elf/4.1.2/../../../../nios2-elf/lib/mno-hw-mul/libc.a(lib_a-mprec.o)
 .bss           0x00818b3c        0x0 /opt/altera/12.1sp1/nios2eds/bin/gnu/H-i686-pc-linux-gnu/bin/../lib/gcc/nios2-elf/4.1.2/../../../../nios2-elf/lib/mno-hw-mul/libc.a(lib_a-readr.o)
 .bss           0x00818b3c        0x0 /opt/altera/12.1sp1/nios2eds/bin/gnu/H-i686-pc-linux-gnu/bin/../lib/gcc/nios2-elf/4.1.2/../../../../nios2-elf/lib/mno-hw-mul/libc.a(lib_a-reallocr.o)
 .bss           0x00818b3c        0x0 /opt/altera/12.1sp1/nios2eds/bin/gnu/H-i686-pc-linux-gnu/bin/../lib/gcc/nios2-elf/4.1.2/../../../../nios2-elf/lib/mno-hw-mul/libc.a(lib_a-s_isinfd.o)
 .bss           0x00818b3c        0x0 /opt/altera/12.1sp1/nios2eds/bin/gnu/H-i686-pc-linux-gnu/bin/../lib/gcc/nios2-elf/4.1.2/../../../../nios2-elf/lib/mno-hw-mul/libc.a(lib_a-s_isnand.o)
 .bss           0x00818b3c        0x0 /opt/altera/12.1sp1/nios2eds/bin/gnu/H-i686-pc-linux-gnu/bin/../lib/gcc/nios2-elf/4.1.2/../../../../nios2-elf/lib/mno-hw-mul/libc.a(lib_a-sccl.o)
 .bss           0x00818b3c        0x0 /opt/altera/12.1sp1/nios2eds/bin/gnu/H-i686-pc-linux-gnu/bin/../lib/gcc/nios2-elf/4.1.2/../../../../nios2-elf/lib/mno-hw-mul/libc.a(lib_a-sf_nan.o)
 .bss           0x00818b3c        0x0 /opt/altera/12.1sp1/nios2eds/bin/gnu/H-i686-pc-linux-gnu/bin/../lib/gcc/nios2-elf/4.1.2/../../../../nios2-elf/lib/mno-hw-mul/libc.a(lib_a-sprintf.o)
 .bss           0x00818b3c        0x0 /opt/altera/12.1sp1/nios2eds/bin/gnu/H-i686-pc-linux-gnu/bin/../lib/gcc/nios2-elf/4.1.2/../../../../nios2-elf/lib/mno-hw-mul/libc.a(lib_a-strcmp.o)
 .bss           0x00818b3c        0x0 /opt/altera/12.1sp1/nios2eds/bin/gnu/H-i686-pc-linux-gnu/bin/../lib/gcc/nios2-elf/4.1.2/../../../../nios2-elf/lib/mno-hw-mul/libc.a(lib_a-strtod.o)
 .bss           0x00818b3c        0x0 /opt/altera/12.1sp1/nios2eds/bin/gnu/H-i686-pc-linux-gnu/bin/../lib/gcc/nios2-elf/4.1.2/../../../../nios2-elf/lib/mno-hw-mul/libc.a(lib_a-strtol.o)
 .bss           0x00818b3c        0x0 /opt/altera/12.1sp1/nios2eds/bin/gnu/H-i686-pc-linux-gnu/bin/../lib/gcc/nios2-elf/4.1.2/../../../../nios2-elf/lib/mno-hw-mul/libc.a(lib_a-strtoll_r.o)
 .bss           0x00818b3c        0x0 /opt/altera/12.1sp1/nios2eds/bin/gnu/H-i686-pc-linux-gnu/bin/../lib/gcc/nios2-elf/4.1.2/../../../../nios2-elf/lib/mno-hw-mul/libc.a(lib_a-strtoul.o)
 .bss           0x00818b3c        0x0 /opt/altera/12.1sp1/nios2eds/bin/gnu/H-i686-pc-linux-gnu/bin/../lib/gcc/nios2-elf/4.1.2/../../../../nios2-elf/lib/mno-hw-mul/libc.a(lib_a-strtoull_r.o)
 .bss           0x00818b3c        0x0 /opt/altera/12.1sp1/nios2eds/bin/gnu/H-i686-pc-linux-gnu/bin/../lib/gcc/nios2-elf/4.1.2/../../../../nios2-elf/lib/mno-hw-mul/libc.a(lib_a-gdtoa-gethex.o)
 .bss           0x00818b3c        0x0 /opt/altera/12.1sp1/nios2eds/bin/gnu/H-i686-pc-linux-gnu/bin/../lib/gcc/nios2-elf/4.1.2/../../../../nios2-elf/lib/mno-hw-mul/libc.a(lib_a-gdtoa-hexnan.o)
 .bss           0x00818b3c        0x0 /opt/altera/12.1sp1/nios2eds/bin/gnu/H-i686-pc-linux-gnu/bin/../lib/gcc/nios2-elf/4.1.2/mno-hw-mul/libgcc.a(_muldi3.o)
 .bss           0x00818b3c        0x0 /opt/altera/12.1sp1/nios2eds/bin/gnu/H-i686-pc-linux-gnu/bin/../lib/gcc/nios2-elf/4.1.2/mno-hw-mul/libgcc.a(_fixunsdfsi.o)
 .bss           0x00818b3c        0x0 /opt/altera/12.1sp1/nios2eds/bin/gnu/H-i686-pc-linux-gnu/bin/../lib/gcc/nios2-elf/4.1.2/mno-hw-mul/libgcc.a(_udivdi3.o)
 .bss           0x00818b3c        0x0 /opt/altera/12.1sp1/nios2eds/bin/gnu/H-i686-pc-linux-gnu/bin/../lib/gcc/nios2-elf/4.1.2/mno-hw-mul/libgcc.a(_umoddi3.o)
 .bss           0x00818b3c        0x0 /opt/altera/12.1sp1/nios2eds/bin/gnu/H-i686-pc-linux-gnu/bin/../lib/gcc/nios2-elf/4.1.2/mno-hw-mul/libgcc.a(_ne_sf.o)
 .bss           0x00818b3c        0x0 /opt/altera/12.1sp1/nios2eds/bin/gnu/H-i686-pc-linux-gnu/bin/../lib/gcc/nios2-elf/4.1.2/mno-hw-mul/libgcc.a(_gt_sf.o)
 .bss           0x00818b3c        0x0 /opt/altera/12.1sp1/nios2eds/bin/gnu/H-i686-pc-linux-gnu/bin/../lib/gcc/nios2-elf/4.1.2/mno-hw-mul/libgcc.a(_lt_sf.o)
 .bss           0x00818b3c        0x0 /opt/altera/12.1sp1/nios2eds/bin/gnu/H-i686-pc-linux-gnu/bin/../lib/gcc/nios2-elf/4.1.2/mno-hw-mul/libgcc.a(_mul_df.o)
 .bss           0x00818b3c        0x0 /opt/altera/12.1sp1/nios2eds/bin/gnu/H-i686-pc-linux-gnu/bin/../lib/gcc/nios2-elf/4.1.2/mno-hw-mul/libgcc.a(_eq_df.o)
 .bss           0x00818b3c        0x0 /opt/altera/12.1sp1/nios2eds/bin/gnu/H-i686-pc-linux-gnu/bin/../lib/gcc/nios2-elf/4.1.2/mno-hw-mul/libgcc.a(_ne_df.o)
 .bss           0x00818b3c        0x0 /opt/altera/12.1sp1/nios2eds/bin/gnu/H-i686-pc-linux-gnu/bin/../lib/gcc/nios2-elf/4.1.2/mno-hw-mul/libgcc.a(_gt_df.o)
 .bss           0x00818b3c        0x0 /opt/altera/12.1sp1/nios2eds/bin/gnu/H-i686-pc-linux-gnu/bin/../lib/gcc/nios2-elf/4.1.2/mno-hw-mul/libgcc.a(_ge_df.o)
 .bss           0x00818b3c        0x0 /opt/altera/12.1sp1/nios2eds/bin/gnu/H-i686-pc-linux-gnu/bin/../lib/gcc/nios2-elf/4.1.2/mno-hw-mul/libgcc.a(_lt_df.o)
 .bss           0x00818b3c        0x0 /opt/altera/12.1sp1/nios2eds/bin/gnu/H-i686-pc-linux-gnu/bin/../lib/gcc/nios2-elf/4.1.2/mno-hw-mul/libgcc.a(_le_df.o)
 .bss           0x00818b3c        0x0 /opt/altera/12.1sp1/nios2eds/bin/gnu/H-i686-pc-linux-gnu/bin/../lib/gcc/nios2-elf/4.1.2/mno-hw-mul/libgcc.a(_si_to_df.o)
 .bss           0x00818b3c        0x0 /opt/altera/12.1sp1/nios2eds/bin/gnu/H-i686-pc-linux-gnu/bin/../lib/gcc/nios2-elf/4.1.2/mno-hw-mul/libgcc.a(_df_to_si.o)
 .bss           0x00818b3c        0x0 /opt/altera/12.1sp1/nios2eds/bin/gnu/H-i686-pc-linux-gnu/bin/../lib/gcc/nios2-elf/4.1.2/mno-hw-mul/libgcc.a(_df_to_sf.o)
 .bss           0x00818b3c        0x0 /opt/altera/12.1sp1/nios2eds/bin/gnu/H-i686-pc-linux-gnu/bin/../lib/gcc/nios2-elf/4.1.2/mno-hw-mul/libgcc.a(lib2-divmod.o)
 .bss           0x00818b3c        0x0 /opt/altera/12.1sp1/nios2eds/bin/gnu/H-i686-pc-linux-gnu/bin/../lib/gcc/nios2-elf/4.1.2/mno-hw-mul/libgcc.a(_unpack_sf.o)
 .bss           0x00818b3c        0x0 /opt/altera/12.1sp1/nios2eds/bin/gnu/H-i686-pc-linux-gnu/bin/../lib/gcc/nios2-elf/4.1.2/mno-hw-mul/libgcc.a(_fpcmp_parts_sf.o)
 .bss           0x00818b3c        0x0 /opt/altera/12.1sp1/nios2eds/bin/gnu/H-i686-pc-linux-gnu/bin/../lib/gcc/nios2-elf/4.1.2/mno-hw-mul/libgcc.a(_make_sf.o)
 .bss           0x00818b3c        0x0 /opt/altera/12.1sp1/nios2eds/bin/gnu/H-i686-pc-linux-gnu/bin/../lib/gcc/nios2-elf/4.1.2/mno-hw-mul/libgcc.a(_fpcmp_parts_df.o)
 .bss           0x00818b3c        0x0 /opt/altera/12.1sp1/nios2eds/bin/gnu/H-i686-pc-linux-gnu/bin/../lib/gcc/nios2-elf/4.1.2/mno-hw-mul/libgcc.a(_pack_sf.o)
 .bss           0x00818b3c        0x0 ../gaussian_filter_base_bsp//libhal_bsp.a(alt_close.o)
 .bss           0x00818b3c        0x0 ../gaussian_filter_base_bsp//libhal_bsp.a(alt_dev.o)