Archive member included because of file (symbol)

/opt/altera/12.1sp1/nios2eds/bin/gnu/H-i686-pc-linux-gnu/bin/../lib/gcc/nios2-elf/4.1.2/mno-hw-mul/libgcc.a(_div_df.o)
                              obj/default/hello_world.o (__divdf3)
/opt/altera/12.1sp1/nios2eds/bin/gnu/H-i686-pc-linux-gnu/bin/../lib/gcc/nios2-elf/4.1.2/mno-hw-mul/libgcc.a(_thenan_df.o)
                              /opt/altera/12.1sp1/nios2eds/bin/gnu/H-i686-pc-linux-gnu/bin/../lib/gcc/nios2-elf/4.1.2/mno-hw-mul/libgcc.a(_div_df.o) (__thenan_df)
/opt/altera/12.1sp1/nios2eds/bin/gnu/H-i686-pc-linux-gnu/bin/../lib/gcc/nios2-elf/4.1.2/mno-hw-mul/libgcc.a(_usi_to_df.o)
                              obj/default/hello_world.o (__floatunsidf)
/opt/altera/12.1sp1/nios2eds/bin/gnu/H-i686-pc-linux-gnu/bin/../lib/gcc/nios2-elf/4.1.2/mno-hw-mul/libgcc.a(lib2-mul.o)
                              obj/default/hello_world.o (__mulsi3)
/opt/altera/12.1sp1/nios2eds/bin/gnu/H-i686-pc-linux-gnu/bin/../lib/gcc/nios2-elf/4.1.2/mno-hw-mul/libgcc.a(_clzsi2.o)
                              /opt/altera/12.1sp1/nios2eds/bin/gnu/H-i686-pc-linux-gnu/bin/../lib/gcc/nios2-elf/4.1.2/mno-hw-mul/libgcc.a(_usi_to_df.o) (__clzsi2)
/opt/altera/12.1sp1/nios2eds/bin/gnu/H-i686-pc-linux-gnu/bin/../lib/gcc/nios2-elf/4.1.2/mno-hw-mul/libgcc.a(_pack_df.o)
                              /opt/altera/12.1sp1/nios2eds/bin/gnu/H-i686-pc-linux-gnu/bin/../lib/gcc/nios2-elf/4.1.2/mno-hw-mul/libgcc.a(_div_df.o) (__pack_d)
/opt/altera/12.1sp1/nios2eds/bin/gnu/H-i686-pc-linux-gnu/bin/../lib/gcc/nios2-elf/4.1.2/mno-hw-mul/libgcc.a(_unpack_df.o)
                              /opt/altera/12.1sp1/nios2eds/bin/gnu/H-i686-pc-linux-gnu/bin/../lib/gcc/nios2-elf/4.1.2/mno-hw-mul/libgcc.a(_div_df.o) (__unpack_d)
/opt/altera/12.1sp1/nios2eds/bin/gnu/H-i686-pc-linux-gnu/bin/../lib/gcc/nios2-elf/4.1.2/mno-hw-mul/libgcc.a(_clz.o)
                              /opt/altera/12.1sp1/nios2eds/bin/gnu/H-i686-pc-linux-gnu/bin/../lib/gcc/nios2-elf/4.1.2/mno-hw-mul/libgcc.a(_clzsi2.o) (__clz_tab)
/opt/altera/12.1sp1/nios2eds/bin/gnu/H-i686-pc-linux-gnu/bin/../lib/gcc/nios2-elf/4.1.2/../../../../nios2-elf/lib/mno-hw-mul/libc.a(lib_a-calloc.o)
                              obj/default/pgm.o (calloc)
/opt/altera/12.1sp1/nios2eds/bin/gnu/H-i686-pc-linux-gnu/bin/../lib/gcc/nios2-elf/4.1.2/../../../../nios2-elf/lib/mno-hw-mul/libc.a(lib_a-callocr.o)
                              /opt/altera/12.1sp1/nios2eds/bin/gnu/H-i686-pc-linux-gnu/bin/../lib/gcc/nios2-elf/4.1.2/../../../../nios2-elf/lib/mno-hw-mul/libc.a(lib_a-calloc.o) (_calloc_r)
/opt/altera/12.1sp1/nios2eds/bin/gnu/H-i686-pc-linux-gnu/bin/../lib/gcc/nios2-elf/4.1.2/../../../../nios2-elf/lib/mno-hw-mul/libc.a(lib_a-clock.o)
                              obj/default/hello_world.o (clock)
/opt/altera/12.1sp1/nios2eds/bin/gnu/H-i686-pc-linux-gnu/bin/../lib/gcc/nios2-elf/4.1.2/../../../../nios2-elf/lib/mno-hw-mul/libc.a(lib_a-ctype_.o)
                              obj/default/pgm.o (__ctype_ptr)
/opt/altera/12.1sp1/nios2eds/bin/gnu/H-i686-pc-linux-gnu/bin/../lib/gcc/nios2-elf/4.1.2/../../../../nios2-elf/lib/mno-hw-mul/libc.a(lib_a-exit.o)
                              obj/default/pgm.o (exit)
/opt/altera/12.1sp1/nios2eds/bin/gnu/H-i686-pc-linux-gnu/bin/../lib/gcc/nios2-elf/4.1.2/../../../../nios2-elf/lib/mno-hw-mul/libc.a(lib_a-fclose.o)
                              obj/default/pgm.o (fclose)
/opt/altera/12.1sp1/nios2eds/bin/gnu/H-i686-pc-linux-gnu/bin/../lib/gcc/nios2-elf/4.1.2/../../../../nios2-elf/lib/mno-hw-mul/libc.a(lib_a-fflush.o)
                              /opt/altera/12.1sp1/nios2eds/bin/gnu/H-i686-pc-linux-gnu/bin/../lib/gcc/nios2-elf/4.1.2/../../../../nios2-elf/lib/mno-hw-mul/libc.a(lib_a-fclose.o) (_fflush_r)
/opt/altera/12.1sp1/nios2eds/bin/gnu/H-i686-pc-linux-gnu/bin/../lib/gcc/nios2-elf/4.1.2/../../../../nios2-elf/lib/mno-hw-mul/libc.a(lib_a-fgetc.o)
                              obj/default/pgm.o (fgetc)
/opt/altera/12.1sp1/nios2eds/bin/gnu/H-i686-pc-linux-gnu/bin/../lib/gcc/nios2-elf/4.1.2/../../../../nios2-elf/lib/mno-hw-mul/libc.a(lib_a-fgets.o)
                              obj/default/pgm.o (fgets)
/opt/altera/12.1sp1/nios2eds/bin/gnu/H-i686-pc-linux-gnu/bin/../lib/gcc/nios2-elf/4.1.2/../../../../nios2-elf/lib/mno-hw-mul/libc.a(lib_a-findfp.o)
                              /opt/altera/12.1sp1/nios2eds/bin/gnu/H-i686-pc-linux-gnu/bin/../lib/gcc/nios2-elf/4.1.2/../../../../nios2-elf/lib/mno-hw-mul/libc.a(lib_a-fclose.o) (__sfp_lock_acquire)
/opt/altera/12.1sp1/nios2eds/bin/gnu/H-i686-pc-linux-gnu/bin/../lib/gcc/nios2-elf/4.1.2/../../../../nios2-elf/lib/mno-hw-mul/libc.a(lib_a-fopen.o)
                              obj/default/pgm.o (fopen)
/opt/altera/12.1sp1/nios2eds/bin/gnu/H-i686-pc-linux-gnu/bin/../lib/gcc/nios2-elf/4.1.2/../../../../nios2-elf/lib/mno-hw-mul/libc.a(lib_a-fprintf.o)
                              obj/default/pgm.o (fprintf)
[...]
Memory Configuration

Name             Origin             Length             Attributes
sdram            0x00800000         0x00800000
reset            0x01080000         0x00000020
sram_0           0x01080020         0x0007ffe0
onchip_mem       0x01108000         0x00005000
*default*        0x00000000         0xffffffff

Linker script and memory map

LOAD ../test_time_filter_bsp//obj/HAL/src/crt0.o
LOAD obj/default/hello_world.o
LOAD obj/default/pgm.o
LOAD /opt/altera/12.1sp1/nios2eds/bin/gnu/H-i686-pc-linux-gnu/bin/../lib/gcc/nios2-elf/4.1.2/../../../../nios2-elf/lib/mno-hw-mul/libstdc++.a
LOAD /opt/altera/12.1sp1/nios2eds/bin/gnu/H-i686-pc-linux-gnu/bin/../lib/gcc/nios2-elf/4.1.2/../../../../nios2-elf/lib/mno-hw-mul/libm.a
LOAD /opt/altera/12.1sp1/nios2eds/bin/gnu/H-i686-pc-linux-gnu/bin/../lib/gcc/nios2-elf/4.1.2/mno-hw-mul/libgcc.a
START GROUP
LOAD /opt/altera/12.1sp1/nios2eds/bin/gnu/H-i686-pc-linux-gnu/bin/../lib/gcc/nios2-elf/4.1.2/../../../../nios2-elf/lib/mno-hw-mul/libc.a
LOAD /opt/altera/12.1sp1/nios2eds/bin/gnu/H-i686-pc-linux-gnu/bin/../lib/gcc/nios2-elf/4.1.2/mno-hw-mul/libgcc.a
LOAD ../test_time_filter_bsp//libhal_bsp.a
END GROUP
LOAD /opt/altera/12.1sp1/nios2eds/bin/gnu/H-i686-pc-linux-gnu/bin/../lib/gcc/nios2-elf/4.1.2/mno-hw-mul/libgcc.a
                0x00800000                __alt_mem_sdram = 0x800000
                0x01080000                __alt_mem_sram_0 = 0x1080000
                0x01108000                __alt_mem_onchip_mem = 0x1108000

.entry          0x01080000       0x20
 *(.entry)
 .entry         0x01080000       0x20 ../test_time_filter_bsp//obj/HAL/src/crt0.o
                0x01080000                __reset

.exceptions     0x01080020      0x194 load address 0x00800000
                0x01080020                PROVIDE (__ram_exceptions_start, ABSOLUTE (.))
                0x01080020                . = ALIGN (0x20)
 *(.irq)
 *(.exceptions.entry.label)
 .exceptions.entry.label
                0x01080020        0x0 ../test_time_filter_bsp//libhal_bsp.a(alt_irq_entry.o)
                0x01080020                alt_irq_entry
 .exceptions.entry.label
                0x01080020        0x0 ../test_time_filter_bsp//libhal_bsp.a(alt_exception_entry.o)
                0x01080020                alt_exception
 *(.exceptions.entry.user)
 *(.exceptions.entry)
 .exceptions.entry
                0x01080020       0x54 ../test_time_filter_bsp//libhal_bsp.a(alt_exception_entry.o)
 *(.exceptions.irqtest.user)
 *(.exceptions.irqtest)
 .exceptions.irqtest
                0x01080074       0x10 ../test_time_filter_bsp//libhal_bsp.a(alt_irq_entry.o)
 *(.exceptions.irqhandler.user)
 *(.exceptions.irqhandler)
 .exceptions.irqhandler
                0x01080084        0x4 ../test_time_filter_bsp//libhal_bsp.a(alt_irq_entry.o)
 *(.exceptions.irqreturn.user)
 *(.exceptions.irqreturn)
 .exceptions.irqreturn
                0x01080088        0x4 ../test_time_filter_bsp//libhal_bsp.a(alt_irq_entry.o)
 *(.exceptions.notirq.label)
 .exceptions.notirq.label
                0x0108008c        0x0 ../test_time_filter_bsp//libhal_bsp.a(alt_irq_entry.o)
 *(.exceptions.notirq.user)
 *(.exceptions.notirq)
 .exceptions.notirq
                0x0108008c        0x8 ../test_time_filter_bsp//libhal_bsp.a(alt_exception_entry.o)
 *(.exceptions.soft.user)
 *(.exceptions.soft)
 *(.exceptions.unknown.user)
 *(.exceptions.unknown)
 .exceptions.unknown
                0x01080094        0x4 ../test_time_filter_bsp//libhal_bsp.a(alt_exception_entry.o)
 *(.exceptions.exit.label)
 .exceptions.exit.label
                0x01080098        0x0 ../test_time_filter_bsp//libhal_bsp.a(alt_irq_entry.o)
 .exceptions.exit.label
                0x01080098        0x0 ../test_time_filter_bsp//libhal_bsp.a(alt_exception_entry.o)
 *(.exceptions.exit.user)
 *(.exceptions.exit)
 .exceptions.exit
                0x01080098       0x54 ../test_time_filter_bsp//libhal_bsp.a(alt_exception_entry.o)
 *(.exceptions)
 .exceptions    0x010800ec       0xc8 ../test_time_filter_bsp//libhal_bsp.a(alt_irq_handler.o)
                0x010800ec                alt_irq_handler
                0x010801b4                PROVIDE (__ram_exceptions_end, ABSOLUTE (.))
                0x00800000                PROVIDE (__flash_exceptions_start, LOADADDR (.exceptions))

.text           0x00800194    0x147e0
                0x00800194                PROVIDE (stext, ABSOLUTE (.))
 *(.interp)
 *(.hash)
 *(.dynsym)
 *(.dynstr)
 *(.gnu.version)
 *(.gnu.version_d)
 *(.gnu.version_r)
 *(.rel.init)
 *(.rela.init)
 *(.rel.text .rel.text.* .rel.gnu.linkonce.t.*)
 *(.rela.text .rela.text.* .rela.gnu.linkonce.t.*)
 *(.rel.fini)
 *(.rela.fini)
 *(.rel.rodata .rel.rodata.* .rel.gnu.linkonce.r.*)
 *(.rela.rodata .rela.rodata.* .rela.gnu.linkonce.r.*)
 *(.rel.data .rel.data.* .rel.gnu.linkonce.d.*)
 *(.rela.data .rela.data.* .rela.gnu.linkonce.d.*)
 *(.rel.tdata .rel.tdata.* .rel.gnu.linkonce.td.*)
 *(.rela.tdata .rela.tdata.* .rela.gnu.linkonce.td.*)
 *(.rel.tbss .rel.tbss.* .rel.gnu.linkonce.tb.*)
 *(.rela.tbss .rela.tbss.* .rela.gnu.linkonce.tb.*)
 *(.rel.ctors)
 *(.rela.ctors)
 *(.rel.dtors)
 *(.rela.dtors)
 *(.rel.got)
 *(.rela.got)
 *(.rel.sdata .rel.sdata.* .rel.gnu.linkonce.s.*)
 *(.rela.sdata .rela.sdata.* .rela.gnu.linkonce.s.*)
 *(.rel.sbss .rel.sbss.* .rel.gnu.linkonce.sb.*)
 *(.rela.sbss .rela.sbss.* .rela.gnu.linkonce.sb.*)
 *(.rel.sdata2 .rel.sdata2.* .rel.gnu.linkonce.s2.*)
 *(.rela.sdata2 .rela.sdata2.* .rela.gnu.linkonce.s2.*)
 *(.rel.sbss2 .rel.sbss2.* .rel.gnu.linkonce.sb2.*)
 *(.rela.sbss2 .rela.sbss2.* .rela.gnu.linkonce.sb2.*)
 *(.rel.bss .rel.bss.* .rel.gnu.linkonce.b.*)
 *(.rela.bss .rela.bss.* .rela.gnu.linkonce.b.*)
 *(.rel.plt)
 *(.rela.plt)
 *(.rel.dyn)
 *(.init)
 *(.plt)
 *(.text .stub .text.* .gnu.linkonce.t.*)
 .text          0x00800194       0x3c ../test_time_filter_bsp//obj/HAL/src/crt0.o
                0x00800194                _start
 .text          0x008001d0      0x3c0 obj/default/hello_world.o
                0x008001d0                gaussian_filter
                0x0080053c                main
 .text          0x00800590     0x1670 obj/default/pgm.o
                0x00800590                readToWhitespace
                0x00800654                eatCommsWhitespaces
                0x008006fc                eatWhitespaces
                0x00800798                eatComments
                0x0080081c                pgmread
                0x00800c60                pgmwrite
                0x00800f94                pgmread2
                0x00801428                pgmwrite2
                0x0080177c                ppmwrite2
 .text          0x00801c00      0x258 /opt/altera/12.1sp1/nios2eds/bin/gnu/H-i686-pc-linux-gnu/bin/../lib/gcc/nios2-elf/4.1.2/mno-hw-mul/libgcc.a(_div_df.o)
                0x00801c00                __divdf3
 .text          0x00801e58        0x0 /opt/altera/12.1sp1/nios2eds/bin/gnu/H-i686-pc-linux-gnu/bin/../lib/gcc/nios2-elf/4.1.2/mno-hw-mul/libgcc.a(_thenan_df.o)
 .text          0x00801e58      0x194 /opt/altera/12.1sp1/nios2eds/bin/gnu/H-i686-pc-linux-gnu/bin/../lib/gcc/nios2-elf/4.1.2/mno-hw-mul/libgcc.a(_usi_to_df.o)
                0x00801e58                __floatunsidf
 .text          0x00801fec       0x38 /opt/altera/12.1sp1/nios2eds/bin/gnu/H-i686-pc-linux-gnu/bin/../lib/gcc/nios2-elf/4.1.2/mno-hw-mul/libgcc.a(lib2-mul.o)
                0x00801fec                __mulsi3
 .text          0x00802024       0x80 /opt/altera/12.1sp1/nios2eds/bin/gnu/H-i686-pc-linux-gnu/bin/../lib/gcc/nios2-elf/4.1.2/mno-hw-mul/libgcc.a(_clzsi2.o)
                0x00802024                __clzsi2
 .text          0x008020a4      0x314 /opt/altera/12.1sp1/nios2eds/bin/gnu/H-i686-pc-linux-gnu/bin/../lib/gcc/nios2-elf/4.1.2/mno-hw-mul/libgcc.a(_pack_df.o)
                0x008020a4                __pack_d
 .text          0x008023b8      0x138 /opt/altera/12.1sp1/nios2eds/bin/gnu/H-i686-pc-linux-gnu/bin/../lib/gcc/nios2-elf/4.1.2/mno-hw-mul/libgcc.a(_unpack_df.o)
                0x008023b8                __unpack_d
 .text          0x008024f0        0x0 /opt/altera/12.1sp1/nios2eds/bin/gnu/H-i686-pc-linux-gnu/bin/../lib/gcc/nios2-elf/4.1.2/mno-hw-mul/libgcc.a(_clz.o)
 .text          0x008024f0       0x1c /opt/altera/12.1sp1/nios2eds/bin/gnu/H-i686-pc-linux-gnu/bin/../lib/gcc/nios2-elf/4.1.2/../../../../nios2-elf/lib/mno-hw-mul/libc.a(lib_a-calloc.o)
                0x008024f0                calloc
 .text          0x0080250c       0xc8 /opt/altera/12.1sp1/nios2eds/bin/gnu/H-i686-pc-linux-gnu/bin/../lib/gcc/nios2-elf/4.1.2/../../../../nios2-elf/lib/mno-hw-mul/libc.a(lib_a-callocr.o)
                0x0080250c                _calloc_r
 .text          0x008025d4       0x54 /opt/altera/12.1sp1/nios2eds/bin/gnu/H-i686-pc-linux-gnu/bin/../lib/gcc/nios2-elf/4.1.2/../../../../nios2-elf/lib/mno-hw-mul/libc.a(lib_a-clock.o)
                0x008025d4                clock
 .text          0x00802628        0x0 /opt/altera/12.1sp1/nios2eds/bin/gnu/H-i686-pc-linux-gnu/bin/../lib/gcc/nios2-elf/4.1.2/../../../../nios2-elf/lib/mno-hw-mul/libc.a(lib_a-ctype_.o)
 .text          0x00802628       0x38 /opt/altera/12.1sp1/nios2eds/bin/gnu/H-i686-pc-linux-gnu/bin/../lib/gcc/nios2-elf/4.1.2/../../../../nios2-elf/lib/mno-hw-mul/libc.a(lib_a-exit.o)
                0x00802628                exit
 .text          0x00802660      0x124 /opt/altera/12.1sp1/nios2eds/bin/gnu/H-i686-pc-linux-gnu/bin/../lib/gcc/nios2-elf/4.1.2/../../../../nios2-elf/lib/mno-hw-mul/libc.a(lib_a-fclose.o)
                0x00802660                _fclose_r
                0x00802770                fclose
 .text          0x00802784      0x230 /opt/altera/12.1sp1/nios2eds/bin/gnu/H-i686-pc-linux-gnu/bin/../lib/gcc/nios2-elf/4.1.2/../../../../nios2-elf/lib/mno-hw-mul/libc.a(lib_a-fflush.o)
                0x00802784                _fflush_r
                0x00802980                fflush
 .text          0x008029b4      0x128 /opt/altera/12.1sp1/nios2eds/bin/gnu/H-i686-pc-linux-gnu/bin/../lib/gcc/nios2-elf/4.1.2/../../../../nios2-elf/lib/mno-hw-mul/libc.a(lib_a-fgetc.o)
                0x008029b4                fgetc
                0x00802a4c                _fgetc_r
 .text          0x00802adc      0x16c /opt/altera/12.1sp1/nios2eds/bin/gnu/H-i686-pc-linux-gnu/bin/../lib/gcc/nios2-elf/4.1.2/../../../../nios2-elf/lib/mno-hw-mul/libc.a(lib_a-fgets.o)
                0x00802adc                _fgets_r
                0x00802c24                fgets
 .text          0x00802c48      0x2f4 /opt/altera/12.1sp1/nios2eds/bin/gnu/H-i686-pc-linux-gnu/bin/../lib/gcc/nios2-elf/4.1.2/../../../../nios2-elf/lib/mno-hw-mul/libc.a(lib_a-findfp.o)
                0x00802ca0                __sfp_lock_acquire
                0x00802ca4                __sfp_lock_release
                0x00802ca8                __sinit_lock_acquire
                0x00802cac                __sinit_lock_release
                0x00802cb0                __sinit
                0x00802d64                __fp_unlock_all
                0x00802d7c                __fp_lock_all
                0x00802d94                _cleanup_r
                0x00802da0                _cleanup
                0x00802db0                __sfmoreglue
                0x00802e4c                __sfp
 .text          0x00802f3c      0x110 /opt/altera/12.1sp1/nios2eds/bin/gnu/H-i686-pc-linux-gnu/bin/../lib/gcc/nios2-elf/4.1.2/../../../../nios2-elf/lib/mno-hw-mul/libc.a(lib_a-fopen.o)
                0x00802f3c                _fopen_r
                0x00803030                fopen
 .text          0x0080304c       0x60 /opt/altera/12.1sp1/nios2eds/bin/gnu/H-i686-pc-linux-gnu/bin/../lib/gcc/nios2-elf/4.1.2/../../../../nios2-elf/lib/mno-hw-mul/libc.a(lib_a-fprintf.o)
                0x0080304c                fprintf
                0x00803078                _fprintf_r
 .text          0x008030ac      0x24c /opt/altera/12.1sp1/nios2eds/bin/gnu/H-i686-pc-linux-gnu/bin/../lib/gcc/nios2-elf/4.1.2/../../../../nios2-elf/lib/mno-hw-mul/libc.a(lib_a-fread.o)
                0x008030ac                _fread_r
                0x008032b8                fread
 .text          0x008032f8      0x440 /opt/altera/12.1sp1/nios2eds/bin/gnu/H-i686-pc-linux-gnu/bin/../lib/gcc/nios2-elf/4.1.2/../../../../nios2-elf/lib/mno-hw-mul/libc.a(lib_a-freer.o)
                0x008032f8                _malloc_trim_r
                0x00803424                _free_r
 .text          0x00803738       0x6c /opt/altera/12.1sp1/nios2eds/bin/gnu/H-i686-pc-linux-gnu/bin/../lib/gcc/nios2-elf/4.1.2/../../../../nios2-elf/lib/mno-hw-mul/libc.a(lib_a-fscanf.o)
                0x00803738                _fscanf_r
                0x00803760                fscanf
 .text          0x008037a4      0x460 /opt/altera/12.1sp1/nios2eds/bin/gnu/H-i686-pc-linux-gnu/bin/../lib/gcc/nios2-elf/4.1.2/../../../../nios2-elf/lib/mno-hw-mul/libc.a(lib_a-fseek.o)
                0x008037a4                _fseek_r
                0x00803be0                fseek
 .text          0x00803c04       0x74 /opt/altera/12.1sp1/nios2eds/bin/gnu/H-i686-pc-linux-gnu/bin/../lib/gcc/nios2-elf/4.1.2/../../../../nios2-elf/lib/mno-hw-mul/libc.a(lib_a-fstatr.o)
                0x00803c04                _fstat_r
 .text          0x00803c78      0x180 /opt/altera/12.1sp1/nios2eds/bin/gnu/H-i686-pc-linux-gnu/bin/../lib/gcc/nios2-elf/4.1.2/../../../../nios2-elf/lib/mno-hw-mul/libc.a(lib_a-fwalk.o)
                0x00803c78                _fwalk_reent
                0x00803d40                _fwalk
 .text          0x00803df8       0xec /opt/altera/12.1sp1/nios2eds/bin/gnu/H-i686-pc-linux-gnu/bin/../lib/gcc/nios2-elf/4.1.2/../../../../nios2-elf/lib/mno-hw-mul/libc.a(lib_a-fwrite.o)
                0x00803df8                _fwrite_r
                0x00803ea4                fwrite
 .text          0x00803ee4        0x0 /opt/altera/12.1sp1/nios2eds/bin/gnu/H-i686-pc-linux-gnu/bin/../lib/gcc/nios2-elf/4.1.2/../../../../nios2-elf/lib/mno-hw-mul/libc.a(lib_a-impure.o)
 .text          0x00803ee4        0x0 /opt/altera/12.1sp1/nios2eds/bin/gnu/H-i686-pc-linux-gnu/bin/../lib/gcc/nios2-elf/4.1.2/../../../../nios2-elf/lib/mno-hw-mul/libc.a(lib_a-int_errno.o)
 .text          0x00803ee4      0x194 /opt/altera/12.1sp1/nios2eds/bin/gnu/H-i686-pc-linux-gnu/bin/../lib/gcc/nios2-elf/4.1.2/../../../../nios2-elf/lib/mno-hw-mul/libc.a(lib_a-makebuf.o)
                0x00803ee4                __smakebuf_r
 .text          0x00804078       0x28 /opt/altera/12.1sp1/nios2eds/bin/gnu/H-i686-pc-linux-gnu/bin/../lib/gcc/nios2-elf/4.1.2/../../../../nios2-elf/lib/mno-hw-mul/libc.a(lib_a-malloc.o)
                0x00804078                free
                0x0080408c                malloc
 .text          0x008040a0      0x740 /opt/altera/12.1sp1/nios2eds/bin/gnu/H-i686-pc-linux-gnu/bin/../lib/gcc/nios2-elf/4.1.2/../../../../nios2-elf/lib/mno-hw-mul/libc.a(lib_a-mallocr.o)
                0x008040a0                _malloc_r
 .text          0x008047e0       0xe4 /opt/altera/12.1sp1/nios2eds/bin/gnu/H-i686-pc-linux-gnu/bin/../lib/gcc/nios2-elf/4.1.2/../../../../nios2-elf/lib/mno-hw-mul/libc.a(lib_a-memchr.o)
                0x008047e0                memchr
 .text          0x008048c4       0xa0 /opt/altera/12.1sp1/nios2eds/bin/gnu/H-i686-pc-linux-gnu/bin/../lib/gcc/nios2-elf/4.1.2/../../../../nios2-elf/lib/mno-hw-mul/libc.a(lib_a-memcpy.o)
                0x008048c4                memcpy
 .text          0x00804964       0x98 /opt/altera/12.1sp1/nios2eds/bin/gnu/H-i686-pc-linux-gnu/bin/../lib/gcc/nios2-elf/4.1.2/../../../../nios2-elf/lib/mno-hw-mul/libc.a(lib_a-memset.o)
                0x00804964                memset
 .text          0x008049fc       0x78 /opt/altera/12.1sp1/nios2eds/bin/gnu/H-i686-pc-linux-gnu/bin/../lib/gcc/nios2-elf/4.1.2/../../../../nios2-elf/lib/mno-hw-mul/libc.a(lib_a-openr.o)
                0x008049fc                _open_r
 .text          0x00804a74       0x78 /opt/altera/12.1sp1/nios2eds/bin/gnu/H-i686-pc-linux-gnu/bin/../lib/gcc/nios2-elf/4.1.2/../../../../nios2-elf/lib/mno-hw-mul/libc.a(lib_a-printf.o)
                0x00804a74                printf
                0x00804ab8                _printf_r
 .text          0x00804aec       0xb4 /opt/altera/12.1sp1/nios2eds/bin/gnu/H-i686-pc-linux-gnu/bin/../lib/gcc/nios2-elf/4.1.2/../../../../nios2-elf/lib/mno-hw-mul/libc.a(lib_a-puts.o)
                0x00804aec                _puts_r
                0x00804b8c                puts
 .text          0x00804ba0      0x1e0 /opt/altera/12.1sp1/nios2eds/bin/gnu/H-i686-pc-linux-gnu/bin/../lib/gcc/nios2-elf/4.1.2/../../../../nios2-elf/lib/mno-hw-mul/libc.a(lib_a-refill.o)
                0x00804ba0                __srefill_r
 .text          0x00804d80       0x60 /opt/altera/12.1sp1/nios2eds/bin/gnu/H-i686-pc-linux-gnu/bin/../lib/gcc/nios2-elf/4.1.2/../../../../nios2-elf/lib/mno-hw-mul/libc.a(lib_a-rget.o)
                0x00804d80                __srget_r
                0x00804dcc                __srget
 .text          0x00804de0       0x70 /opt/altera/12.1sp1/nios2eds/bin/gnu/H-i686-pc-linux-gnu/bin/../lib/gcc/nios2-elf/4.1.2/../../../../nios2-elf/lib/mno-hw-mul/libc.a(lib_a-sbrkr.o)
                0x00804de0                _sbrk_r
 .text          0x00804e50      0x114 /opt/altera/12.1sp1/nios2eds/bin/gnu/H-i686-pc-linux-gnu/bin/../lib/gcc/nios2-elf/4.1.2/../../../../nios2-elf/lib/mno-hw-mul/libc.a(lib_a-sscanf.o)
                0x00804e58                _sscanf_r
                0x00804ee0                sscanf
 .text          0x00804f64      0x14c /opt/altera/12.1sp1/nios2eds/bin/gnu/H-i686-pc-linux-gnu/bin/../lib/gcc/nios2-elf/4.1.2/../../../../nios2-elf/lib/mno-hw-mul/libc.a(lib_a-stdio.o)
                0x00804f64                __sclose
                0x00804f6c                __sseek
                0x00804fd4                __swrite
                0x00805050                __sread
 .text          0x008050b0       0x74 /opt/altera/12.1sp1/nios2eds/bin/gnu/H-i686-pc-linux-gnu/bin/../lib/gcc/nios2-elf/4.1.2/../../../../nios2-elf/lib/mno-hw-mul/libc.a(lib_a-strlen.o)
                0x008050b0                strlen
 .text          0x00805124       0xf0 /opt/altera/12.1sp1/nios2eds/bin/gnu/H-i686-pc-linux-gnu/bin/../lib/gcc/nios2-elf/4.1.2/../../../../nios2-elf/lib/mno-hw-mul/libc.a(lib_a-strncmp.o)
                0x00805124                strncmp
 .text          0x00805214        0x8 /opt/altera/12.1sp1/nios2eds/bin/gnu/H-i686-pc-linux-gnu/bin/../lib/gcc/nios2-elf/4.1.2/../../../../nios2-elf/lib/mno-hw-mul/libc.a(lib_a-timesr.o)
                0x00805214                _times_r
 .text          0x0080521c      0x294 /opt/altera/12.1sp1/nios2eds/bin/gnu/H-i686-pc-linux-gnu/bin/../lib/gcc/nios2-elf/4.1.2/../../../../nios2-elf/lib/mno-hw-mul/libc.a(lib_a-ungetc.o)
                0x0080521c                __submore
                0x008052f8                _ungetc_r
                0x00805494                ungetc
 .text          0x008054b0     0x1f40 /opt/altera/12.1sp1/nios2eds/bin/gnu/H-i686-pc-linux-gnu/bin/../lib/gcc/nios2-elf/4.1.2/../../../../nios2-elf/lib/mno-hw-mul/libc.a(lib_a-vfprintf.o)
                0x00805508                ___vfprintf_internal_r
                0x008073cc                __vfprintf_internal
 .text          0x008073f0     0x1788 /opt/altera/12.1sp1/nios2eds/bin/gnu/H-i686-pc-linux-gnu/bin/../lib/gcc/nios2-elf/4.1.2/../../../../nios2-elf/lib/mno-hw-mul/libc.a(lib_a-vfscanf.o)
                0x008073f0                __svfscanf_r
                0x00808a78                __svfscanf
                0x00808a9c                _vfscanf_r
                0x00808b04                vfscanf
 .text          0x00808b78       0x78 /opt/altera/12.1sp1/nios2eds/bin/gnu/H-i686-pc-linux-gnu/bin/../lib/gcc/nios2-elf/4.1.2/../../../../nios2-elf/lib/mno-hw-mul/libc.a(lib_a-writer.o)
                0x00808b78                _write_r
 .text          0x00808bf0      0x13c /opt/altera/12.1sp1/nios2eds/bin/gnu/H-i686-pc-linux-gnu/bin/../lib/gcc/nios2-elf/4.1.2/../../../../nios2-elf/lib/mno-hw-mul/libc.a(lib_a-wsetup.o)
                0x00808bf0                __swsetup_r
 .text          0x00808d2c      0x1b4 /opt/altera/12.1sp1/nios2eds/bin/gnu/H-i686-pc-linux-gnu/bin/../lib/gcc/nios2-elf/4.1.2/../../../../nios2-elf/lib/mno-hw-mul/libc.a(lib_a-__call_atexit.o)
                0x00808d30                __call_exitprocs
 .text          0x00808ee0       0x70 /opt/altera/12.1sp1/nios2eds/bin/gnu/H-i686-pc-linux-gnu/bin/../lib/gcc/nios2-elf/4.1.2/../../../../nios2-elf/lib/mno-hw-mul/libc.a(lib_a-closer.o)
                0x00808ee0                _close_r
 .text          0x00808f50     0x17f8 /opt/altera/12.1sp1/nios2eds/bin/gnu/H-i686-pc-linux-gnu/bin/../lib/gcc/nios2-elf/4.1.2/../../../../nios2-elf/lib/mno-hw-mul/libc.a(lib_a-dtoa.o)
                0x00809194                _dtoa_r
 .text          0x0080a748       0xa0 /opt/altera/12.1sp1/nios2eds/bin/gnu/H-i686-pc-linux-gnu/bin/../lib/gcc/nios2-elf/4.1.2/../../../../nios2-elf/lib/mno-hw-mul/libc.a(lib_a-flags.o)
                0x0080a748                __sflags
 .text          0x0080a7e8      0x49c /opt/altera/12.1sp1/nios2eds/bin/gnu/H-i686-pc-linux-gnu/bin/../lib/gcc/nios2-elf/4.1.2/../../../../nios2-elf/lib/mno-hw-mul/libc.a(lib_a-fvwrite.o)
                0x0080a7e8                __sfvwrite_r
 .text          0x0080ac84       0x70 /opt/altera/12.1sp1/nios2eds/bin/gnu/H-i686-pc-linux-gnu/bin/../lib/gcc/nios2-elf/4.1.2/../../../../nios2-elf/lib/mno-hw-mul/libc.a(lib_a-isattyr.o)
                0x0080ac84                _isatty_r
 .text          0x0080acf4       0x2c /opt/altera/12.1sp1/nios2eds/bin/gnu/H-i686-pc-linux-gnu/bin/../lib/gcc/nios2-elf/4.1.2/../../../../nios2-elf/lib/mno-hw-mul/libc.a(lib_a-iswspace.o)
                0x0080acf4                iswspace
 .text          0x0080ad20       0xc4 /opt/altera/12.1sp1/nios2eds/bin/gnu/H-i686-pc-linux-gnu/bin/../lib/gcc/nios2-elf/4.1.2/../../../../nios2-elf/lib/mno-hw-mul/libc.a(lib_a-locale.o)
                0x0080ad20                __locale_charset
                0x0080ad28                _localeconv_r
                0x0080ad34                localeconv
                0x0080ad44                _setlocale_r
                0x0080adc8                setlocale
 .text          0x0080ade4       0x78 /opt/altera/12.1sp1/nios2eds/bin/gnu/H-i686-pc-linux-gnu/bin/../lib/gcc/nios2-elf/4.1.2/../../../../nios2-elf/lib/mno-hw-mul/libc.a(lib_a-lseekr.o)
                0x0080ade4                _lseek_r
 .text          0x0080ae5c       0xc0 /opt/altera/12.1sp1/nios2eds/bin/gnu/H-i686-pc-linux-gnu/bin/../lib/gcc/nios2-elf/4.1.2/../../../../nios2-elf/lib/mno-hw-mul/libc.a(lib_a-mbrtowc.o)
                0x0080ae5c                _mbrtowc_r
                0x0080aedc                mbrtowc
 .text          0x0080af1c       0x40 /opt/altera/12.1sp1/nios2eds/bin/gnu/H-i686-pc-linux-gnu/bin/../lib/gcc/nios2-elf/4.1.2/../../../../nios2-elf/lib/mno-hw-mul/libc.a(lib_a-mbtowc_r.o)
                0x0080af1c                _mbtowc_r
 .text          0x0080af5c       0xe0 /opt/altera/12.1sp1/nios2eds/bin/gnu/H-i686-pc-linux-gnu/bin/../lib/gcc/nios2-elf/4.1.2/../../../../nios2-elf/lib/mno-hw-mul/libc.a(lib_a-memmove.o)
                0x0080af5c                memmove
 .text          0x0080b03c     0x108c /opt/altera/12.1sp1/nios2eds/bin/gnu/H-i686-pc-linux-gnu/bin/../lib/gcc/nios2-elf/4.1.2/../../../../nios2-elf/lib/mno-hw-mul/libc.a(lib_a-mprec.o)
                0x0080b03c                _Bfree
                0x0080b064                __hi0bits
                0x0080b0d4                __lo0bits
                0x0080b198                __mcmp
                0x0080b1f8                __ulp
                0x0080b278                __b2d
                0x0080b398                __ratio
                0x0080b448                _mprec_log10
                0x0080b4dc                __copybits
                0x0080b534                __any_on
                0x0080b5bc                _Balloc
                0x0080b678                __d2b
                0x0080b7f4                __mdiff
                0x0080b980                __lshift
                0x0080bacc                __multiply
                0x0080bd20                __i2b
                0x0080bd5c                __multadd
                0x0080be88                __pow5mult
                0x0080bfa8                __s2b
 .text          0x0080c0c8       0x78 /opt/altera/12.1sp1/nios2eds/bin/gnu/H-i686-pc-linux-gnu/bin/../lib/gcc/nios2-elf/4.1.2/../../../../nios2-elf/lib/mno-hw-mul/libc.a(lib_a-readr.o)
                0x0080c0c8                _read_r
 .text          0x0080c140      0x5f4 /opt/altera/12.1sp1/nios2eds/bin/gnu/H-i686-pc-linux-gnu/bin/../lib/gcc/nios2-elf/4.1.2/../../../../nios2-elf/lib/mno-hw-mul/libc.a(lib_a-reallocr.o)
                0x0080c140                _realloc_r
 .text          0x0080c734       0x40 /opt/altera/12.1sp1/nios2eds/bin/gnu/H-i686-pc-linux-gnu/bin/../lib/gcc/nios2-elf/4.1.2/../../../../nios2-elf/lib/mno-hw-mul/libc.a(lib_a-s_isinfd.o)
                0x0080c734                __isinfd
 .text          0x0080c774       0x30 /opt/altera/12.1sp1/nios2eds/bin/gnu/H-i686-pc-linux-gnu/bin/../lib/gcc/nios2-elf/4.1.2/../../../../nios2-elf/lib/mno-hw-mul/libc.a(lib_a-s_isnand.o)
                0x0080c774                __isnand
 .text          0x0080c7a4       0xc0 /opt/altera/12.1sp1/nios2eds/bin/gnu/H-i686-pc-linux-gnu/bin/../lib/gcc/nios2-elf/4.1.2/../../../../nios2-elf/lib/mno-hw-mul/libc.a(lib_a-sccl.o)
                0x0080c7a4                __sccl
 .text          0x0080c864        0x8 /opt/altera/12.1sp1/nios2eds/bin/gnu/H-i686-pc-linux-gnu/bin/../lib/gcc/nios2-elf/4.1.2/../../../../nios2-elf/lib/mno-hw-mul/libc.a(lib_a-sf_nan.o)
                0x0080c864                nanf
 .text          0x0080c86c       0xd4 /opt/altera/12.1sp1/nios2eds/bin/gnu/H-i686-pc-linux-gnu/bin/../lib/gcc/nios2-elf/4.1.2/../../../../nios2-elf/lib/mno-hw-mul/libc.a(lib_a-sprintf.o)
                0x0080c86c                sprintf
                0x0080c8e0                _sprintf_r
 .text          0x0080c940       0xbc /opt/altera/12.1sp1/nios2eds/bin/gnu/H-i686-pc-linux-gnu/bin/../lib/gcc/nios2-elf/4.1.2/../../../../nios2-elf/lib/mno-hw-mul/libc.a(lib_a-strcmp.o)
                0x0080c940                strcmp
 .text          0x0080c9fc     0x1754 /opt/altera/12.1sp1/nios2eds/bin/gnu/H-i686-pc-linux-gnu/bin/../lib/gcc/nios2-elf/4.1.2/../../../../nios2-elf/lib/mno-hw-mul/libc.a(lib_a-strtod.o)
                0x0080ca44                _strtod_r
                0x0080e010                strtof
                0x0080e134                strtod
 .text          0x0080e150      0x274 /opt/altera/12.1sp1/nios2eds/bin/gnu/H-i686-pc-linux-gnu/bin/../lib/gcc/nios2-elf/4.1.2/../../../../nios2-elf/lib/mno-hw-mul/libc.a(lib_a-strtol.o)
                0x0080e150                _strtol_r
                0x0080e3a0                strtol
 .text          0x0080e3c4      0x318 /opt/altera/12.1sp1/nios2eds/bin/gnu/H-i686-pc-linux-gnu/bin/../lib/gcc/nios2-elf/4.1.2/../../../../nios2-elf/lib/mno-hw-mul/libc.a(lib_a-strtoll_r.o)
                0x0080e3c4                _strtoll_r
 .text          0x0080e6dc      0x264 /opt/altera/12.1sp1/nios2eds/bin/gnu/H-i686-pc-linux-gnu/bin/../lib/gcc/nios2-elf/4.1.2/../../../../nios2-elf/lib/mno-hw-mul/libc.a(lib_a-strtoul.o)
                0x0080e6dc                _strtoul_r
                0x0080e91c                strtoul
 .text          0x0080e940      0x2f0 /opt/altera/12.1sp1/nios2eds/bin/gnu/H-i686-pc-linux-gnu/bin/../lib/gcc/nios2-elf/4.1.2/../../../../nios2-elf/lib/mno-hw-mul/libc.a(lib_a-strtoull_r.o)
                0x0080e940                _strtoull_r
 .text          0x0080ec30      0x938 /opt/altera/12.1sp1/nios2eds/bin/gnu/H-i686-pc-linux-gnu/bin/../lib/gcc/nios2-elf/4.1.2/../../../../nios2-elf/lib/mno-hw-mul/libc.a(lib_a-gdtoa-gethex.o)
                0x0080ec54                __hexdig_init
                0x0080ed6c                __gethex
 .text          0x0080f568      0x294 /opt/altera/12.1sp1/nios2eds/bin/gnu/H-i686-pc-linux-gnu/bin/../lib/gcc/nios2-elf/4.1.2/../../../../nios2-elf/lib/mno-hw-mul/libc.a(lib_a-gdtoa-hexnan.o)
                0x0080f5b4                __hexnan
 .text          0x0080f7fc      0x124 /opt/altera/12.1sp1/nios2eds/bin/gnu/H-i686-pc-linux-gnu/bin/../lib/gcc/nios2-elf/4.1.2/mno-hw-mul/libgcc.a(_muldi3.o)
                0x0080f7fc                __muldi3
 .text          0x0080f920       0xa4 /opt/altera/12.1sp1/nios2eds/bin/gnu/H-i686-pc-linux-gnu/bin/../lib/gcc/nios2-elf/4.1.2/mno-hw-mul/libgcc.a(_fixunsdfsi.o)
                0x0080f920                __fixunsdfsi
 .text          0x0080f9c4      0x66c /opt/altera/12.1sp1/nios2eds/bin/gnu/H-i686-pc-linux-gnu/bin/../lib/gcc/nios2-elf/4.1.2/mno-hw-mul/libgcc.a(_udivdi3.o)
                0x0080f9c4                __udivdi3
 .text          0x00810030      0x660 /opt/altera/12.1sp1/nios2eds/bin/gnu/H-i686-pc-linux-gnu/bin/../lib/gcc/nios2-elf/4.1.2/mno-hw-mul/libgcc.a(_umoddi3.o)
                0x00810030                __umoddi3
 .text          0x00810690       0x78 /opt/altera/12.1sp1/nios2eds/bin/gnu/H-i686-pc-linux-gnu/bin/../lib/gcc/nios2-elf/4.1.2/mno-hw-mul/libgcc.a(_ne_sf.o)
                0x00810690                __nesf2
 .text          0x00810708       0x78 /opt/altera/12.1sp1/nios2eds/bin/gnu/H-i686-pc-linux-gnu/bin/../lib/gcc/nios2-elf/4.1.2/mno-hw-mul/libgcc.a(_gt_sf.o)
                0x00810708                __gtsf2
 .text          0x00810780       0x78 /opt/altera/12.1sp1/nios2eds/bin/gnu/H-i686-pc-linux-gnu/bin/../lib/gcc/nios2-elf/4.1.2/mno-hw-mul/libgcc.a(_lt_sf.o)
                0x00810780                __ltsf2
 .text          0x008107f8      0x504 /opt/altera/12.1sp1/nios2eds/bin/gnu/H-i686-pc-linux-gnu/bin/../lib/gcc/nios2-elf/4.1.2/mno-hw-mul/libgcc.a(_addsub_df.o)
                0x00810c08                __subdf3
                0x00810c88                __adddf3
 .text          0x00810cfc      0x3c4 /opt/altera/12.1sp1/nios2eds/bin/gnu/H-i686-pc-linux-gnu/bin/../lib/gcc/nios2-elf/4.1.2/mno-hw-mul/libgcc.a(_mul_df.o)
                0x00810cfc                __muldf3
 .text          0x008110c0       0x88 /opt/altera/12.1sp1/nios2eds/bin/gnu/H-i686-pc-linux-gnu/bin/../lib/gcc/nios2-elf/4.1.2/mno-hw-mul/libgcc.a(_eq_df.o)
                0x008110c0                __eqdf2
 .text          0x00811148       0x88 /opt/altera/12.1sp1/nios2eds/bin/gnu/H-i686-pc-linux-gnu/bin/../lib/gcc/nios2-elf/4.1.2/mno-hw-mul/libgcc.a(_ne_df.o)
                0x00811148                __nedf2
 .text          0x008111d0       0x88 /opt/altera/12.1sp1/nios2eds/bin/gnu/H-i686-pc-linux-gnu/bin/../lib/gcc/nios2-elf/4.1.2/mno-hw-mul/libgcc.a(_gt_df.o)
                0x008111d0                __gtdf2
 .text          0x00811258       0x88 /opt/altera/12.1sp1/nios2eds/bin/gnu/H-i686-pc-linux-gnu/bin/../lib/gcc/nios2-elf/4.1.2/mno-hw-mul/libgcc.a(_ge_df.o)
                0x00811258                __gedf2
 .text          0x008112e0       0x88 /opt/altera/12.1sp1/nios2eds/bin/gnu/H-i686-pc-linux-gnu/bin/../lib/gcc/nios2-elf/4.1.2/mno-hw-mul/libgcc.a(_lt_df.o)
                0x008112e0                __ltdf2
 .text          0x00811368       0x88 /opt/altera/12.1sp1/nios2eds/bin/gnu/H-i686-pc-linux-gnu/bin/../lib/gcc/nios2-elf/4.1.2/mno-hw-mul/libgcc.a(_le_df.o)
                0x00811368                __ledf2
 .text          0x008113f0       0xf8 /opt/altera/12.1sp1/nios2eds/bin/gnu/H-i686-pc-linux-gnu/bin/../lib/gcc/nios2-elf/4.1.2/mno-hw-mul/libgcc.a(_si_to_df.o)
                0x008113f0                __floatsidf
 .text          0x008114e8       0xd8 /opt/altera/12.1sp1/nios2eds/bin/gnu/H-i686-pc-linux-gnu/bin/../lib/gcc/nios2-elf/4.1.2/mno-hw-mul/libgcc.a(_df_to_si.o)
                0x008114e8                __fixdfsi
 .text          0x008115c0       0x74 /opt/altera/12.1sp1/nios2eds/bin/gnu/H-i686-pc-linux-gnu/bin/../lib/gcc/nios2-elf/4.1.2/mno-hw-mul/libgcc.a(_df_to_sf.o)
                0x008115c0                __truncdfsf2
 .text          0x00811634      0x14c /opt/altera/12.1sp1/nios2eds/bin/gnu/H-i686-pc-linux-gnu/bin/../lib/gcc/nios2-elf/4.1.2/mno-hw-mul/libgcc.a(lib2-divmod.o)
                0x008116b0                __divsi3
                0x00811710                __modsi3
                0x00811770                __udivsi3
                0x00811778                __umodsi3
 .text          0x00811780       0xc8 /opt/altera/12.1sp1/nios2eds/bin/gnu/H-i686-pc-linux-gnu/bin/../lib/gcc/nios2-elf/4.1.2/mno-hw-mul/libgcc.a(_unpack_sf.o)
                0x00811780                __unpack_f
 .text          0x00811848       0xa8 /opt/altera/12.1sp1/nios2eds/bin/gnu/H-i686-pc-linux-gnu/bin/../lib/gcc/nios2-elf/4.1.2/mno-hw-mul/libgcc.a(_fpcmp_parts_sf.o)
                0x00811848                __fpcmp_parts_f
 .text          0x008118f0       0x2c /opt/altera/12.1sp1/nios2eds/bin/gnu/H-i686-pc-linux-gnu/bin/../lib/gcc/nios2-elf/4.1.2/mno-hw-mul/libgcc.a(_make_sf.o)
                0x008118f0                __make_fp
 .text          0x0081191c       0xc8 /opt/altera/12.1sp1/nios2eds/bin/gnu/H-i686-pc-linux-gnu/bin/../lib/gcc/nios2-elf/4.1.2/mno-hw-mul/libgcc.a(_fpcmp_parts_df.o)
                0x0081191c                __fpcmp_parts_d
 .text          0x008119e4      0x160 /opt/altera/12.1sp1/nios2eds/bin/gnu/H-i686-pc-linux-gnu/bin/../lib/gcc/nios2-elf/4.1.2/mno-hw-mul/libgcc.a(_pack_sf.o)
                0x008119e4                __pack_f
 .text          0x00811b44      0x160 ../test_time_filter_bsp//libhal_bsp.a(alt_close.o)
                0x00811b44                close
 .text          0x00811ca4       0x2c ../test_time_filter_bsp//libhal_bsp.a(alt_dev.o)
 .text          0x00811cd0        0x0 ../test_time_filter_bsp//libhal_bsp.a(alt_errno.o)
 .text          0x00811cd0       0x60 ../test_time_filter_bsp//libhal_bsp.a(alt_exit.o)
                0x00811d10                _exit
 .text          0x00811d30      0x138 ../test_time_filter_bsp//libhal_bsp.a(alt_fstat.o)
                0x00811d30                fstat
 .text          0x00811e68      0x124 ../test_time_filter_bsp//libhal_bsp.a(alt_isatty.o)
                0x00811e68                isatty
 .text          0x00811f8c       0xec ../test_time_filter_bsp//libhal_bsp.a(alt_load.o)
                0x00811f8c                alt_load
 .text          0x00812078      0x154 ../test_time_filter_bsp//libhal_bsp.a(alt_lseek.o)
                0x00812078                lseek
 .text          0x008121cc       0x5c ../test_time_filter_bsp//libhal_bsp.a(alt_main.o)
                0x008121cc                alt_main
 .text          0x00812228       0x40 ../test_time_filter_bsp//libhal_bsp.a(alt_malloc_lock.o)
                0x00812228                __malloc_lock
                0x00812248                __malloc_unlock
 .text          0x00812268      0x2e4 ../test_time_filter_bsp//libhal_bsp.a(alt_open.o)
                0x00812360                open
 .text          0x0081254c      0x184 ../test_time_filter_bsp//libhal_bsp.a(alt_read.o)
                0x0081254c                read
 .text          0x008126d0       0x78 ../test_time_filter_bsp//libhal_bsp.a(alt_release_fd.o)
                0x008126d0                alt_release_fd
 .text          0x00812748       0xbc ../test_time_filter_bsp//libhal_bsp.a(alt_sbrk.o)
                0x00812748                sbrk
 .text          0x00812804       0xf4 ../test_time_filter_bsp//libhal_bsp.a(alt_times.o)
                0x00812804                times
 .text          0x008128f8      0x184 ../test_time_filter_bsp//libhal_bsp.a(alt_write.o)
                0x008128f8                write
 .text          0x00812a7c       0xfc ../test_time_filter_bsp//libhal_bsp.a(alt_sys_init.o)
                0x00812a7c                alt_irq_init
                0x00812ab0                alt_sys_init
 .text          0x00812b78      0x148 ../test_time_filter_bsp//libhal_bsp.a(altera_avalon_jtag_uart_fd.o)
                0x00812b78                altera_avalon_jtag_uart_read_fd
                0x00812bd0                altera_avalon_jtag_uart_write_fd
                0x00812c28                altera_avalon_jtag_uart_close_fd
                0x00812c70                altera_avalon_jtag_uart_ioctl_fd
 .text          0x00812cc0      0x40c ../test_time_filter_bsp//libhal_bsp.a(altera_avalon_jtag_uart_init.o)
                0x00812cc0                altera_avalon_jtag_uart_init
                0x00813058                altera_avalon_jtag_uart_close
 .text          0x008130cc       0xf4 ../test_time_filter_bsp//libhal_bsp.a(altera_avalon_jtag_uart_ioctl.o)
                0x008130cc                altera_avalon_jtag_uart_ioctl
 .text          0x008131c0      0x224 ../test_time_filter_bsp//libhal_bsp.a(altera_avalon_jtag_uart_read.o)
                0x008131c0                altera_avalon_jtag_uart_read
 .text          0x008133e4      0x240 ../test_time_filter_bsp//libhal_bsp.a(altera_avalon_jtag_uart_write.o)
                0x008133e4                altera_avalon_jtag_uart_write
 .text          0x00813624      0x100 ../test_time_filter_bsp//libhal_bsp.a(altera_avalon_timer_sc.o)
                0x00813694                alt_avalon_timer_sc_init
 .text          0x00813724        0x0 ../test_time_filter_bsp//libhal_bsp.a(altera_avalon_timer_vars.o)
 .text          0x00813724      0x5a0 ../test_time_filter_bsp//libhal_bsp.a(altera_hostfs.o)
                0x00813724                alt_hostfs_open
                0x00813878                alt_hostfs_close
                0x008138cc                alt_hostfs_read
                0x0081396c                alt_hostfs_write
                0x00813a0c                alt_hostfs_seek
                0x00813aac                alt_hostfs_fstat
 .text          0x00813cc4      0x154 ../test_time_filter_bsp//libhal_bsp.a(alt_alarm_start.o)
                0x00813cc4                alt_alarm_start
 .text          0x00813e18       0x1c ../test_time_filter_bsp//libhal_bsp.a(alt_dcache_flush_all.o)
                0x00813e18                alt_dcache_flush_all
 .text          0x00813e34      0x114 ../test_time_filter_bsp//libhal_bsp.a(alt_dev_llist_insert.o)
                0x00813e34                alt_dev_llist_insert
 .text          0x00813f48       0x94 ../test_time_filter_bsp//libhal_bsp.a(alt_find_dev.o)
                0x00813f48                alt_find_dev
 .text          0x00813fdc      0x120 ../test_time_filter_bsp//libhal_bsp.a(alt_find_file.o)
                0x00813fdc                alt_find_file
 .text          0x008140fc       0x90 ../test_time_filter_bsp//libhal_bsp.a(alt_fs_reg.o)
                0x008140fc                alt_fs_reg
 .text          0x0081418c       0xd0 ../test_time_filter_bsp//libhal_bsp.a(alt_get_fd.o)
                0x0081418c                alt_get_fd
 .text          0x0081425c       0x30 ../test_time_filter_bsp//libhal_bsp.a(alt_icache_flush_all.o)
                0x0081425c                alt_icache_flush_all
 .text          0x0081428c      0x1d4 ../test_time_filter_bsp//libhal_bsp.a(alt_iic.o)
                0x0081428c                alt_ic_isr_register
                0x008142dc                alt_ic_irq_enable
                0x00814378                alt_ic_irq_disable
                0x00814418                alt_ic_irq_enabled
 .text          0x00814460       0xf8 ../test_time_filter_bsp//libhal_bsp.a(alt_iic_isr_register.o)
                0x00814460                alt_iic_isr_register
 .text          0x00814558      0x150 ../test_time_filter_bsp//libhal_bsp.a(alt_io_redirect.o)
                0x00814630                alt_io_redirect
 .text          0x008146a8        0x0 ../test_time_filter_bsp//libhal_bsp.a(alt_irq_entry.o)
 .text          0x008146a8        0x0 ../test_time_filter_bsp//libhal_bsp.a(alt_irq_handler.o)
 .text          0x008146a8        0x0 ../test_time_filter_bsp//libhal_bsp.a(alt_irq_vars.o)
 .text          0x008146a8      0x1a4 ../test_time_filter_bsp//libhal_bsp.a(alt_tick.o)
                0x008146a8                alt_alarm_stop
                0x00814740                alt_tick
 .text          0x0081484c       0x20 ../test_time_filter_bsp//libhal_bsp.a(altera_nios2_qsys_irq.o)
                0x0081484c                altera_nios2_qsys_irq_init
 .text          0x0081486c        0x0 ../test_time_filter_bsp//libhal_bsp.a(alt_exception_entry.o)
 .text          0x0081486c       0x90 ../test_time_filter_bsp//libhal_bsp.a(alt_icache_flush.o)
                0x0081486c                alt_icache_flush
 .text          0x008148fc       0x74 /opt/altera/12.1sp1/nios2eds/bin/gnu/H-i686-pc-linux-gnu/bin/../lib/gcc/nios2-elf/4.1.2/../../../../nios2-elf/lib/mno-hw-mul/libc.a(lib_a-memcmp.o)
                0x008148fc                memcmp
 *(.gnu.warning.*)
 *(.fini)
                0x00814970                PROVIDE (__etext, ABSOLUTE (.))
                0x00814970                PROVIDE (_etext, ABSOLUTE (.))
                0x00814970                PROVIDE (etext, ABSOLUTE (.))
 *(.eh_frame_hdr)
                0x00814970                . = ALIGN (0x4)
                0x00814970                PROVIDE (__preinit_array_start, ABSOLUTE (.))
 *(.preinit_array)
                0x00814970                PROVIDE (__preinit_array_end, ABSOLUTE (.))
                0x00814970                PROVIDE (__init_array_start, ABSOLUTE (.))
 *(.init_array)
                0x00814970                PROVIDE (__init_array_end, ABSOLUTE (.))
                0x00814970                PROVIDE (__fini_array_start, ABSOLUTE (.))
 *(.fini_array)
                0x00814970                PROVIDE (__fini_array_end, ABSOLUTE (.))
 *(.eh_frame)
 *(.gcc_except_table)
 *(.dynamic)
                0x00814970                PROVIDE (__CTOR_LIST__, ABSOLUTE (.))
 *(.ctors)
 *(SORT(.ctors.*))
 .ctors.65535   0x00814970        0x4 /opt/altera/12.1sp1/nios2eds/bin/gnu/H-i686-pc-linux-gnu/bin/../lib/gcc/nios2-elf/4.1.2/../../../../nios2-elf/lib/mno-hw-mul/libc.a(lib_a-__call_atexit.o)
                0x00814974                PROVIDE (__CTOR_END__, ABSOLUTE (.))
                0x00814974                PROVIDE (__DTOR_LIST__, ABSOLUTE (.))
 *(.dtors)
 *(SORT(.dtors.*))
                0x00814974                PROVIDE (__DTOR_END__, ABSOLUTE (.))
 *(.jcr)
                0x00814974                . = ALIGN (0x4)

.rodata         0x00814974      0x8b8
                0x00814974                PROVIDE (__ram_rodata_start, ABSOLUTE (.))
                0x00814974                . = ALIGN (0x4)
 *(.rodata .rodata.* .gnu.linkonce.r.*)
 .rodata        0x00814974       0xcc obj/default/hello_world.o
 .rodata        0x00814a40      0x1a4 obj/default/pgm.o
 .rodata        0x00814be4       0x14 /opt/altera/12.1sp1/nios2eds/bin/gnu/H-i686-pc-linux-gnu/bin/../lib/gcc/nios2-elf/4.1.2/mno-hw-mul/libgcc.a(_thenan_df.o)
                0x00814be4                __thenan_df
 .rodata        0x00814bf8      0x100 /opt/altera/12.1sp1/nios2eds/bin/gnu/H-i686-pc-linux-gnu/bin/../lib/gcc/nios2-elf/4.1.2/mno-hw-mul/libgcc.a(_clz.o)
                0x00814bf8                __clz_tab
 .rodata        0x00814cf8      0x281 /opt/altera/12.1sp1/nios2eds/bin/gnu/H-i686-pc-linux-gnu/bin/../lib/gcc/nios2-elf/4.1.2/../../../../nios2-elf/lib/mno-hw-mul/libc.a(lib_a-ctype_.o)
                0x00814cf8                _ctype_
 *fill*         0x00814f79        0x3 00
 .rodata.str1.4
                0x00814f7c        0x2 /opt/altera/12.1sp1/nios2eds/bin/gnu/H-i686-pc-linux-gnu/bin/../lib/gcc/nios2-elf/4.1.2/../../../../nios2-elf/lib/mno-hw-mul/libc.a(lib_a-impure.o)
                                  0x4 (size before relaxing)
 *fill*         0x00814f7e        0x2 00
 .rodata.str1.4
                0x00814f80        0x2 /opt/altera/12.1sp1/nios2eds/bin/gnu/H-i686-pc-linux-gnu/bin/../lib/gcc/nios2-elf/4.1.2/../../../../nios2-elf/lib/mno-hw-mul/libc.a(lib_a-puts.o)
                                  0x4 (size before relaxing)
 *fill*         0x00814f82        0x2 00
 .rodata.str1.4
                0x00814f84       0x5e /opt/altera/12.1sp1/nios2eds/bin/gnu/H-i686-pc-linux-gnu/bin/../lib/gcc/nios2-elf/4.1.2/../../../../nios2-elf/lib/mno-hw-mul/libc.a(lib_a-vfprintf.o)
                                 0x60 (size before relaxing)
 .rodata        0x00814fe2       0x20 /opt/altera/12.1sp1/nios2eds/bin/gnu/H-i686-pc-linux-gnu/bin/../lib/gcc/nios2-elf/4.1.2/../../../../nios2-elf/lib/mno-hw-mul/libc.a(lib_a-vfprintf.o)
 *fill*         0x00815002        0x2 00
 .rodata.str1.4
                0x00815004        0x5 /opt/altera/12.1sp1/nios2eds/bin/gnu/H-i686-pc-linux-gnu/bin/../lib/gcc/nios2-elf/4.1.2/../../../../nios2-elf/lib/mno-hw-mul/libc.a(lib_a-vfscanf.o)
                                  0x8 (size before relaxing)
 *fill*         0x00815009        0x1 00
 .rodata        0x0081500a       0x22 /opt/altera/12.1sp1/nios2eds/bin/gnu/H-i686-pc-linux-gnu/bin/../lib/gcc/nios2-elf/4.1.2/../../../../nios2-elf/lib/mno-hw-mul/libc.a(lib_a-vfscanf.o)
 .rodata.str1.4
                0x0081502c       0x10 /opt/altera/12.1sp1/nios2eds/bin/gnu/H-i686-pc-linux-gnu/bin/../lib/gcc/nios2-elf/4.1.2/../../../../nios2-elf/lib/mno-hw-mul/libc.a(lib_a-dtoa.o)
                                 0x14 (size before relaxing)
 .rodata.str1.4
                0x0081503c        0xf /opt/altera/12.1sp1/nios2eds/bin/gnu/H-i686-pc-linux-gnu/bin/../lib/gcc/nios2-elf/4.1.2/../../../../nios2-elf/lib/mno-hw-mul/libc.a(lib_a-locale.o)
                                 0x18 (size before relaxing)
 *fill*         0x0081504b        0x1 00
 .rodata        0x0081504c       0x30 /opt/altera/12.1sp1/nios2eds/bin/gnu/H-i686-pc-linux-gnu/bin/../lib/gcc/nios2-elf/4.1.2/../../../../nios2-elf/lib/mno-hw-mul/libc.a(lib_a-locale.o)
 .rodata.str1.4
                0x00000000        0x4 /opt/altera/12.1sp1/nios2eds/bin/gnu/H-i686-pc-linux-gnu/bin/../lib/gcc/nios2-elf/4.1.2/../../../../nios2-elf/lib/mno-hw-mul/libc.a(lib_a-mbrtowc.o)
 .rodata        0x0081507c      0x124 /opt/altera/12.1sp1/nios2eds/bin/gnu/H-i686-pc-linux-gnu/bin/../lib/gcc/nios2-elf/4.1.2/../../../../nios2-elf/lib/mno-hw-mul/libc.a(lib_a-mprec.o)
                0x0081507c                __mprec_tens
                0x00815144                __mprec_bigtens
                0x0081516c                __mprec_tinytens
 .rodata.str1.4
                0x008151a0        0xf /opt/altera/12.1sp1/nios2eds/bin/gnu/H-i686-pc-linux-gnu/bin/../lib/gcc/nios2-elf/4.1.2/../../../../nios2-elf/lib/mno-hw-mul/libc.a(lib_a-strtod.o)
                                 0x10 (size before relaxing)
 *fill*         0x008151af        0x1 00
 .rodata        0x008151b0       0x28 /opt/altera/12.1sp1/nios2eds/bin/gnu/H-i686-pc-linux-gnu/bin/../lib/gcc/nios2-elf/4.1.2/../../../../nios2-elf/lib/mno-hw-mul/libc.a(lib_a-strtod.o)
 .rodata.str1.4
                0x008151d8       0x1c /opt/altera/12.1sp1/nios2eds/bin/gnu/H-i686-pc-linux-gnu/bin/../lib/gcc/nios2-elf/4.1.2/../../../../nios2-elf/lib/mno-hw-mul/libc.a(lib_a-gdtoa-gethex.o)
 .rodata        0x008151f4        0xc ../test_time_filter_bsp//libhal_bsp.a(alt_dev.o)
 .rodata        0x00815200       0x10 ../test_time_filter_bsp//libhal_bsp.a(alt_main.o)
 .rodata        0x00815210       0x1c ../test_time_filter_bsp//libhal_bsp.a(alt_sys_init.o)
 *(.rodata1)
                0x0081522c                . = ALIGN (0x4)
                0x0081522c                PROVIDE (__ram_rodata_end, ABSOLUTE (.))
                0x00814974                PROVIDE (__flash_rodata_start, LOADADDR (.rodata))

.rwdata         0x0081522c     0x1b1c load address 0x00816d48
                0x0081522c                PROVIDE (__ram_rwdata_start, ABSOLUTE (.))
                0x0081522c                . = ALIGN (0x4)
 *(.got.plt)
 *(.got)
 *(.data1)
 *(.data .data.* .gnu.linkonce.d.*)
 .data          0x0081522c        0x0 ../test_time_filter_bsp//obj/HAL/src/crt0.o
 .data          0x0081522c       0x24 obj/default/hello_world.o
                0x0081522c                kernel
 .data          0x00815250        0x0 obj/default/pgm.o
 .data          0x00815250        0x0 /opt/altera/12.1sp1/nios2eds/bin/gnu/H-i686-pc-linux-gnu/bin/../lib/gcc/nios2-elf/4.1.2/mno-hw-mul/libgcc.a(_div_df.o)
 .data          0x00815250        0x0 /opt/altera/12.1sp1/nios2eds/bin/gnu/H-i686-pc-linux-gnu/bin/../lib/gcc/nios2-elf/4.1.2/mno-hw-mul/libgcc.a(_thenan_df.o)
 .data          0x00815250        0x0 /opt/altera/12.1sp1/nios2eds/bin/gnu/H-i686-pc-linux-gnu/bin/../lib/gcc/nios2-elf/4.1.2/mno-hw-mul/libgcc.a(_usi_to_df.o)
 .data          0x00815250        0x0 /opt/altera/12.1sp1/nios2eds/bin/gnu/H-i686-pc-linux-gnu/bin/../lib/gcc/nios2-elf/4.1.2/mno-hw-mul/libgcc.a(lib2-mul.o)
 .data          0x00815250        0x0 /opt/altera/12.1sp1/nios2eds/bin/gnu/H-i686-pc-linux-gnu/bin/../lib/gcc/nios2-elf/4.1.2/mno-hw-mul/libgcc.a(_clzsi2.o)
 .data          0x00815250        0x0 /opt/altera/12.1sp1/nios2eds/bin/gnu/H-i686-pc-linux-gnu/bin/../lib/gcc/nios2-elf/4.1.2/mno-hw-mul/libgcc.a(_pack_df.o)
 .data          0x00815250        0x0 /opt/altera/12.1sp1/nios2eds/bin/gnu/H-i686-pc-linux-gnu/bin/../lib/gcc/nios2-elf/4.1.2/mno-hw-mul/libgcc.a(_unpack_df.o)
 .data          0x00815250        0x0 /opt/altera/12.1sp1/nios2eds/bin/gnu/H-i686-pc-linux-gnu/bin/../lib/gcc/nios2-elf/4.1.2/mno-hw-mul/libgcc.a(_clz.o)
 .data          0x00815250        0x0 /opt/altera/12.1sp1/nios2eds/bin/gnu/H-i686-pc-linux-gnu/bin/../lib/gcc/nios2-elf/4.1.2/../../../../nios2-elf/lib/mno-hw-mul/libc.a(lib_a-calloc.o)
 .data          0x00815250        0x0 /opt/altera/12.1sp1/nios2eds/bin/gnu/H-i686-pc-linux-gnu/bin/../lib/gcc/nios2-elf/4.1.2/../../../../nios2-elf/lib/mno-hw-mul/libc.a(lib_a-callocr.o)
 .data          0x00815250        0x0 /opt/altera/12.1sp1/nios2eds/bin/gnu/H-i686-pc-linux-gnu/bin/../lib/gcc/nios2-elf/4.1.2/../../../../nios2-elf/lib/mno-hw-mul/libc.a(lib_a-clock.o)
 .data          0x00815250        0x0 /opt/altera/12.1sp1/nios2eds/bin/gnu/H-i686-pc-linux-gnu/bin/../lib/gcc/nios2-elf/4.1.2/../../../../nios2-elf/lib/mno-hw-mul/libc.a(lib_a-ctype_.o)
 .data          0x00815250        0x0 /opt/altera/12.1sp1/nios2eds/bin/gnu/H-i686-pc-linux-gnu/bin/../lib/gcc/nios2-elf/4.1.2/../../../../nios2-elf/lib/mno-hw-mul/libc.a(lib_a-exit.o)
 .data          0x00815250        0x0 /opt/altera/12.1sp1/nios2eds/bin/gnu/H-i686-pc-linux-gnu/bin/../lib/gcc/nios2-elf/4.1.2/../../../../nios2-elf/lib/mno-hw-mul/libc.a(lib_a-fclose.o)
 .data          0x00815250        0x0 /opt/altera/12.1sp1/nios2eds/bin/gnu/H-i686-pc-linux-gnu/bin/../lib/gcc/nios2-elf/4.1.2/../../../../nios2-elf/lib/mno-hw-mul/libc.a(lib_a-fflush.o)
 .data          0x00815250        0x0 /opt/altera/12.1sp1/nios2eds/bin/gnu/H-i686-pc-linux-gnu/bin/../lib/gcc/nios2-elf/4.1.2/../../../../nios2-elf/lib/mno-hw-mul/libc.a(lib_a-fgetc.o)
 .data          0x00815250        0x0 /opt/altera/12.1sp1/nios2eds/bin/gnu/H-i686-pc-linux-gnu/bin/../lib/gcc/nios2-elf/4.1.2/../../../../nios2-elf/lib/mno-hw-mul/libc.a(lib_a-fgets.o)
 .data          0x00815250        0x0 /opt/altera/12.1sp1/nios2eds/bin/gnu/H-i686-pc-linux-gnu/bin/../lib/gcc/nios2-elf/4.1.2/../../../../nios2-elf/lib/mno-hw-mul/libc.a(lib_a-findfp.o)
 .data          0x00815250        0x0 /opt/altera/12.1sp1/nios2eds/bin/gnu/H-i686-pc-linux-gnu/bin/../lib/gcc/nios2-elf/4.1.2/../../../../nios2-elf/lib/mno-hw-mul/libc.a(lib_a-fopen.o)
 .data          0x00815250        0x0 /opt/altera/12.1sp1/nios2eds/bin/gnu/H-i686-pc-linux-gnu/bin/../lib/gcc/nios2-elf/4.1.2/../../../../nios2-elf/lib/mno-hw-mul/libc.a(lib_a-fprintf.o)
 .data          0x00815250        0x0 /opt/altera/12.1sp1/nios2eds/bin/gnu/H-i686-pc-linux-gnu/bin/../lib/gcc/nios2-elf/4.1.2/../../../../nios2-elf/lib/mno-hw-mul/libc.a(lib_a-fread.o)
 .data          0x00815250        0x0 /opt/altera/12.1sp1/nios2eds/bin/gnu/H-i686-pc-linux-gnu/bin/../lib/gcc/nios2-elf/4.1.2/../../../../nios2-elf/lib/mno-hw-mul/libc.a(lib_a-freer.o)
 .data          0x00815250        0x0 /opt/altera/12.1sp1/nios2eds/bin/gnu/H-i686-pc-linux-gnu/bin/../lib/gcc/nios2-elf/4.1.2/../../../../nios2-elf/lib/mno-hw-mul/libc.a(lib_a-fscanf.o)
 .data          0x00815250        0x0 /opt/altera/12.1sp1/nios2eds/bin/gnu/H-i686-pc-linux-gnu/bin/../lib/gcc/nios2-elf/4.1.2/../../../../nios2-elf/lib/mno-hw-mul/libc.a(lib_a-fseek.o)
 .data          0x00815250        0x0 /opt/altera/12.1sp1/nios2eds/bin/gnu/H-i686-pc-linux-gnu/bin/../lib/gcc/nios2-elf/4.1.2/../../../../nios2-elf/lib/mno-hw-mul/libc.a(lib_a-fstatr.o)
 .data          0x00815250        0x0 /opt/altera/12.1sp1/nios2eds/bin/gnu/H-i686-pc-linux-gnu/bin/../lib/gcc/nios2-elf/4.1.2/../../../../nios2-elf/lib/mno-hw-mul/libc.a(lib_a-fwalk.o)
 .data          0x00815250        0x0 /opt/altera/12.1sp1/nios2eds/bin/gnu/H-i686-pc-linux-gnu/bin/../lib/gcc/nios2-elf/4.1.2/../../../../nios2-elf/lib/mno-hw-mul/libc.a(lib_a-fwrite.o)
 .data          0x00815250      0x400 /opt/altera/12.1sp1/nios2eds/bin/gnu/H-i686-pc-linux-gnu/bin/../lib/gcc/nios2-elf/4.1.2/../../../../nios2-elf/lib/mno-hw-mul/libc.a(lib_a-impure.o)
 .data          0x00815650        0x0 /opt/altera/12.1sp1/nios2eds/bin/gnu/H-i686-pc-linux-gnu/bin/../lib/gcc/nios2-elf/4.1.2/../../../../nios2-elf/lib/mno-hw-mul/libc.a(lib_a-int_errno.o)
 .data          0x00815650        0x0 /opt/altera/12.1sp1/nios2eds/bin/gnu/H-i686-pc-linux-gnu/bin/../lib/gcc/nios2-elf/4.1.2/../../../../nios2-elf/lib/mno-hw-mul/libc.a(lib_a-makebuf.o)
 .data          0x00815650        0x0 /opt/altera/12.1sp1/nios2eds/bin/gnu/H-i686-pc-linux-gnu/bin/../lib/gcc/nios2-elf/4.1.2/../../../../nios2-elf/lib/mno-hw-mul/libc.a(lib_a-malloc.o)
 .data          0x00815650      0x408 /opt/altera/12.1sp1/nios2eds/bin/gnu/H-i686-pc-linux-gnu/bin/../lib/gcc/nios2-elf/4.1.2/../../../../nios2-elf/lib/mno-hw-mul/libc.a(lib_a-mallocr.o)
                0x00815650                __malloc_av_
 .data          0x00815a58        0x0 /opt/altera/12.1sp1/nios2eds/bin/gnu/H-i686-pc-linux-gnu/bin/../lib/gcc/nios2-elf/4.1.2/../../../../nios2-elf/lib/mno-hw-mul/libc.a(lib_a-memchr.o)
 .data          0x00815a58        0x0 /opt/altera/12.1sp1/nios2eds/bin/gnu/H-i686-pc-linux-gnu/bin/../lib/gcc/nios2-elf/4.1.2/../../../../nios2-elf/lib/mno-hw-mul/libc.a(lib_a-memcpy.o)
 .data          0x00815a58        0x0 /opt/altera/12.1sp1/nios2eds/bin/gnu/H-i686-pc-linux-gnu/bin/../lib/gcc/nios2-elf/4.1.2/../../../../nios2-elf/lib/mno-hw-mul/libc.a(lib_a-memset.o)
 .data          0x00815a58        0x0 /opt/altera/12.1sp1/nios2eds/bin/gnu/H-i686-pc-linux-gnu/bin/../lib/gcc/nios2-elf/4.1.2/../../../../nios2-elf/lib/mno-hw-mul/libc.a(lib_a-openr.o)
 .data          0x00815a58        0x0 /opt/altera/12.1sp1/nios2eds/bin/gnu/H-i686-pc-linux-gnu/bin/../lib/gcc/nios2-elf/4.1.2/../../../../nios2-elf/lib/mno-hw-mul/libc.a(lib_a-printf.o)
 .data          0x00815a58        0x0 /opt/altera/12.1sp1/nios2eds/bin/gnu/H-i686-pc-linux-gnu/bin/../lib/gcc/nios2-elf/4.1.2/../../../../nios2-elf/lib/mno-hw-mul/libc.a(lib_a-puts.o)
 .data          0x00815a58        0x0 /opt/altera/12.1sp1/nios2eds/bin/gnu/H-i686-pc-linux-gnu/bin/../lib/gcc/nios2-elf/4.1.2/../../../../nios2-elf/lib/mno-hw-mul/libc.a(lib_a-refill.o)
 .data          0x00815a58        0x0 /opt/altera/12.1sp1/nios2eds/bin/gnu/H-i686-pc-linux-gnu/bin/../lib/gcc/nios2-elf/4.1.2/../../../../nios2-elf/lib/mno-hw-mul/libc.a(lib_a-rget.o)
 .data          0x00815a58        0x0 /opt/altera/12.1sp1/nios2eds/bin/gnu/H-i686-pc-linux-gnu/bin/../lib/gcc/nios2-elf/4.1.2/../../../../nios2-elf/lib/mno-hw-mul/libc.a(lib_a-sbrkr.o)
 .data          0x00815a58        0x0 /opt/altera/12.1sp1/nios2eds/bin/gnu/H-i686-pc-linux-gnu/bin/../lib/gcc/nios2-elf/4.1.2/../../../../nios2-elf/lib/mno-hw-mul/libc.a(lib_a-sscanf.o)
 .data          0x00815a58        0x0 /opt/altera/12.1sp1/nios2eds/bin/gnu/H-i686-pc-linux-gnu/bin/../lib/gcc/nios2-elf/4.1.2/../../../../nios2-elf/lib/mno-hw-mul/libc.a(lib_a-stdio.o)
 .data          0x00815a58        0x0 /opt/altera/12.1sp1/nios2eds/bin/gnu/H-i686-pc-linux-gnu/bin/../lib/gcc/nios2-elf/4.1.2/../../../../nios2-elf/lib/mno-hw-mul/libc.a(lib_a-strlen.o)
 .data          0x00815a58        0x0 /opt/altera/12.1sp1/nios2eds/bin/gnu/H-i686-pc-linux-gnu/bin/../lib/gcc/nios2-elf/4.1.2/../../../../nios2-elf/lib/mno-hw-mul/libc.a(lib_a-strncmp.o)
 .data          0x00815a58        0x0 /opt/altera/12.1sp1/nios2eds/bin/gnu/H-i686-pc-linux-gnu/bin/../lib/gcc/nios2-elf/4.1.2/../../../../nios2-elf/lib/mno-hw-mul/libc.a(lib_a-timesr.o)
 .data          0x00815a58        0x0 /opt/altera/12.1sp1/nios2eds/bin/gnu/H-i686-pc-linux-gnu/bin/../lib/gcc/nios2-elf/4.1.2/../../../../nios2-elf/lib/mno-hw-mul/libc.a(lib_a-ungetc.o)
 .data          0x00815a58        0x0 /opt/altera/12.1sp1/nios2eds/bin/gnu/H-i686-pc-linux-gnu/bin/../lib/gcc/nios2-elf/4.1.2/../../../../nios2-elf/lib/mno-hw-mul/libc.a(lib_a-vfprintf.o)
 .data          0x00815a58        0x0 /opt/altera/12.1sp1/nios2eds/bin/gnu/H-i686-pc-linux-gnu/bin/../lib/gcc/nios2-elf/4.1.2/../../../../nios2-elf/lib/mno-hw-mul/libc.a(lib_a-vfscanf.o)
 .data          0x00815a58        0x0 /opt/altera/12.1sp1/nios2eds/bin/gnu/H-i686-pc-linux-gnu/bin/../lib/gcc/nios2-elf/4.1.2/../../../../nios2-elf/lib/mno-hw-mul/libc.a(lib_a-writer.o)
 .data          0x00815a58        0x0 /opt/altera/12.1sp1/nios2eds/bin/gnu/H-i686-pc-linux-gnu/bin/../lib/gcc/nios2-elf/4.1.2/../../../../nios2-elf/lib/mno-hw-mul/libc.a(lib_a-wsetup.o)
 .data          0x00815a58        0x0 /opt/altera/12.1sp1/nios2eds/bin/gnu/H-i686-pc-linux-gnu/bin/../lib/gcc/nios2-elf/4.1.2/../../../../nios2-elf/lib/mno-hw-mul/libc.a(lib_a-__call_atexit.o)
 .data          0x00815a58        0x0 /opt/altera/12.1sp1/nios2eds/bin/gnu/H-i686-pc-linux-gnu/bin/../lib/gcc/nios2-elf/4.1.2/../../../../nios2-elf/lib/mno-hw-mul/libc.a(lib_a-closer.o)
 .data          0x00815a58        0x0 /opt/altera/12.1sp1/nios2eds/bin/gnu/H-i686-pc-linux-gnu/bin/../lib/gcc/nios2-elf/4.1.2/../../../../nios2-elf/lib/mno-hw-mul/libc.a(lib_a-dtoa.o)
 .data          0x00815a58        0x0 /opt/altera/12.1sp1/nios2eds/bin/gnu/H-i686-pc-linux-gnu/bin/../lib/gcc/nios2-elf/4.1.2/../../../../nios2-elf/lib/mno-hw-mul/libc.a(lib_a-flags.o)
 .data          0x00815a58        0x0 /opt/altera/12.1sp1/nios2eds/bin/gnu/H-i686-pc-linux-gnu/bin/../lib/gcc/nios2-elf/4.1.2/../../../../nios2-elf/lib/mno-hw-mul/libc.a(lib_a-fvwrite.o)
 .data          0x00815a58        0x0 /opt/altera/12.1sp1/nios2eds/bin/gnu/H-i686-pc-linux-gnu/bin/../lib/gcc/nios2-elf/4.1.2/../../../../nios2-elf/lib/mno-hw-mul/libc.a(lib_a-isattyr.o)
 .data          0x00815a58        0x0 /opt/altera/12.1sp1/nios2eds/bin/gnu/H-i686-pc-linux-gnu/bin/../lib/gcc/nios2-elf/4.1.2/../../../../nios2-elf/lib/mno-hw-mul/libc.a(lib_a-iswspace.o)
 .data          0x00815a58        0xc /opt/altera/12.1sp1/nios2eds/bin/gnu/H-i686-pc-linux-gnu/bin/../lib/gcc/nios2-elf/4.1.2/../../../../nios2-elf/lib/mno-hw-mul/libc.a(lib_a-locale.o)
                0x00815a58                __lc_ctype
 .data          0x00815a64        0x0 /opt/altera/12.1sp1/nios2eds/bin/gnu/H-i686-pc-linux-gnu/bin/../lib/gcc/nios2-elf/4.1.2/../../../../nios2-elf/lib/mno-hw-mul/libc.a(lib_a-lseekr.o)
 .data          0x00815a64        0x0 /opt/altera/12.1sp1/nios2eds/bin/gnu/H-i686-pc-linux-gnu/bin/../lib/gcc/nios2-elf/4.1.2/../../../../nios2-elf/lib/mno-hw-mul/libc.a(lib_a-mbrtowc.o)
 .data          0x00815a64        0x0 /opt/altera/12.1sp1/nios2eds/bin/gnu/H-i686-pc-linux-gnu/bin/../lib/gcc/nios2-elf/4.1.2/../../../../nios2-elf/lib/mno-hw-mul/libc.a(lib_a-mbtowc_r.o)
 .data          0x00815a64        0x0 /opt/altera/12.1sp1/nios2eds/bin/gnu/H-i686-pc-linux-gnu/bin/../lib/gcc/nios2-elf/4.1.2/../../../../nios2-elf/lib/mno-hw-mul/libc.a(lib_a-memmove.o)
 .data          0x00815a64        0x0 /opt/altera/12.1sp1/nios2eds/bin/gnu/H-i686-pc-linux-gnu/bin/../lib/gcc/nios2-elf/4.1.2/../../../../nios2-elf/lib/mno-hw-mul/libc.a(lib_a-mprec.o)
 .data          0x00815a64        0x0 /opt/altera/12.1sp1/nios2eds/bin/gnu/H-i686-pc-linux-gnu/bin/../lib/gcc/nios2-elf/4.1.2/../../../../nios2-elf/lib/mno-hw-mul/libc.a(lib_a-readr.o)
 .data          0x00815a64        0x0 /opt/altera/12.1sp1/nios2eds/bin/gnu/H-i686-pc-linux-gnu/bin/../lib/gcc/nios2-elf/4.1.2/../../../../nios2-elf/lib/mno-hw-mul/libc.a(lib_a-reallocr.o)
 .data          0x00815a64        0x0 /opt/altera/12.1sp1/nios2eds/bin/gnu/H-i686-pc-linux-gnu/bin/../lib/gcc/nios2-elf/4.1.2/../../../../nios2-elf/lib/mno-hw-mul/libc.a(lib_a-s_isinfd.o)
 .data          0x00815a64        0x0 /opt/altera/12.1sp1/nios2eds/bin/gnu/H-i686-pc-linux-gnu/bin/../lib/gcc/nios2-elf/4.1.2/../../../../nios2-elf/lib/mno-hw-mul/libc.a(lib_a-s_isnand.o)
 .data          0x00815a64        0x0 /opt/altera/12.1sp1/nios2eds/bin/gnu/H-i686-pc-linux-gnu/bin/../lib/gcc/nios2-elf/4.1.2/../../../../nios2-elf/lib/mno-hw-mul/libc.a(lib_a-sccl.o)
 .data          0x00815a64        0x0 /opt/altera/12.1sp1/nios2eds/bin/gnu/H-i686-pc-linux-gnu/bin/../lib/gcc/nios2-elf/4.1.2/../../../../nios2-elf/lib/mno-hw-mul/libc.a(lib_a-sf_nan.o)
 .data          0x00815a64        0x0 /opt/altera/12.1sp1/nios2eds/bin/gnu/H-i686-pc-linux-gnu/bin/../lib/gcc/nios2-elf/4.1.2/../../../../nios2-elf/lib/mno-hw-mul/libc.a(lib_a-sprintf.o)
 .data          0x00815a64        0x0 /opt/altera/12.1sp1/nios2eds/bin/gnu/H-i686-pc-linux-gnu/bin/../lib/gcc/nios2-elf/4.1.2/../../../../nios2-elf/lib/mno-hw-mul/libc.a(lib_a-strcmp.o)
 .data          0x00815a64       0x28 /opt/altera/12.1sp1/nios2eds/bin/gnu/H-i686-pc-linux-gnu/bin/../lib/gcc/nios2-elf/4.1.2/../../../../nios2-elf/lib/mno-hw-mul/libc.a(lib_a-strtod.o)
 .data          0x00815a8c        0x0 /opt/altera/12.1sp1/nios2eds/bin/gnu/H-i686-pc-linux-gnu/bin/../lib/gcc/nios2-elf/4.1.2/../../../../nios2-elf/lib/mno-hw-mul/libc.a(lib_a-strtol.o)
 .data          0x00815a8c        0x0 /opt/altera/12.1sp1/nios2eds/bin/gnu/H-i686-pc-linux-gnu/bin/../lib/gcc/nios2-elf/4.1.2/../../../../nios2-elf/lib/mno-hw-mul/libc.a(lib_a-strtoll_r.o)
 .data          0x00815a8c        0x0 /opt/altera/12.1sp1/nios2eds/bin/gnu/H-i686-pc-linux-gnu/bin/../lib/gcc/nios2-elf/4.1.2/../../../../nios2-elf/lib/mno-hw-mul/libc.a(lib_a-strtoul.o)
 .data          0x00815a8c        0x0 /opt/altera/12.1sp1/nios2eds/bin/gnu/H-i686-pc-linux-gnu/bin/../lib/gcc/nios2-elf/4.1.2/../../../../nios2-elf/lib/mno-hw-mul/libc.a(lib_a-strtoull_r.o)
 .data          0x00815a8c        0x0 /opt/altera/12.1sp1/nios2eds/bin/gnu/H-i686-pc-linux-gnu/bin/../lib/gcc/nios2-elf/4.1.2/../../../../nios2-elf/lib/mno-hw-mul/libc.a(lib_a-gdtoa-gethex.o)
 .data          0x00815a8c        0x0 /opt/altera/12.1sp1/nios2eds/bin/gnu/H-i686-pc-linux-gnu/bin/../lib/gcc/nios2-elf/4.1.2/../../../../nios2-elf/lib/mno-hw-mul/libc.a(lib_a-gdtoa-hexnan.o)
 .data          0x00815a8c        0x0 /opt/altera/12.1sp1/nios2eds/bin/gnu/H-i686-pc-linux-gnu/bin/../lib/gcc/nios2-elf/4.1.2/mno-hw-mul/libgcc.a(_muldi3.o)
 .data          0x00815a8c        0x0 /opt/altera/12.1sp1/nios2eds/bin/gnu/H-i686-pc-linux-gnu/bin/../lib/gcc/nios2-elf/4.1.2/mno-hw-mul/libgcc.a(_fixunsdfsi.o)
 .data          0x00815a8c        0x0 /opt/altera/12.1sp1/nios2eds/bin/gnu/H-i686-pc-linux-gnu/bin/../lib/gcc/nios2-elf/4.1.2/mno-hw-mul/libgcc.a(_udivdi3.o)
 .data          0x00815a8c        0x0 /opt/altera/12.1sp1/nios2eds/bin/gnu/H-i686-pc-linux-gnu/bin/../lib/gcc/nios2-elf/4.1.2/mno-hw-mul/libgcc.a(_umoddi3.o)
 .data          0x00815a8c        0x0 /opt/altera/12.1sp1/nios2eds/bin/gnu/H-i686-pc-linux-gnu/bin/../lib/gcc/nios2-elf/4.1.2/mno-hw-mul/libgcc.a(_ne_sf.o)
 .data          0x00815a8c        0x0 /opt/altera/12.1sp1/nios2eds/bin/gnu/H-i686-pc-linux-gnu/bin/../lib/gcc/nios2-elf/4.1.2/mno-hw-mul/libgcc.a(_gt_sf.o)
 .data          0x00815a8c        0x0 /opt/altera/12.1sp1/nios2eds/bin/gnu/H-i686-pc-linux-gnu/bin/../lib/gcc/nios2-elf/4.1.2/mno-hw-mul/libgcc.a(_lt_sf.o)
 .data          0x00815a8c        0x0 /opt/altera/12.1sp1/nios2eds/bin/gnu/H-i686-pc-linux-gnu/bin/../lib/gcc/nios2-elf/4.1.2/mno-hw-mul/libgcc.a(_addsub_df.o)
 .data          0x00815a8c        0x0 /opt/altera/12.1sp1/nios2eds/bin/gnu/H-i686-pc-linux-gnu/bin/../lib/gcc/nios2-elf/4.1.2/mno-hw-mul/libgcc.a(_mul_df.o)
 .data          0x00815a8c        0x0 /opt/altera/12.1sp1/nios2eds/bin/gnu/H-i686-pc-linux-gnu/bin/../lib/gcc/nios2-elf/4.1.2/mno-hw-mul/libgcc.a(_eq_df.o)
 .data          0x00815a8c        0x0 /opt/altera/12.1sp1/nios2eds/bin/gnu/H-i686-pc-linux-gnu/bin/../lib/gcc/nios2-elf/4.1.2/mno-hw-mul/libgcc.a(_ne_df.o)
 .data          0x00815a8c        0x0 /opt/altera/12.1sp1/nios2eds/bin/gnu/H-i686-pc-linux-gnu/bin/../lib/gcc/nios2-elf/4.1.2/mno-hw-mul/libgcc.a(_gt_df.o)
 .data          0x00815a8c        0x0 /opt/altera/12.1sp1/nios2eds/bin/gnu/H-i686-pc-linux-gnu/bin/../lib/gcc/nios2-elf/4.1.2/mno-hw-mul/libgcc.a(_ge_df.o)
 .data          0x00815a8c        0x0 /opt/altera/12.1sp1/nios2eds/bin/gnu/H-i686-pc-linux-gnu/bin/../lib/gcc/nios2-elf/4.1.2/mno-hw-mul/libgcc.a(_lt_df.o)
 .data          0x00815a8c        0x0 /opt/altera/12.1sp1/nios2eds/bin/gnu/H-i686-pc-linux-gnu/bin/../lib/gcc/nios2-elf/4.1.2/mno-hw-mul/libgcc.a(_le_df.o)
 .data          0x00815a8c        0x0 /opt/altera/12.1sp1/nios2eds/bin/gnu/H-i686-pc-linux-gnu/bin/../lib/gcc/nios2-elf/4.1.2/mno-hw-mul/libgcc.a(_si_to_df.o)
 .data          0x00815a8c        0x0 /opt/altera/12.1sp1/nios2eds/bin/gnu/H-i686-pc-linux-gnu/bin/../lib/gcc/nios2-elf/4.1.2/mno-hw-mul/libgcc.a(_df_to_si.o)
 .data          0x00815a8c        0x0 /opt/altera/12.1sp1/nios2eds/bin/gnu/H-i686-pc-linux-gnu/bin/../lib/gcc/nios2-elf/4.1.2/mno-hw-mul/libgcc.a(_df_to_sf.o)
 .data          0x00815a8c        0x0 /opt/altera/12.1sp1/nios2eds/bin/gnu/H-i686-pc-linux-gnu/bin/../lib/gcc/nios2-elf/4.1.2/mno-hw-mul/libgcc.a(lib2-divmod.o)
 .data          0x00815a8c        0x0 /opt/altera/12.1sp1/nios2eds/bin/gnu/H-i686-pc-linux-gnu/bin/../lib/gcc/nios2-elf/4.1.2/mno-hw-mul/libgcc.a(_unpack_sf.o)
 .data          0x00815a8c        0x0 /opt/altera/12.1sp1/nios2eds/bin/gnu/H-i686-pc-linux-gnu/bin/../lib/gcc/nios2-elf/4.1.2/mno-hw-mul/libgcc.a(_fpcmp_parts_sf.o)
 .data          0x00815a8c        0x0 /opt/altera/12.1sp1/nios2eds/bin/gnu/H-i686-pc-linux-gnu/bin/../lib/gcc/nios2-elf/4.1.2/mno-hw-mul/libgcc.a(_make_sf.o)
 .data          0x00815a8c        0x0 /opt/altera/12.1sp1/nios2eds/bin/gnu/H-i686-pc-linux-gnu/bin/../lib/gcc/nios2-elf/4.1.2/mno-hw-mul/libgcc.a(_fpcmp_parts_df.o)
 .data          0x00815a8c        0x0 /opt/altera/12.1sp1/nios2eds/bin/gnu/H-i686-pc-linux-gnu/bin/../lib/gcc/nios2-elf/4.1.2/mno-hw-mul/libgcc.a(_pack_sf.o)
 .data          0x00815a8c        0x0 ../test_time_filter_bsp//libhal_bsp.a(alt_close.o)
 .data          0x00815a8c      0x1a8 ../test_time_filter_bsp//libhal_bsp.a(alt_dev.o)
                0x00815a8c                alt_dev_null
                0x00815ab4                alt_fd_list
 .data          0x00815c34        0x0 ../test_time_filter_bsp//libhal_bsp.a(alt_errno.o)
 .data          0x00815c34        0x0 ../test_time_filter_bsp//libhal_bsp.a(alt_exit.o)
 .data          0x00815c34        0x0 ../test_time_filter_bsp//libhal_bsp.a(alt_fstat.o)
 .data          0x00815c34        0x0 ../test_time_filter_bsp//libhal_bsp.a(alt_isatty.o)
 .data          0x00815c34        0x0 ../test_time_filter_bsp//libhal_bsp.a(alt_load.o)
 .data          0x00815c34        0x0 ../test_time_filter_bsp//libhal_bsp.a(alt_lseek.o)
 .data          0x00815c34        0x0 ../test_time_filter_bsp//libhal_bsp.a(alt_main.o)
 .data          0x00815c34        0x0 ../test_time_filter_bsp//libhal_bsp.a(alt_malloc_lock.o)
 .data          0x00815c34        0x0 ../test_time_filter_bsp//libhal_bsp.a(alt_open.o)
 .data          0x00815c34        0x0 ../test_time_filter_bsp//libhal_bsp.a(alt_read.o)
 .data          0x00815c34        0x0 ../test_time_filter_bsp//libhal_bsp.a(alt_release_fd.o)
 .data          0x00815c34        0x0 ../test_time_filter_bsp//libhal_bsp.a(alt_sbrk.o)
 .data          0x00815c34        0x0 ../test_time_filter_bsp//libhal_bsp.a(alt_times.o)
 .data          0x00815c34        0x0 ../test_time_filter_bsp//libhal_bsp.a(alt_write.o)
 .data          0x00815c34     0x1088 ../test_time_filter_bsp//libhal_bsp.a(alt_sys_init.o)
 .data          0x00816cbc        0x0 ../test_time_filter_bsp//libhal_bsp.a(altera_avalon_jtag_uart_fd.o)
 .data          0x00816cbc        0x0 ../test_time_filter_bsp//libhal_bsp.a(altera_avalon_jtag_uart_init.o)
 .data          0x00816cbc        0x0 ../test_time_filter_bsp//libhal_bsp.a(altera_avalon_jtag_uart_ioctl.o)
 .data          0x00816cbc        0x0 ../test_time_filter_bsp//libhal_bsp.a(altera_avalon_jtag_uart_read.o)
 .data          0x00816cbc        0x0 ../test_time_filter_bsp//libhal_bsp.a(altera_avalon_jtag_uart_write.o)
 .data          0x00816cbc        0x0 ../test_time_filter_bsp//libhal_bsp.a(altera_avalon_timer_sc.o)
 .data          0x00816cbc        0x0 ../test_time_filter_bsp//libhal_bsp.a(altera_avalon_timer_vars.o)
 .data          0x00816cbc        0x0 ../test_time_filter_bsp//libhal_bsp.a(altera_hostfs.o)
 .data          0x00816cbc        0x0 ../test_time_filter_bsp//libhal_bsp.a(alt_alarm_start.o)
 .data          0x00816cbc        0x0 ../test_time_filter_bsp//libhal_bsp.a(alt_dcache_flush_all.o)
 .data          0x00816cbc        0x0 ../test_time_filter_bsp//libhal_bsp.a(alt_dev_llist_insert.o)
 .data          0x00816cbc        0x0 ../test_time_filter_bsp//libhal_bsp.a(alt_find_dev.o)
 .data          0x00816cbc        0x0 ../test_time_filter_bsp//libhal_bsp.a(alt_find_file.o)
 .data          0x00816cbc        0x0 ../test_time_filter_bsp//libhal_bsp.a(alt_fs_reg.o)
 .data          0x00816cbc        0x0 ../test_time_filter_bsp//libhal_bsp.a(alt_get_fd.o)
 .data          0x00816cbc        0x0 ../test_time_filter_bsp//libhal_bsp.a(alt_icache_flush_all.o)
 .data          0x00816cbc        0x0 ../test_time_filter_bsp//libhal_bsp.a(alt_iic.o)
 .data          0x00816cbc        0x0 ../test_time_filter_bsp//libhal_bsp.a(alt_iic_isr_register.o)
 .data          0x00816cbc        0x0 ../test_time_filter_bsp//libhal_bsp.a(alt_io_redirect.o)
 .data          0x00816cbc        0x0 ../test_time_filter_bsp//libhal_bsp.a(alt_irq_entry.o)
 .data          0x00816cbc        0x0 ../test_time_filter_bsp//libhal_bsp.a(alt_irq_handler.o)
 .data          0x00816cbc        0x0 ../test_time_filter_bsp//libhal_bsp.a(alt_irq_vars.o)
 .data          0x00816cbc        0x0 ../test_time_filter_bsp//libhal_bsp.a(alt_tick.o)
 .data          0x00816cbc        0x0 ../test_time_filter_bsp//libhal_bsp.a(altera_nios2_qsys_irq.o)
 .data          0x00816cbc        0x0 ../test_time_filter_bsp//libhal_bsp.a(alt_exception_entry.o)
 .data          0x00816cbc        0x0 ../test_time_filter_bsp//libhal_bsp.a(alt_icache_flush.o)
 .data          0x00816cbc        0x0 /opt/altera/12.1sp1/nios2eds/bin/gnu/H-i686-pc-linux-gnu/bin/../lib/gcc/nios2-elf/4.1.2/../../../../nios2-elf/lib/mno-hw-mul/libc.a(lib_a-memcmp.o)
                0x0081ecbc                _gp = ABSOLUTE ((. + 0x8000))
                0x0081ecbc                PROVIDE (gp, _gp)
 *(.rwdata .rwdata.*)
 *(.sdata .sdata.* .gnu.linkonce.s.*)
 .sdata         0x00816cbc        0x4 /opt/altera/12.1sp1/nios2eds/bin/gnu/H-i686-pc-linux-gnu/bin/../lib/gcc/nios2-elf/4.1.2/../../../../nios2-elf/lib/mno-hw-mul/libc.a(lib_a-ctype_.o)
                0x00816cbc                __ctype_ptr
 .sdata         0x00816cc0        0x8 /opt/altera/12.1sp1/nios2eds/bin/gnu/H-i686-pc-linux-gnu/bin/../lib/gcc/nios2-elf/4.1.2/../../../../nios2-elf/lib/mno-hw-mul/libc.a(lib_a-impure.o)
                0x00816cc0                _impure_ptr
                0x00816cc4                _global_impure_ptr
 .sdata         0x00816cc8        0x8 /opt/altera/12.1sp1/nios2eds/bin/gnu/H-i686-pc-linux-gnu/bin/../lib/gcc/nios2-elf/4.1.2/../../../../nios2-elf/lib/mno-hw-mul/libc.a(lib_a-mallocr.o)
                0x00816cc8                __malloc_trim_threshold
                0x00816ccc                __malloc_sbrk_base
 .sdata         0x00816cd0        0x8 /opt/altera/12.1sp1/nios2eds/bin/gnu/H-i686-pc-linux-gnu/bin/../lib/gcc/nios2-elf/4.1.2/../../../../nios2-elf/lib/mno-hw-mul/libc.a(lib_a-locale.o)
                0x00816cd0                __mb_cur_max
 .sdata         0x00816cd8       0x14 ../test_time_filter_bsp//libhal_bsp.a(alt_dev.o)
                0x00816cd8                alt_fs_list
                0x00816ce0                alt_dev_list
                0x00816ce8                alt_max_fd
 .sdata         0x00816cec        0x4 ../test_time_filter_bsp//libhal_bsp.a(alt_errno.o)
                0x00816cec                alt_errno
 .sdata         0x00816cf0        0x4 ../test_time_filter_bsp//libhal_bsp.a(alt_sbrk.o)
 .sdata         0x00816cf4       0x48 ../test_time_filter_bsp//libhal_bsp.a(altera_hostfs.o)
 .sdata         0x00816d3c        0x4 ../test_time_filter_bsp//libhal_bsp.a(alt_irq_vars.o)
                0x00816d3c                alt_priority_mask
 .sdata         0x00816d40        0x8 ../test_time_filter_bsp//libhal_bsp.a(alt_tick.o)
                0x00816d40                alt_alarm_list
 *(.sdata2 .sdata2.* .gnu.linkonce.s2.*)
                0x00816d48                . = ALIGN (0x4)
                0x00816d48                _edata = ABSOLUTE (.)
                0x00816d48                PROVIDE (edata, ABSOLUTE (.))
                0x00816d48                PROVIDE (__ram_rwdata_end, ABSOLUTE (.))
                0x00816d48                PROVIDE (__flash_rwdata_start, LOADADDR (.rwdata))

.bss            0x00818864      0x264
                0x00818864                __bss_start = ABSOLUTE (.)
                0x00818864                PROVIDE (__sbss_start, ABSOLUTE (.))
                0x00818864                PROVIDE (___sbss_start, ABSOLUTE (.))
 *(.dynsbss)
 *(.sbss .sbss.* .gnu.linkonce.sb.*)
 .sbss          0x00818864        0x4 /opt/altera/12.1sp1/nios2eds/bin/gnu/H-i686-pc-linux-gnu/bin/../lib/gcc/nios2-elf/4.1.2/../../../../nios2-elf/lib/mno-hw-mul/libc.a(lib_a-int_errno.o)
                0x00818864                errno
 .sbss          0x00818868        0xc /opt/altera/12.1sp1/nios2eds/bin/gnu/H-i686-pc-linux-gnu/bin/../lib/gcc/nios2-elf/4.1.2/../../../../nios2-elf/lib/mno-hw-mul/libc.a(lib_a-mallocr.o)
                0x00818868                __malloc_top_pad
                0x0081886c                __malloc_max_sbrked_mem
                0x00818870                __malloc_max_total_mem
 .sbss          0x00818874        0xc /opt/altera/12.1sp1/nios2eds/bin/gnu/H-i686-pc-linux-gnu/bin/../lib/gcc/nios2-elf/4.1.2/../../../../nios2-elf/lib/mno-hw-mul/libc.a(lib_a-locale.o)
                0x00818874                __nlocale_changed
                0x00818878                __mlocale_changed
                0x0081887c                _PathLocale
 .sbss          0x00818880        0xc ../test_time_filter_bsp//libhal_bsp.a(alt_main.o)
                0x00818880                alt_argc
                0x00818884                alt_argv
                0x00818888                alt_envp
 .sbss          0x0081888c        0x8 ../test_time_filter_bsp//libhal_bsp.a(altera_avalon_timer_vars.o)
                0x0081888c                altera_avalon_timer_ts_base
                0x00818890                altera_avalon_timer_ts_freq
 .sbss          0x00818894        0x4 ../test_time_filter_bsp//libhal_bsp.a(alt_irq_vars.o)
                0x00818894                alt_irq_active
 .sbss          0x00818898        0x8 ../test_time_filter_bsp//libhal_bsp.a(alt_tick.o)
                0x00818898                _alt_tick_rate
                0x0081889c                _alt_nticks
 *(.sbss2 .sbss2.* .gnu.linkonce.sb2.*)
 *(.scommon)
                0x008188a0                PROVIDE (__sbss_end, ABSOLUTE (.))
                0x008188a0                PROVIDE (___sbss_end, ABSOLUTE (.))
 *(.dynbss)
 *(.bss .bss.* .gnu.linkonce.b.*)
 .bss           0x008188a0        0x0 ../test_time_filter_bsp//obj/HAL/src/crt0.o
 .bss           0x008188a0        0x0 obj/default/hello_world.o
 .bss           0x008188a0        0x0 obj/default/pgm.o
 .bss           0x008188a0        0x0 /opt/altera/12.1sp1/nios2eds/bin/gnu/H-i686-pc-linux-gnu/bin/../lib/gcc/nios2-elf/4.1.2/mno-hw-mul/libgcc.a(_div_df.o)
 .bss           0x008188a0        0x0 /opt/altera/12.1sp1/nios2eds/bin/gnu/H-i686-pc-linux-gnu/bin/../lib/gcc/nios2-elf/4.1.2/mno-hw-mul/libgcc.a(_thenan_df.o)
 .bss           0x008188a0        0x0 /opt/altera/12.1sp1/nios2eds/bin/gnu/H-i686-pc-linux-gnu/bin/../lib/gcc/nios2-elf/4.1.2/mno-hw-mul/libgcc.a(_usi_to_df.o)
 .bss           0x008188a0        0x0 /opt/altera/12.1sp1/nios2eds/bin/gnu/H-i686-pc-linux-gnu/bin/../lib/gcc/nios2-elf/4.1.2/mno-hw-mul/libgcc.a(lib2-mul.o)
 .bss           0x008188a0        0x0 /opt/altera/12.1sp1/nios2eds/bin/gnu/H-i686-pc-linux-gnu/bin/../lib/gcc/nios2-elf/4.1.2/mno-hw-mul/libgcc.a(_clzsi2.o)
 .bss           0x008188a0        0x0 /opt/altera/12.1sp1/nios2eds/bin/gnu/H-i686-pc-linux-gnu/bin/../lib/gcc/nios2-elf/4.1.2/mno-hw-mul/libgcc.a(_pack_df.o)
 .bss           0x008188a0        0x0 /opt/altera/12.1sp1/nios2eds/bin/gnu/H-i686-pc-linux-gnu/bin/../lib/gcc/nios2-elf/4.1.2/mno-hw-mul/libgcc.a(_unpack_df.o)
 .bss           0x008188a0        0x0 /opt/altera/12.1sp1/nios2eds/bin/gnu/H-i686-pc-linux-gnu/bin/../lib/gcc/nios2-elf/4.1.2/mno-hw-mul/libgcc.a(_clz.o)
 .bss           0x008188a0        0x0 /opt/altera/12.1sp1/nios2eds/bin/gnu/H-i686-pc-linux-gnu/bin/../lib/gcc/nios2-elf/4.1.2/../../../../nios2-elf/lib/mno-hw-mul/libc.a(lib_a-calloc.o)
 .bss           0x008188a0        0x0 /opt/altera/12.1sp1/nios2eds/bin/gnu/H-i686-pc-linux-gnu/bin/../lib/gcc/nios2-elf/4.1.2/../../../../nios2-elf/lib/mno-hw-mul/libc.a(lib_a-callocr.o)
 .bss           0x008188a0        0x0 /opt/altera/12.1sp1/nios2eds/bin/gnu/H-i686-pc-linux-gnu/bin/../lib/gcc/nios2-elf/4.1.2/../../../../nios2-elf/lib/mno-hw-mul/libc.a(lib_a-clock.o)
 .bss           0x008188a0        0x0 /opt/altera/12.1sp1/nios2eds/bin/gnu/H-i686-pc-linux-gnu/bin/../lib/gcc/nios2-elf/4.1.2/../../../../nios2-elf/lib/mno-hw-mul/libc.a(lib_a-ctype_.o)
 .bss           0x008188a0        0x0 /opt/altera/12.1sp1/nios2eds/bin/gnu/H-i686-pc-linux-gnu/bin/../lib/gcc/nios2-elf/4.1.2/../../../../nios2-elf/lib/mno-hw-mul/libc.a(lib_a-exit.o)
 .bss           0x008188a0        0x0 /opt/altera/12.1sp1/nios2eds/bin/gnu/H-i686-pc-linux-gnu/bin/../lib/gcc/nios2-elf/4.1.2/../../../../nios2-elf/lib/mno-hw-mul/libc.a(lib_a-fclose.o)
 .bss           0x008188a0        0x0 /opt/altera/12.1sp1/nios2eds/bin/gnu/H-i686-pc-linux-gnu/bin/../lib/gcc/nios2-elf/4.1.2/../../../../nios2-elf/lib/mno-hw-mul/libc.a(lib_a-fflush.o)
 .bss           0x008188a0        0x0 /opt/altera/12.1sp1/nios2eds/bin/gnu/H-i686-pc-linux-gnu/bin/../lib/gcc/nios2-elf/4.1.2/../../../../nios2-elf/lib/mno-hw-mul/libc.a(lib_a-fgetc.o)
 .bss           0x008188a0        0x0 /opt/altera/12.1sp1/nios2eds/bin/gnu/H-i686-pc-linux-gnu/bin/../lib/gcc/nios2-elf/4.1.2/../../../../nios2-elf/lib/mno-hw-mul/libc.a(lib_a-fgets.o)
 .bss           0x008188a0        0x0 /opt/altera/12.1sp1/nios2eds/bin/gnu/H-i686-pc-linux-gnu/bin/../lib/gcc/nios2-elf/4.1.2/../../../../nios2-elf/lib/mno-hw-mul/libc.a(lib_a-findfp.o)
 .bss           0x008188a0        0x0 /opt/altera/12.1sp1/nios2eds/bin/gnu/H-i686-pc-linux-gnu/bin/../lib/gcc/nios2-elf/4.1.2/../../../../nios2-elf/lib/mno-hw-mul/libc.a(lib_a-fopen.o)
 .bss           0x008188a0        0x0 /opt/altera/12.1sp1/nios2eds/bin/gnu/H-i686-pc-linux-gnu/bin/../lib/gcc/nios2-elf/4.1.2/../../../../nios2-elf/lib/mno-hw-mul/libc.a(lib_a-fprintf.o)
 .bss           0x008188a0        0x0 /opt/altera/12.1sp1/nios2eds/bin/gnu/H-i686-pc-linux-gnu/bin/../lib/gcc/nios2-elf/4.1.2/../../../../nios2-elf/lib/mno-hw-mul/libc.a(lib_a-fread.o)
 .bss           0x008188a0        0x0 /opt/altera/12.1sp1/nios2eds/bin/gnu/H-i686-pc-linux-gnu/bin/../lib/gcc/nios2-elf/4.1.2/../../../../nios2-elf/lib/mno-hw-mul/libc.a(lib_a-freer.o)
 .bss           0x008188a0        0x0 /opt/altera/12.1sp1/nios2eds/bin/gnu/H-i686-pc-linux-gnu/bin/../lib/gcc/nios2-elf/4.1.2/../../../../nios2-elf/lib/mno-hw-mul/libc.a(lib_a-fscanf.o)
 .bss           0x008188a0        0x0 /opt/altera/12.1sp1/nios2eds/bin/gnu/H-i686-pc-linux-gnu/bin/../lib/gcc/nios2-elf/4.1.2/../../../../nios2-elf/lib/mno-hw-mul/libc.a(lib_a-fseek.o)
 .bss           0x008188a0        0x0 /opt/altera/12.1sp1/nios2eds/bin/gnu/H-i686-pc-linux-gnu/bin/../lib/gcc/nios2-elf/4.1.2/../../../../nios2-elf/lib/mno-hw-mul/libc.a(lib_a-fstatr.o)
 .bss           0x008188a0        0x0 /opt/altera/12.1sp1/nios2eds/bin/gnu/H-i686-pc-linux-gnu/bin/../lib/gcc/nios2-elf/4.1.2/../../../../nios2-elf/lib/mno-hw-mul/libc.a(lib_a-fwalk.o)
 .bss           0x008188a0        0x0 /opt/altera/12.1sp1/nios2eds/bin/gnu/H-i686-pc-linux-gnu/bin/../lib/gcc/nios2-elf/4.1.2/../../../../nios2-elf/lib/mno-hw-mul/libc.a(lib_a-fwrite.o)
 .bss           0x008188a0        0x0 /opt/altera/12.1sp1/nios2eds/bin/gnu/H-i686-pc-linux-gnu/bin/../lib/gcc/nios2-elf/4.1.2/../../../../nios2-elf/lib/mno-hw-mul/libc.a(lib_a-impure.o)
 .bss           0x008188a0        0x0 /opt/altera/12.1sp1/nios2eds/bin/gnu/H-i686-pc-linux-gnu/bin/../lib/gcc/nios2-elf/4.1.2/../../../../nios2-elf/lib/mno-hw-mul/libc.a(lib_a-int_errno.o)
 .bss           0x008188a0        0x0 /opt/altera/12.1sp1/nios2eds/bin/gnu/H-i686-pc-linux-gnu/bin/../lib/gcc/nios2-elf/4.1.2/../../../../nios2-elf/lib/mno-hw-mul/libc.a(lib_a-makebuf.o)
 .bss           0x008188a0        0x0 /opt/altera/12.1sp1/nios2eds/bin/gnu/H-i686-pc-linux-gnu/bin/../lib/gcc/nios2-elf/4.1.2/../../../../nios2-elf/lib/mno-hw-mul/libc.a(lib_a-malloc.o)
 .bss           0x008188a0       0x28 /opt/altera/12.1sp1/nios2eds/bin/gnu/H-i686-pc-linux-gnu/bin/../lib/gcc/nios2-elf/4.1.2/../../../../nios2-elf/lib/mno-hw-mul/libc.a(lib_a-mallocr.o)
                0x008188a0                __malloc_current_mallinfo
 .bss           0x008188c8        0x0 /opt/altera/12.1sp1/nios2eds/bin/gnu/H-i686-pc-linux-gnu/bin/../lib/gcc/nios2-elf/4.1.2/../../../../nios2-elf/lib/mno-hw-mul/libc.a(lib_a-memchr.o)
 .bss           0x008188c8        0x0 /opt/altera/12.1sp1/nios2eds/bin/gnu/H-i686-pc-linux-gnu/bin/../lib/gcc/nios2-elf/4.1.2/../../../../nios2-elf/lib/mno-hw-mul/libc.a(lib_a-memcpy.o)
 .bss           0x008188c8        0x0 /opt/altera/12.1sp1/nios2eds/bin/gnu/H-i686-pc-linux-gnu/bin/../lib/gcc/nios2-elf/4.1.2/../../../../nios2-elf/lib/mno-hw-mul/libc.a(lib_a-memset.o)
 .bss           0x008188c8        0x0 /opt/altera/12.1sp1/nios2eds/bin/gnu/H-i686-pc-linux-gnu/bin/../lib/gcc/nios2-elf/4.1.2/../../../../nios2-elf/lib/mno-hw-mul/libc.a(lib_a-openr.o)
 .bss           0x008188c8        0x0 /opt/altera/12.1sp1/nios2eds/bin/gnu/H-i686-pc-linux-gnu/bin/../lib/gcc/nios2-elf/4.1.2/../../../../nios2-elf/lib/mno-hw-mul/libc.a(lib_a-printf.o)
 .bss           0x008188c8        0x0 /opt/altera/12.1sp1/nios2eds/bin/gnu/H-i686-pc-linux-gnu/bin/../lib/gcc/nios2-elf/4.1.2/../../../../nios2-elf/lib/mno-hw-mul/libc.a(lib_a-puts.o)
 .bss           0x008188c8        0x0 /opt/altera/12.1sp1/nios2eds/bin/gnu/H-i686-pc-linux-gnu/bin/../lib/gcc/nios2-elf/4.1.2/../../../../nios2-elf/lib/mno-hw-mul/libc.a(lib_a-refill.o)
 .bss           0x008188c8        0x0 /opt/altera/12.1sp1/nios2eds/bin/gnu/H-i686-pc-linux-gnu/bin/../lib/gcc/nios2-elf/4.1.2/../../../../nios2-elf/lib/mno-hw-mul/libc.a(lib_a-rget.o)
 .bss           0x008188c8        0x0 /opt/altera/12.1sp1/nios2eds/bin/gnu/H-i686-pc-linux-gnu/bin/../lib/gcc/nios2-elf/4.1.2/../../../../nios2-elf/lib/mno-hw-mul/libc.a(lib_a-sbrkr.o)
 .bss           0x008188c8        0x0 /opt/altera/12.1sp1/nios2eds/bin/gnu/H-i686-pc-linux-gnu/bin/../lib/gcc/nios2-elf/4.1.2/../../../../nios2-elf/lib/mno-hw-mul/libc.a(lib_a-sscanf.o)
 .bss           0x008188c8        0x0 /opt/altera/12.1sp1/nios2eds/bin/gnu/H-i686-pc-linux-gnu/bin/../lib/gcc/nios2-elf/4.1.2/../../../../nios2-elf/lib/mno-hw-mul/libc.a(lib_a-stdio.o)
 .bss           0x008188c8        0x0 /opt/altera/12.1sp1/nios2eds/bin/gnu/H-i686-pc-linux-gnu/bin/../lib/gcc/nios2-elf/4.1.2/../../../../nios2-elf/lib/mno-hw-mul/libc.a(lib_a-strlen.o)
 .bss           0x008188c8        0x0 /opt/altera/12.1sp1/nios2eds/bin/gnu/H-i686-pc-linux-gnu/bin/../lib/gcc/nios2-elf/4.1.2/../../../../nios2-elf/lib/mno-hw-mul/libc.a(lib_a-strncmp.o)
 .bss           0x008188c8        0x0 /opt/altera/12.1sp1/nios2eds/bin/gnu/H-i686-pc-linux-gnu/bin/../lib/gcc/nios2-elf/4.1.2/../../../../nios2-elf/lib/mno-hw-mul/libc.a(lib_a-timesr.o)
 .bss           0x008188c8        0x0 /opt/altera/12.1sp1/nios2eds/bin/gnu/H-i686-pc-linux-gnu/bin/../lib/gcc/nios2-elf/4.1.2/../../../../nios2-elf/lib/mno-hw-mul/libc.a(lib_a-ungetc.o)
 .bss           0x008188c8        0x0 /opt/altera/12.1sp1/nios2eds/bin/gnu/H-i686-pc-linux-gnu/bin/../lib/gcc/nios2-elf/4.1.2/../../../../nios2-elf/lib/mno-hw-mul/libc.a(lib_a-vfprintf.o)
 .bss           0x008188c8        0x0 /opt/altera/12.1sp1/nios2eds/bin/gnu/H-i686-pc-linux-gnu/bin/../lib/gcc/nios2-elf/4.1.2/../../../../nios2-elf/lib/mno-hw-mul/libc.a(lib_a-vfscanf.o)
 .bss           0x008188c8        0x0 /opt/altera/12.1sp1/nios2eds/bin/gnu/H-i686-pc-linux-gnu/bin/../lib/gcc/nios2-elf/4.1.2/../../../../nios2-elf/lib/mno-hw-mul/libc.a(lib_a-writer.o)
 .bss           0x008188c8        0x0 /opt/altera/12.1sp1/nios2eds/bin/gnu/H-i686-pc-linux-gnu/bin/../lib/gcc/nios2-elf/4.1.2/../../../../nios2-elf/lib/mno-hw-mul/libc.a(lib_a-wsetup.o)
 .bss           0x008188c8        0x0 /opt/altera/12.1sp1/nios2eds/bin/gnu/H-i686-pc-linux-gnu/bin/../lib/gcc/nios2-elf/4.1.2/../../../../nios2-elf/lib/mno-hw-mul/libc.a(lib_a-__call_atexit.o)
 .bss           0x008188c8        0x0 /opt/altera/12.1sp1/nios2eds/bin/gnu/H-i686-pc-linux-gnu/bin/../lib/gcc/nios2-elf/4.1.2/../../../../nios2-elf/lib/mno-hw-mul/libc.a(lib_a-closer.o)
 .bss           0x008188c8        0x0 /opt/altera/12.1sp1/nios2eds/bin/gnu/H-i686-pc-linux-gnu/bin/../lib/gcc/nios2-elf/4.1.2/../../../../nios2-elf/lib/mno-hw-mul/libc.a(lib_a-dtoa.o)
 .bss           0x008188c8        0x0 /opt/altera/12.1sp1/nios2eds/bin/gnu/H-i686-pc-linux-gnu/bin/../lib/gcc/nios2-elf/4.1.2/../../../../nios2-elf/lib/mno-hw-mul/libc.a(lib_a-flags.o)
 .bss           0x008188c8        0x0 /opt/altera/12.1sp1/nios2eds/bin/gnu/H-i686-pc-linux-gnu/bin/../lib/gcc/nios2-elf/4.1.2/../../../../nios2-elf/lib/mno-hw-mul/libc.a(lib_a-fvwrite.o)
 .bss           0x008188c8        0x0 /opt/altera/12.1sp1/nios2eds/bin/gnu/H-i686-pc-linux-gnu/bin/../lib/gcc/nios2-elf/4.1.2/../../../../nios2-elf/lib/mno-hw-mul/libc.a(lib_a-isattyr.o)
 .bss           0x008188c8        0x0 /opt/altera/12.1sp1/nios2eds/bin/gnu/H-i686-pc-linux-gnu/bin/../lib/gcc/nios2-elf/4.1.2/../../../../nios2-elf/lib/mno-hw-mul/libc.a(lib_a-iswspace.o)
 .bss           0x008188c8        0x0 /opt/altera/12.1sp1/nios2eds/bin/gnu/H-i686-pc-linux-gnu/bin/../lib/gcc/nios2-elf/4.1.2/../../../../nios2-elf/lib/mno-hw-mul/libc.a(lib_a-locale.o)
 .bss           0x008188c8        0x0 /opt/altera/12.1sp1/nios2eds/bin/gnu/H-i686-pc-linux-gnu/bin/../lib/gcc/nios2-elf/4.1.2/../../../../nios2-elf/lib/mno-hw-mul/libc.a(lib_a-lseekr.o)
 .bss           0x008188c8        0x0 /opt/altera/12.1sp1/nios2eds/bin/gnu/H-i686-pc-linux-gnu/bin/../lib/gcc/nios2-elf/4.1.2/../../../../nios2-elf/lib/mno-hw-mul/libc.a(lib_a-mbrtowc.o)
 .bss           0x008188c8        0x0 /opt/altera/12.1sp1/nios2eds/bin/gnu/H-i686-pc-linux-gnu/bin/../lib/gcc/nios2-elf/4.1.2/../../../../nios2-elf/lib/mno-hw-mul/libc.a(lib_a-mbtowc_r.o)
 .bss           0x008188c8        0x0 /opt/altera/12.1sp1/nios2eds/bin/gnu/H-i686-pc-linux-gnu/bin/../lib/gcc/nios2-elf/4.1.2/../../../../nios2-elf/lib/mno-hw-mul/libc.a(lib_a-memmove.o)
 .bss           0x008188c8        0x0 /opt/altera/12.1sp1/nios2eds/bin/gnu/H-i686-pc-linux-gnu/bin/../lib/gcc/nios2-elf/4.1.2/../../../../nios2-elf/lib/mno-hw-mul/libc.a(lib_a-mprec.o)
 .bss           0x008188c8        0x0 /opt/altera/12.1sp1/nios2eds/bin/gnu/H-i686-pc-linux-gnu/bin/../lib/gcc/nios2-elf/4.1.2/../../../../nios2-elf/lib/mno-hw-mul/libc.a(lib_a-readr.o)
 .bss           0x008188c8        0x0 /opt/altera/12.1sp1/nios2eds/bin/gnu/H-i686-pc-linux-gnu/bin/../lib/gcc/nios2-elf/4.1.2/../../../../nios2-elf/lib/mno-hw-mul/libc.a(lib_a-reallocr.o)
 .bss           0x008188c8        0x0 /opt/altera/12.1sp1/nios2eds/bin/gnu/H-i686-pc-linux-gnu/bin/../lib/gcc/nios2-elf/4.1.2/../../../../nios2-elf/lib/mno-hw-mul/libc.a(lib_a-s_isinfd.o)
 .bss           0x008188c8        0x0 /opt/altera/12.1sp1/nios2eds/bin/gnu/H-i686-pc-linux-gnu/bin/../lib/gcc/nios2-elf/4.1.2/../../../../nios2-elf/lib/mno-hw-mul/libc.a(lib_a-s_isnand.o)
 .bss           0x008188c8        0x0 /opt/altera/12.1sp1/nios2eds/bin/gnu/H-i686-pc-linux-gnu/bin/../lib/gcc/nios2-elf/4.1.2/../../../../nios2-elf/lib/mno-hw-mul/libc.a(lib_a-sccl.o)
 .bss           0x008188c8        0x0 /opt/altera/12.1sp1/nios2eds/bin/gnu/H-i686-pc-linux-gnu/bin/../lib/gcc/nios2-elf/4.1.2/../../../../nios2-elf/lib/mno-hw-mul/libc.a(lib_a-sf_nan.o)
 .bss           0x008188c8        0x0 /opt/altera/12.1sp1/nios2eds/bin/gnu/H-i686-pc-linux-gnu/bin/../lib/gcc/nios2-elf/4.1.2/../../../../nios2-elf/lib/mno-hw-mul/libc.a(lib_a-sprintf.o)
 .bss           0x008188c8        0x0 /opt/altera/12.1sp1/nios2eds/bin/gnu/H-i686-pc-linux-gnu/bin/../lib/gcc/nios2-elf/4.1.2/../../../../nios2-elf/lib/mno-hw-mul/libc.a(lib_a-strcmp.o)
 .bss           0x008188c8        0x0 /opt/altera/12.1sp1/nios2eds/bin/gnu/H-i686-pc-linux-gnu/bin/../lib/gcc/nios2-elf/4.1.2/../../../../nios2-elf/lib/mno-hw-mul/libc.a(lib_a-strtod.o)
 .bss           0x008188c8        0x0 /opt/altera/12.1sp1/nios2eds/bin/gnu/H-i686-pc-linux-gnu/bin/../lib/gcc/nios2-elf/4.1.2/../../../../nios2-elf/lib/mno-hw-mul/libc.a(lib_a-strtol.o)
 .bss           0x008188c8        0x0 /opt/altera/12.1sp1/nios2eds/bin/gnu/H-i686-pc-linux-gnu/bin/../lib/gcc/nios2-elf/4.1.2/../../../../nios2-elf/lib/mno-hw-mul/libc.a(lib_a-strtoll_r.o)
 .bss           0x008188c8        0x0 /opt/altera/12.1sp1/nios2eds/bin/gnu/H-i686-pc-linux-gnu/bin/../lib/gcc/nios2-elf/4.1.2/../../../../nios2-elf/lib/mno-hw-mul/libc.a(lib_a-strtoul.o)
 .bss           0x008188c8        0x0 /opt/altera/12.1sp1/nios2eds/bin/gnu/H-i686-pc-linux-gnu/bin/../lib/gcc/nios2-elf/4.1.2/../../../../nios2-elf/lib/mno-hw-mul/libc.a(lib_a-strtoull_r.o)
 .bss           0x008188c8        0x0 /opt/altera/12.1sp1/nios2eds/bin/gnu/H-i686-pc-linux-gnu/bin/../lib/gcc/nios2-elf/4.1.2/../../../../nios2-elf/lib/mno-hw-mul/libc.a(lib_a-gdtoa-gethex.o)
 .bss           0x008188c8        0x0 /opt/altera/12.1sp1/nios2eds/bin/gnu/H-i686-pc-linux-gnu/bin/../lib/gcc/nios2-elf/4.1.2/../../../../nios2-elf/lib/mno-hw-mul/libc.a(lib_a-gdtoa-hexnan.o)
 .bss           0x008188c8        0x0 /opt/altera/12.1sp1/nios2eds/bin/gnu/H-i686-pc-linux-gnu/bin/../lib/gcc/nios2-elf/4.1.2/mno-hw-mul/libgcc.a(_muldi3.o)
 .bss           0x008188c8        0x0 /opt/altera/12.1sp1/nios2eds/bin/gnu/H-i686-pc-linux-gnu/bin/../lib/gcc/nios2-elf/4.1.2/mno-hw-mul/libgcc.a(_fixunsdfsi.o)
 .bss           0x008188c8        0x0 /opt/altera/12.1sp1/nios2eds/bin/gnu/H-i686-pc-linux-gnu/bin/../lib/gcc/nios2-elf/4.1.2/mno-hw-mul/libgcc.a(_udivdi3.o)
 .bss           0x008188c8        0x0 /opt/altera/12.1sp1/nios2eds/bin/gnu/H-i686-pc-linux-gnu/bin/../lib/gcc/nios2-elf/4.1.2/mno-hw-mul/libgcc.a(_umoddi3.o)
 .bss           0x008188c8        0x0 /opt/altera/12.1sp1/nios2eds/bin/gnu/H-i686-pc-linux-gnu/bin/../lib/gcc/nios2-elf/4.1.2/mno-hw-mul/libgcc.a(_ne_sf.o)
 .bss           0x008188c8        0x0 /opt/altera/12.1sp1/nios2eds/bin/gnu/H-i686-pc-linux-gnu/bin/../lib/gcc/nios2-elf/4.1.2/mno-hw-mul/libgcc.a(_gt_sf.o)
 .bss           0x008188c8        0x0 /opt/altera/12.1sp1/nios2eds/bin/gnu/H-i686-pc-linux-gnu/bin/../lib/gcc/nios2-elf/4.1.2/mno-hw-mul/libgcc.a(_lt_sf.o)
 .bss           0x008188c8        0x0 /opt/altera/12.1sp1/nios2eds/bin/gnu/H-i686-pc-linux-gnu/bin/../lib/gcc/nios2-elf/4.1.2/mno-hw-mul/libgcc.a(_addsub_df.o)
 .bss           0x008188c8        0x0 /opt/altera/12.1sp1/nios2eds/bin/gnu/H-i686-pc-linux-gnu/bin/../lib/gcc/nios2-elf/4.1.2/mno-hw-mul/libgcc.a(_mul_df.o)
 .bss           0x008188c8        0x0 /opt/altera/12.1sp1/nios2eds/bin/gnu/H-i686-pc-linux-gnu/bin/../lib/gcc/nios2-elf/4.1.2/mno-hw-mul/libgcc.a(_eq_df.o)
 .bss           0x008188c8        0x0 /opt/altera/12.1sp1/nios2eds/bin/gnu/H-i686-pc-linux-gnu/bin/../lib/gcc/nios2-elf/4.1.2/mno-hw-mul/libgcc.a(_ne_df.o)
 .bss           0x008188c8        0x0 /opt/altera/12.1sp1/nios2eds/bin/gnu/H-i686-pc-linux-gnu/bin/../lib/gcc/nios2-elf/4.1.2/mno-hw-mul/libgcc.a(_gt_df.o)
 .bss           0x008188c8        0x0 /opt/altera/12.1sp1/nios2eds/bin/gnu/H-i686-pc-linux-gnu/bin/../lib/gcc/nios2-elf/4.1.2/mno-hw-mul/libgcc.a(_ge_df.o)
 .bss           0x008188c8        0x0 /opt/altera/12.1sp1/nios2eds/bin/gnu/H-i686-pc-linux-gnu/bin/../lib/gcc/nios2-elf/4.1.2/mno-hw-mul/libgcc.a(_lt_df.o)
 .bss           0x008188c8        0x0 /opt/altera/12.1sp1/nios2eds/bin/gnu/H-i686-pc-linux-gnu/bin/../lib/gcc/nios2-elf/4.1.2/mno-hw-mul/libgcc.a(_le_df.o)
 .bss           0x008188c8        0x0 /opt/altera/12.1sp1/nios2eds/bin/gnu/H-i686-pc-linux-gnu/bin/../lib/gcc/nios2-elf/4.1.2/mno-hw-mul/libgcc.a(_si_to_df.o)
 .bss           0x008188c8        0x0 /opt/altera/12.1sp1/nios2eds/bin/gnu/H-i686-pc-linux-gnu/bin/../lib/gcc/nios2-elf/4.1.2/mno-hw-mul/libgcc.a(_df_to_si.o)
 .bss           0x008188c8        0x0 /opt/altera/12.1sp1/nios2eds/bin/gnu/H-i686-pc-linux-gnu/bin/../lib/gcc/nios2-elf/4.1.2/mno-hw-mul/libgcc.a(_df_to_sf.o)
 .bss           0x008188c8        0x0 /opt/altera/12.1sp1/nios2eds/bin/gnu/H-i686-pc-linux-gnu/bin/../lib/gcc/nios2-elf/4.1.2/mno-hw-mul/libgcc.a(lib2-divmod.o)
 .bss           0x008188c8        0x0 /opt/altera/12.1sp1/nios2eds/bin/gnu/H-i686-pc-linux-gnu/bin/../lib/gcc/nios2-elf/4.1.2/mno-hw-mul/libgcc.a(_unpack_sf.o)
 .bss           0x008188c8        0x0 /opt/altera/12.1sp1/nios2eds/bin/gnu/H-i686-pc-linux-gnu/bin/../lib/gcc/nios2-elf/4.1.2/mno-hw-mul/libgcc.a(_fpcmp_parts_sf.o)
 .bss           0x008188c8        0x0 /opt/altera/12.1sp1/nios2eds/bin/gnu/H-i686-pc-linux-gnu/bin/../lib/gcc/nios2-elf/4.1.2/mno-hw-mul/libgcc.a(_make_sf.o)
 .bss           0x008188c8        0x0 /opt/altera/12.1sp1/nios2eds/bin/gnu/H-i686-pc-linux-gnu/bin/../lib/gcc/nios2-elf/4.1.2/mno-hw-mul/libgcc.a(_fpcmp_parts_df.o)
 .bss           0x008188c8        0x0 /opt/altera/12.1sp1/nios2eds/bin/gnu/H-i686-pc-linux-gnu/bin/../lib/gcc/nios2-elf/4.1.2/mno-hw-mul/libgcc.a(_pack_sf.o)
 .bss           0x008188c8        0x0 ../test_time_filter_bsp//libhal_bsp.a(alt_close.o)
 .bss           0x008188c8        0x0 ../test_time_filter_bsp//libhal_bsp.a(alt_dev.o)
 .bss           0x008188c8        0x0 ../test_time_filter_bsp//libhal_bsp.a(alt_errno.o)
 .bss           0x008188c8        0x0 ../test_time_filter_bsp//libhal_bsp.a(alt_exit.o)
 .bss           0x008188c8        0x0 ../test_time_filter_bsp//libhal_bsp.a(alt_fstat.o)
 .bss           0x008188c8        0x0 ../test_time_filter_bsp//libhal_bsp.a(alt_isatty.o)
 .bss           0x008188c8        0x0 ../test_time_filter_bsp//libhal_bsp.a(alt_load.o)