Archive member included because of file (symbol)

/opt/altera/12.1sp1/nios2eds/bin/gnu/H-i686-pc-linux-gnu/bin/../lib/gcc/nios2-elf/4.1.2/../../../../nios2-elf/lib/mno-hw-mul/libsmallc.a(lib_a-impure.o)
                              obj/default/memtest_small.o (_impure_ptr)
/opt/altera/12.1sp1/nios2eds/bin/gnu/H-i686-pc-linux-gnu/bin/../lib/gcc/nios2-elf/4.1.2/../../../../nios2-elf/lib/mno-hw-mul/libsmallc.a(lib_a-printf.o)
                              obj/default/memtest_small.o (printf)
/opt/altera/12.1sp1/nios2eds/bin/gnu/H-i686-pc-linux-gnu/bin/../lib/gcc/nios2-elf/4.1.2/../../../../nios2-elf/lib/mno-hw-mul/libsmallc.a(lib_a-putc.o)
                              obj/default/memtest_small.o (putc)
/opt/altera/12.1sp1/nios2eds/bin/gnu/H-i686-pc-linux-gnu/bin/../lib/gcc/nios2-elf/4.1.2/../../../../nios2-elf/lib/mno-hw-mul/libsmallc.a(lib_a-putchar.o)
                              obj/default/memtest_small.o (putchar)
/opt/altera/12.1sp1/nios2eds/bin/gnu/H-i686-pc-linux-gnu/bin/../lib/gcc/nios2-elf/4.1.2/../../../../nios2-elf/lib/mno-hw-mul/libsmallc.a(lib_a-puts.o)
                              obj/default/memtest_small.o (puts)
/opt/altera/12.1sp1/nios2eds/bin/gnu/H-i686-pc-linux-gnu/bin/../lib/gcc/nios2-elf/4.1.2/../../../../nios2-elf/lib/mno-hw-mul/libsmallc.a(lib_a-strlen.o)
                              /opt/altera/12.1sp1/nios2eds/bin/gnu/H-i686-pc-linux-gnu/bin/../lib/gcc/nios2-elf/4.1.2/../../../../nios2-elf/lib/mno-hw-mul/libsmallc.a(lib_a-puts.o) (strlen)
/opt/altera/12.1sp1/nios2eds/bin/gnu/H-i686-pc-linux-gnu/bin/../lib/gcc/nios2-elf/4.1.2/../../../../nios2-elf/lib/mno-hw-mul/libsmallc.a(lib_a-strtol.o)
                              obj/default/memtest_small.o (strtol)
/opt/altera/12.1sp1/nios2eds/bin/gnu/H-i686-pc-linux-gnu/bin/../lib/gcc/nios2-elf/4.1.2/../../../../nios2-elf/lib/mno-hw-mul/libsmallc.a(lib_a-vfprintf.o)
                              /opt/altera/12.1sp1/nios2eds/bin/gnu/H-i686-pc-linux-gnu/bin/../lib/gcc/nios2-elf/4.1.2/../../../../nios2-elf/lib/mno-hw-mul/libsmallc.a(lib_a-printf.o) (___vfprintf_internal_r)
/opt/altera/12.1sp1/nios2eds/bin/gnu/H-i686-pc-linux-gnu/bin/../lib/gcc/nios2-elf/4.1.2/../../../../nios2-elf/lib/mno-hw-mul/libsmallc.a(lib_a-ctype_.o)
                              /opt/altera/12.1sp1/nios2eds/bin/gnu/H-i686-pc-linux-gnu/bin/../lib/gcc/nios2-elf/4.1.2/../../../../nios2-elf/lib/mno-hw-mul/libsmallc.a(lib_a-strtol.o) (__ctype_ptr)
/opt/altera/12.1sp1/nios2eds/bin/gnu/H-i686-pc-linux-gnu/bin/../lib/gcc/nios2-elf/4.1.2/../../../../nios2-elf/lib/mno-hw-mul/libsmallc.a(lib_a-fvwrite_small_dev.o)
                              /opt/altera/12.1sp1/nios2eds/bin/gnu/H-i686-pc-linux-gnu/bin/../lib/gcc/nios2-elf/4.1.2/../../../../nios2-elf/lib/mno-hw-mul/libsmallc.a(lib_a-printf.o) (__sfvwrite_small_dev)
/opt/altera/12.1sp1/nios2eds/bin/gnu/H-i686-pc-linux-gnu/bin/../lib/gcc/nios2-elf/4.1.2/../../../../nios2-elf/lib/mno-hw-mul/libsmallc.a(lib_a-writer.o)
                              /opt/altera/12.1sp1/nios2eds/bin/gnu/H-i686-pc-linux-gnu/bin/../lib/gcc/nios2-elf/4.1.2/../../../../nios2-elf/lib/mno-hw-mul/libsmallc.a(lib_a-fvwrite_small_dev.o) (_write_r)
/opt/altera/12.1sp1/nios2eds/bin/gnu/H-i686-pc-linux-gnu/bin/../lib/gcc/nios2-elf/4.1.2/../../../../nios2-elf/lib/mno-hw-mul/libsmallc.a(lib_a-int_errno.o)
                              /opt/altera/12.1sp1/nios2eds/bin/gnu/H-i686-pc-linux-gnu/bin/../lib/gcc/nios2-elf/4.1.2/../../../../nios2-elf/lib/mno-hw-mul/libsmallc.a(lib_a-writer.o) (errno)
/opt/altera/12.1sp1/nios2eds/bin/gnu/H-i686-pc-linux-gnu/bin/../lib/gcc/nios2-elf/4.1.2/mno-hw-mul/libgcc.a(lib2-divmod.o)
                              /opt/altera/12.1sp1/nios2eds/bin/gnu/H-i686-pc-linux-gnu/bin/../lib/gcc/nios2-elf/4.1.2/../../../../nios2-elf/lib/mno-hw-mul/libsmallc.a(lib_a-strtol.o) (__udivsi3)
/opt/altera/12.1sp1/nios2eds/bin/gnu/H-i686-pc-linux-gnu/bin/../lib/gcc/nios2-elf/4.1.2/mno-hw-mul/libgcc.a(lib2-mul.o)
                              /opt/altera/12.1sp1/nios2eds/bin/gnu/H-i686-pc-linux-gnu/bin/../lib/gcc/nios2-elf/4.1.2/../../../../nios2-elf/lib/mno-hw-mul/libsmallc.a(lib_a-strtol.o) (__mulsi3)
../test_sdram_v2_bsp//libhal_bsp.a(alt_getchar.o)
                              obj/default/memtest_small.o (alt_getchar)
../test_sdram_v2_bsp//libhal_bsp.a(alt_load.o)
                              ../test_sdram_v2_bsp//obj/HAL/src/crt0.o (alt_load)
../test_sdram_v2_bsp//libhal_bsp.a(alt_main.o)
                              ../test_sdram_v2_bsp//obj/HAL/src/crt0.o (alt_main)
../test_sdram_v2_bsp//libhal_bsp.a(alt_write.o)
                              /opt/altera/12.1sp1/nios2eds/bin/gnu/H-i686-pc-linux-gnu/bin/../lib/gcc/nios2-elf/4.1.2/../../../../nios2-elf/lib/mno-hw-mul/libsmallc.a(lib_a-writer.o) (write)
../test_sdram_v2_bsp//libhal_bsp.a(alt_sys_init.o)
                              ../test_sdram_v2_bsp//libhal_bsp.a(alt_main.o) (alt_sys_init)
../test_sdram_v2_bsp//libhal_bsp.a(altera_avalon_jtag_uart_read.o)
                              ../test_sdram_v2_bsp//libhal_bsp.a(alt_getchar.o) (altera_avalon_jtag_uart_read)
../test_sdram_v2_bsp//libhal_bsp.a(altera_avalon_jtag_uart_write.o)
                              ../test_sdram_v2_bsp//libhal_bsp.a(alt_write.o) (altera_avalon_jtag_uart_write)
../test_sdram_v2_bsp//libhal_bsp.a(altera_avalon_timer_sc.o)
                              ../test_sdram_v2_bsp//libhal_bsp.a(alt_sys_init.o) (alt_avalon_timer_sc_init)
../test_sdram_v2_bsp//libhal_bsp.a(altera_avalon_timer_vars.o)
                              ../test_sdram_v2_bsp//libhal_bsp.a(alt_sys_init.o) (altera_avalon_timer_ts_base)
../test_sdram_v2_bsp//libhal_bsp.a(alt_dcache_flush_all.o)
                              ../test_sdram_v2_bsp//libhal_bsp.a(alt_load.o) (alt_dcache_flush_all)
../test_sdram_v2_bsp//libhal_bsp.a(alt_dev.o)
                              ../test_sdram_v2_bsp//libhal_bsp.a(alt_getchar.o) (alt_fd_list)
../test_sdram_v2_bsp//libhal_bsp.a(alt_errno.o)
                              ../test_sdram_v2_bsp//libhal_bsp.a(alt_write.o) (alt_errno)
../test_sdram_v2_bsp//libhal_bsp.a(alt_icache_flush_all.o)
                              ../test_sdram_v2_bsp//libhal_bsp.a(alt_load.o) (alt_icache_flush_all)
../test_sdram_v2_bsp//libhal_bsp.a(alt_iic.o)
                              ../test_sdram_v2_bsp//libhal_bsp.a(altera_avalon_timer_sc.o) (alt_ic_isr_register)
../test_sdram_v2_bsp//libhal_bsp.a(alt_iic_isr_register.o)
                              ../test_sdram_v2_bsp//libhal_bsp.a(alt_iic.o) (alt_iic_isr_register)
../test_sdram_v2_bsp//libhal_bsp.a(alt_irq_entry.o)
                              ../test_sdram_v2_bsp//libhal_bsp.a(alt_iic_isr_register.o) (alt_irq_entry)
../test_sdram_v2_bsp//libhal_bsp.a(alt_irq_handler.o)
                              ../test_sdram_v2_bsp//libhal_bsp.a(alt_iic_isr_register.o) (alt_irq_handler)
../test_sdram_v2_bsp//libhal_bsp.a(alt_irq_vars.o)
                              ../test_sdram_v2_bsp//libhal_bsp.a(alt_iic.o) (alt_irq_active)
../test_sdram_v2_bsp//libhal_bsp.a(alt_tick.o)
                              ../test_sdram_v2_bsp//libhal_bsp.a(altera_avalon_timer_sc.o) (alt_tick)
../test_sdram_v2_bsp//libhal_bsp.a(altera_nios2_qsys_irq.o)
                              ../test_sdram_v2_bsp//libhal_bsp.a(alt_sys_init.o) (altera_nios2_qsys_irq_init)
../test_sdram_v2_bsp//libhal_bsp.a(alt_exception_entry.o)
                              ../test_sdram_v2_bsp//libhal_bsp.a(alt_irq_entry.o) (alt_exception)
../test_sdram_v2_bsp//libhal_bsp.a(alt_icache_flush.o)
                              ../test_sdram_v2_bsp//libhal_bsp.a(alt_icache_flush_all.o) (alt_icache_flush)

Allocating common symbols
Common symbol       size              file

alt_irq             0x100             ../test_sdram_v2_bsp//libhal_bsp.a(alt_irq_handler.o)
errno               0x4               /opt/altera/12.1sp1/nios2eds/bin/gnu/H-i686-pc-linux-gnu/bin/../lib/gcc/nios2-elf/4.1.2/../../../../nios2-elf/lib/mno-hw-mul/libsmallc.a(lib_a-int_errno.o)

Memory Configuration

Name             Origin             Length             Attributes
sdram            0x00800000         0x00800000
reset            0x01080000         0x00000020
sram_0           0x01080020         0x0007ffe0
onchip_mem       0x01108000         0x00005000
*default*        0x00000000         0xffffffff

Linker script and memory map

LOAD ../test_sdram_v2_bsp//obj/HAL/src/crt0.o
                0x0108001c                exit = _exit
LOAD obj/default/memtest_small.o
LOAD /opt/altera/12.1sp1/nios2eds/bin/gnu/H-i686-pc-linux-gnu/bin/../lib/gcc/nios2-elf/4.1.2/../../../../nios2-elf/lib/mno-hw-mul/libstdc++.a
LOAD /opt/altera/12.1sp1/nios2eds/bin/gnu/H-i686-pc-linux-gnu/bin/../lib/gcc/nios2-elf/4.1.2/../../../../nios2-elf/lib/mno-hw-mul/libm.a
LOAD /opt/altera/12.1sp1/nios2eds/bin/gnu/H-i686-pc-linux-gnu/bin/../lib/gcc/nios2-elf/4.1.2/mno-hw-mul/libgcc.a
START GROUP
LOAD /opt/altera/12.1sp1/nios2eds/bin/gnu/H-i686-pc-linux-gnu/bin/../lib/gcc/nios2-elf/4.1.2/../../../../nios2-elf/lib/mno-hw-mul/libsmallc.a
LOAD /opt/altera/12.1sp1/nios2eds/bin/gnu/H-i686-pc-linux-gnu/bin/../lib/gcc/nios2-elf/4.1.2/mno-hw-mul/libgcc.a
LOAD ../test_sdram_v2_bsp//libhal_bsp.a
END GROUP
LOAD /opt/altera/12.1sp1/nios2eds/bin/gnu/H-i686-pc-linux-gnu/bin/../lib/gcc/nios2-elf/4.1.2/mno-hw-mul/libgcc.a
                0x00800000                __alt_mem_sdram = 0x800000
                0x01080000                __alt_mem_sram_0 = 0x1080000
                0x01108000                __alt_mem_onchip_mem = 0x1108000

.entry          0x01080000       0x20
 *(.entry)
 .entry         0x01080000       0x20 ../test_sdram_v2_bsp//obj/HAL/src/crt0.o
                0x01080000                __reset
                0x0108001c                _exit

.exceptions     0x01080020      0x120
                0x01080020                PROVIDE (__ram_exceptions_start, ABSOLUTE (.))
                0x01080020                . = ALIGN (0x20)
 *(.irq)
 *(.exceptions.entry.label)
 .exceptions.entry.label
                0x01080020        0x0 ../test_sdram_v2_bsp//libhal_bsp.a(alt_irq_entry.o)
                0x01080020                alt_irq_entry
 .exceptions.entry.label
                0x01080020        0x0 ../test_sdram_v2_bsp//libhal_bsp.a(alt_exception_entry.o)
                0x01080020                alt_exception
 *(.exceptions.entry.user)
 *(.exceptions.entry)
 .exceptions.entry
                0x01080020       0x54 ../test_sdram_v2_bsp//libhal_bsp.a(alt_exception_entry.o)
 *(.exceptions.irqtest.user)
 *(.exceptions.irqtest)
 .exceptions.irqtest
                0x01080074       0x10 ../test_sdram_v2_bsp//libhal_bsp.a(alt_irq_entry.o)
 *(.exceptions.irqhandler.user)
 *(.exceptions.irqhandler)
 .exceptions.irqhandler
                0x01080084        0x4 ../test_sdram_v2_bsp//libhal_bsp.a(alt_irq_entry.o)
 *(.exceptions.irqreturn.user)
 *(.exceptions.irqreturn)
 .exceptions.irqreturn
                0x01080088        0x4 ../test_sdram_v2_bsp//libhal_bsp.a(alt_irq_entry.o)
 *(.exceptions.notirq.label)
 .exceptions.notirq.label
                0x0108008c        0x0 ../test_sdram_v2_bsp//libhal_bsp.a(alt_irq_entry.o)
 *(.exceptions.notirq.user)
 *(.exceptions.notirq)
 .exceptions.notirq
                0x0108008c        0x8 ../test_sdram_v2_bsp//libhal_bsp.a(alt_exception_entry.o)
 *(.exceptions.soft.user)
 *(.exceptions.soft)
 *(.exceptions.unknown.user)
 *(.exceptions.unknown)
 .exceptions.unknown
                0x01080094        0x4 ../test_sdram_v2_bsp//libhal_bsp.a(alt_exception_entry.o)
 *(.exceptions.exit.label)
 .exceptions.exit.label
                0x01080098        0x0 ../test_sdram_v2_bsp//libhal_bsp.a(alt_irq_entry.o)
 .exceptions.exit.label
                0x01080098        0x0 ../test_sdram_v2_bsp//libhal_bsp.a(alt_exception_entry.o)
 *(.exceptions.exit.user)
 *(.exceptions.exit)
 .exceptions.exit
                0x01080098       0x54 ../test_sdram_v2_bsp//libhal_bsp.a(alt_exception_entry.o)
 *(.exceptions)
 .exceptions    0x010800ec       0x54 ../test_sdram_v2_bsp//libhal_bsp.a(alt_irq_handler.o)
                0x010800ec                alt_irq_handler
                0x01080140                PROVIDE (__ram_exceptions_end, ABSOLUTE (.))
                0x01080020                PROVIDE (__flash_exceptions_start, LOADADDR (.exceptions))

.text           0x01080140     0x19a0
                0x01080140                PROVIDE (stext, ABSOLUTE (.))
 *(.interp)
 *(.hash)
 *(.dynsym)
 *(.dynstr)
 *(.gnu.version)
 *(.gnu.version_d)
 *(.gnu.version_r)
 *(.rel.init)
 *(.rela.init)
 *(.rel.text .rel.text.* .rel.gnu.linkonce.t.*)
 *(.rela.text .rela.text.* .rela.gnu.linkonce.t.*)
 *(.rel.fini)
 *(.rela.fini)
 *(.rel.rodata .rel.rodata.* .rel.gnu.linkonce.r.*)
 *(.rela.rodata .rela.rodata.* .rela.gnu.linkonce.r.*)
 *(.rel.data .rel.data.* .rel.gnu.linkonce.d.*)
 *(.rela.data .rela.data.* .rela.gnu.linkonce.d.*)
 *(.rel.tdata .rel.tdata.* .rel.gnu.linkonce.td.*)
 *(.rela.tdata .rela.tdata.* .rela.gnu.linkonce.td.*)
 *(.rel.tbss .rel.tbss.* .rel.gnu.linkonce.tb.*)
 *(.rela.tbss .rela.tbss.* .rela.gnu.linkonce.tb.*)
 *(.rel.ctors)
 *(.rela.ctors)
 *(.rel.dtors)
 *(.rela.dtors)
 *(.rel.got)
 *(.rela.got)
 *(.rel.sdata .rel.sdata.* .rel.gnu.linkonce.s.*)
 *(.rela.sdata .rela.sdata.* .rela.gnu.linkonce.s.*)
 *(.rel.sbss .rel.sbss.* .rel.gnu.linkonce.sb.*)
 *(.rela.sbss .rela.sbss.* .rela.gnu.linkonce.sb.*)
 *(.rel.sdata2 .rel.sdata2.* .rel.gnu.linkonce.s2.*)
 *(.rela.sdata2 .rela.sdata2.* .rela.gnu.linkonce.s2.*)
 *(.rel.sbss2 .rel.sbss2.* .rel.gnu.linkonce.sb2.*)
 *(.rela.sbss2 .rela.sbss2.* .rela.gnu.linkonce.sb2.*)
 *(.rel.bss .rel.bss.* .rel.gnu.linkonce.b.*)
 *(.rela.bss .rela.bss.* .rela.gnu.linkonce.b.*)
 *(.rel.plt)
 *(.rela.plt)
 *(.rel.dyn)
 *(.init)
 *(.plt)
 *(.text .stub .text.* .gnu.linkonce.t.*)
 .text          0x01080140       0x3c ../test_sdram_v2_bsp//obj/HAL/src/crt0.o
                0x01080140                _start
 .text          0x0108017c      0x54c obj/default/memtest_small.o
                0x0108017c                GetInputString
                0x01080200                main
 .text          0x010806c8        0x0 /opt/altera/12.1sp1/nios2eds/bin/gnu/H-i686-pc-linux-gnu/bin/../lib/gcc/nios2-elf/4.1.2/../../../../nios2-elf/lib/mno-hw-mul/libsmallc.a(lib_a-impure.o)
 .text          0x010806c8       0x98 /opt/altera/12.1sp1/nios2eds/bin/gnu/H-i686-pc-linux-gnu/bin/../lib/gcc/nios2-elf/4.1.2/../../../../nios2-elf/lib/mno-hw-mul/libsmallc.a(lib_a-printf.o)
                0x010806c8                printf
                0x0108071c                _printf_r
 .text          0x01080760       0xe4 /opt/altera/12.1sp1/nios2eds/bin/gnu/H-i686-pc-linux-gnu/bin/../lib/gcc/nios2-elf/4.1.2/../../../../nios2-elf/lib/mno-hw-mul/libsmallc.a(lib_a-putc.o)
                0x01080760                putc
                0x010807d0                _putc_r
 .text          0x01080844       0x24 /opt/altera/12.1sp1/nios2eds/bin/gnu/H-i686-pc-linux-gnu/bin/../lib/gcc/nios2-elf/4.1.2/../../../../nios2-elf/lib/mno-hw-mul/libsmallc.a(lib_a-putchar.o)
                0x01080844                putchar
                0x01080860                _putchar_r
 .text          0x01080868       0xa4 /opt/altera/12.1sp1/nios2eds/bin/gnu/H-i686-pc-linux-gnu/bin/../lib/gcc/nios2-elf/4.1.2/../../../../nios2-elf/lib/mno-hw-mul/libsmallc.a(lib_a-puts.o)
                0x01080868                _puts_r
                0x010808f8                puts
 .text          0x0108090c       0x20 /opt/altera/12.1sp1/nios2eds/bin/gnu/H-i686-pc-linux-gnu/bin/../lib/gcc/nios2-elf/4.1.2/../../../../nios2-elf/lib/mno-hw-mul/libsmallc.a(lib_a-strlen.o)
                0x0108090c                strlen
 .text          0x0108092c      0x274 /opt/altera/12.1sp1/nios2eds/bin/gnu/H-i686-pc-linux-gnu/bin/../lib/gcc/nios2-elf/4.1.2/../../../../nios2-elf/lib/mno-hw-mul/libsmallc.a(lib_a-strtol.o)
                0x0108092c                _strtol_r
                0x01080b7c                strtol
 .text          0x01080ba0      0x740 /opt/altera/12.1sp1/nios2eds/bin/gnu/H-i686-pc-linux-gnu/bin/../lib/gcc/nios2-elf/4.1.2/../../../../nios2-elf/lib/mno-hw-mul/libsmallc.a(lib_a-vfprintf.o)
                0x01080c20                ___vfprintf_internal_r
                0x010812bc                __vfprintf_internal
 .text          0x010812e0        0x0 /opt/altera/12.1sp1/nios2eds/bin/gnu/H-i686-pc-linux-gnu/bin/../lib/gcc/nios2-elf/4.1.2/../../../../nios2-elf/lib/mno-hw-mul/libsmallc.a(lib_a-ctype_.o)
 .text          0x010812e0       0xbc /opt/altera/12.1sp1/nios2eds/bin/gnu/H-i686-pc-linux-gnu/bin/../lib/gcc/nios2-elf/4.1.2/../../../../nios2-elf/lib/mno-hw-mul/libsmallc.a(lib_a-fvwrite_small_dev.o)
                0x010812e0                __sfvwrite_small_dev
 .text          0x0108139c       0x78 /opt/altera/12.1sp1/nios2eds/bin/gnu/H-i686-pc-linux-gnu/bin/../lib/gcc/nios2-elf/4.1.2/../../../../nios2-elf/lib/mno-hw-mul/libsmallc.a(lib_a-writer.o)
                0x0108139c                _write_r
 .text          0x01081414        0x0 /opt/altera/12.1sp1/nios2eds/bin/gnu/H-i686-pc-linux-gnu/bin/../lib/gcc/nios2-elf/4.1.2/../../../../nios2-elf/lib/mno-hw-mul/libsmallc.a(lib_a-int_errno.o)
 .text          0x01081414      0x14c /opt/altera/12.1sp1/nios2eds/bin/gnu/H-i686-pc-linux-gnu/bin/../lib/gcc/nios2-elf/4.1.2/mno-hw-mul/libgcc.a(lib2-divmod.o)
                0x01081490                __divsi3
                0x010814f0                __modsi3
                0x01081550                __udivsi3
                0x01081558                __umodsi3
 .text          0x01081560       0x38 /opt/altera/12.1sp1/nios2eds/bin/gnu/H-i686-pc-linux-gnu/bin/../lib/gcc/nios2-elf/4.1.2/mno-hw-mul/libgcc.a(lib2-mul.o)
                0x01081560                __mulsi3
 .text          0x01081598       0x44 ../test_sdram_v2_bsp//libhal_bsp.a(alt_getchar.o)
                0x01081598                alt_getchar
 .text          0x010815dc       0x8c ../test_sdram_v2_bsp//libhal_bsp.a(alt_load.o)
                0x010815fc                alt_load
 .text          0x01081668       0x2c ../test_sdram_v2_bsp//libhal_bsp.a(alt_main.o)
                0x01081668                alt_main
 .text          0x01081694       0x78 ../test_sdram_v2_bsp//libhal_bsp.a(alt_write.o)
                0x01081694                write
 .text          0x0108170c       0x74 ../test_sdram_v2_bsp//libhal_bsp.a(alt_sys_init.o)
                0x0108170c                alt_sys_init
                0x01081760                alt_irq_init
 .text          0x01081780       0x60 ../test_sdram_v2_bsp//libhal_bsp.a(altera_avalon_jtag_uart_read.o)
                0x01081780                altera_avalon_jtag_uart_read
 .text          0x010817e0       0x34 ../test_sdram_v2_bsp//libhal_bsp.a(altera_avalon_jtag_uart_write.o)
                0x010817e0                altera_avalon_jtag_uart_write
 .text          0x01081814       0x8c ../test_sdram_v2_bsp//libhal_bsp.a(altera_avalon_timer_sc.o)
                0x01081814                alt_avalon_timer_sc_init
 .text          0x010818a0        0x0 ../test_sdram_v2_bsp//libhal_bsp.a(altera_avalon_timer_vars.o)
 .text          0x010818a0        0x4 ../test_sdram_v2_bsp//libhal_bsp.a(alt_dcache_flush_all.o)
                0x010818a0                alt_dcache_flush_all
 .text          0x010818a4        0x8 ../test_sdram_v2_bsp//libhal_bsp.a(alt_dev.o)
 .text          0x010818ac        0x0 ../test_sdram_v2_bsp//libhal_bsp.a(alt_errno.o)
 .text          0x010818ac        0xc ../test_sdram_v2_bsp//libhal_bsp.a(alt_icache_flush_all.o)
                0x010818ac                alt_icache_flush_all
 .text          0x010818b8       0x9c ../test_sdram_v2_bsp//libhal_bsp.a(alt_iic.o)
                0x010818b8                alt_ic_irq_enabled
                0x010818d0                alt_ic_irq_enable
                0x01081910                alt_ic_irq_disable
                0x01081950                alt_ic_isr_register
 .text          0x01081954       0x6c ../test_sdram_v2_bsp//libhal_bsp.a(alt_iic_isr_register.o)
                0x01081954                alt_iic_isr_register
 .text          0x010819c0        0x0 ../test_sdram_v2_bsp//libhal_bsp.a(alt_irq_entry.o)
 .text          0x010819c0        0x0 ../test_sdram_v2_bsp//libhal_bsp.a(alt_irq_handler.o)
 .text          0x010819c0        0x0 ../test_sdram_v2_bsp//libhal_bsp.a(alt_irq_vars.o)
 .text          0x010819c0       0xe0 ../test_sdram_v2_bsp//libhal_bsp.a(alt_tick.o)
                0x010819c0                alt_alarm_stop
                0x010819f4                alt_tick
 .text          0x01081aa0        0x8 ../test_sdram_v2_bsp//libhal_bsp.a(altera_nios2_qsys_irq.o)
                0x01081aa0                altera_nios2_qsys_irq_init
 .text          0x01081aa8        0x0 ../test_sdram_v2_bsp//libhal_bsp.a(alt_exception_entry.o)
 .text          0x01081aa8       0x38 ../test_sdram_v2_bsp//libhal_bsp.a(alt_icache_flush.o)
                0x01081aa8                alt_icache_flush
 *(.gnu.warning.*)
 *(.fini)
                0x01081ae0                PROVIDE (__etext, ABSOLUTE (.))
                0x01081ae0                PROVIDE (_etext, ABSOLUTE (.))
                0x01081ae0                PROVIDE (etext, ABSOLUTE (.))
 *(.eh_frame_hdr)
                0x01081ae0                . = ALIGN (0x4)
                0x01081ae0                PROVIDE (__preinit_array_start, ABSOLUTE (.))
 *(.preinit_array)
                0x01081ae0                PROVIDE (__preinit_array_end, ABSOLUTE (.))
                0x01081ae0                PROVIDE (__init_array_start, ABSOLUTE (.))
 *(.init_array)
                0x01081ae0                PROVIDE (__init_array_end, ABSOLUTE (.))
                0x01081ae0                PROVIDE (__fini_array_start, ABSOLUTE (.))
 *(.fini_array)
                0x01081ae0                PROVIDE (__fini_array_end, ABSOLUTE (.))
 *(.eh_frame)
 *(.gcc_except_table)
 *(.dynamic)
                0x01081ae0                PROVIDE (__CTOR_LIST__, ABSOLUTE (.))
 *(.ctors)
 *(SORT(.ctors.*))
                0x01081ae0                PROVIDE (__CTOR_END__, ABSOLUTE (.))
                0x01081ae0                PROVIDE (__DTOR_LIST__, ABSOLUTE (.))
 *(.dtors)
 *(SORT(.dtors.*))
                0x01081ae0                PROVIDE (__DTOR_END__, ABSOLUTE (.))
 *(.jcr)
                0x01081ae0                . = ALIGN (0x4)

.rodata         0x01081ae0      0x6c8
                0x01081ae0                PROVIDE (__ram_rodata_start, ABSOLUTE (.))
                0x01081ae0                . = ALIGN (0x4)
 *(.rodata .rodata.* .gnu.linkonce.r.*)
 .rodata.str1.4
                0x01081ae0      0x43b obj/default/memtest_small.o
                                0x43c (size before relaxing)
 .rodata.str1.4
                0x00000000        0x4 /opt/altera/12.1sp1/nios2eds/bin/gnu/H-i686-pc-linux-gnu/bin/../lib/gcc/nios2-elf/4.1.2/../../../../nios2-elf/lib/mno-hw-mul/libsmallc.a(lib_a-puts.o)
 .rodata        0x01081f1b      0x281 /opt/altera/12.1sp1/nios2eds/bin/gnu/H-i686-pc-linux-gnu/bin/../lib/gcc/nios2-elf/4.1.2/../../../../nios2-elf/lib/mno-hw-mul/libsmallc.a(lib_a-ctype_.o)
                0x01081f1b                _ctype_
 .rodata.str1.4
                0x0108219c        0xc ../test_sdram_v2_bsp//libhal_bsp.a(alt_dev.o)
 *(.rodata1)
                0x010821a8                . = ALIGN (0x4)
                0x010821a8                PROVIDE (__ram_rodata_end, ABSOLUTE (.))
                0x01081ae0                PROVIDE (__flash_rodata_start, LOADADDR (.rodata))

.rwdata         0x010821a8      0x16c load address 0x01082314
                0x010821a8                PROVIDE (__ram_rwdata_start, ABSOLUTE (.))
                0x010821a8                . = ALIGN (0x4)
 *(.got.plt)
 *(.got)
 *(.data1)
 *(.data .data.* .gnu.linkonce.d.*)
 .data          0x010821a8        0x0 ../test_sdram_v2_bsp//obj/HAL/src/crt0.o
 .data          0x010821a8        0x0 obj/default/memtest_small.o
 .data          0x010821a8       0xe0 /opt/altera/12.1sp1/nios2eds/bin/gnu/H-i686-pc-linux-gnu/bin/../lib/gcc/nios2-elf/4.1.2/../../../../nios2-elf/lib/mno-hw-mul/libsmallc.a(lib_a-impure.o)
 .data          0x01082288        0x0 /opt/altera/12.1sp1/nios2eds/bin/gnu/H-i686-pc-linux-gnu/bin/../lib/gcc/nios2-elf/4.1.2/../../../../nios2-elf/lib/mno-hw-mul/libsmallc.a(lib_a-printf.o)
 .data          0x01082288        0x0 /opt/altera/12.1sp1/nios2eds/bin/gnu/H-i686-pc-linux-gnu/bin/../lib/gcc/nios2-elf/4.1.2/../../../../nios2-elf/lib/mno-hw-mul/libsmallc.a(lib_a-putc.o)
 .data          0x01082288        0x0 /opt/altera/12.1sp1/nios2eds/bin/gnu/H-i686-pc-linux-gnu/bin/../lib/gcc/nios2-elf/4.1.2/../../../../nios2-elf/lib/mno-hw-mul/libsmallc.a(lib_a-putchar.o)
 .data          0x01082288        0x0 /opt/altera/12.1sp1/nios2eds/bin/gnu/H-i686-pc-linux-gnu/bin/../lib/gcc/nios2-elf/4.1.2/../../../../nios2-elf/lib/mno-hw-mul/libsmallc.a(lib_a-puts.o)
 .data          0x01082288        0x0 /opt/altera/12.1sp1/nios2eds/bin/gnu/H-i686-pc-linux-gnu/bin/../lib/gcc/nios2-elf/4.1.2/../../../../nios2-elf/lib/mno-hw-mul/libsmallc.a(lib_a-strlen.o)
 .data          0x01082288        0x0 /opt/altera/12.1sp1/nios2eds/bin/gnu/H-i686-pc-linux-gnu/bin/../lib/gcc/nios2-elf/4.1.2/../../../../nios2-elf/lib/mno-hw-mul/libsmallc.a(lib_a-strtol.o)
 .data          0x01082288        0x0 /opt/altera/12.1sp1/nios2eds/bin/gnu/H-i686-pc-linux-gnu/bin/../lib/gcc/nios2-elf/4.1.2/../../../../nios2-elf/lib/mno-hw-mul/libsmallc.a(lib_a-vfprintf.o)
 .data          0x01082288        0x0 /opt/altera/12.1sp1/nios2eds/bin/gnu/H-i686-pc-linux-gnu/bin/../lib/gcc/nios2-elf/4.1.2/../../../../nios2-elf/lib/mno-hw-mul/libsmallc.a(lib_a-ctype_.o)
 .data          0x01082288        0x0 /opt/altera/12.1sp1/nios2eds/bin/gnu/H-i686-pc-linux-gnu/bin/../lib/gcc/nios2-elf/4.1.2/../../../../nios2-elf/lib/mno-hw-mul/libsmallc.a(lib_a-fvwrite_small_dev.o)
 .data          0x01082288        0x0 /opt/altera/12.1sp1/nios2eds/bin/gnu/H-i686-pc-linux-gnu/bin/../lib/gcc/nios2-elf/4.1.2/../../../../nios2-elf/lib/mno-hw-mul/libsmallc.a(lib_a-writer.o)
 .data          0x01082288        0x0 /opt/altera/12.1sp1/nios2eds/bin/gnu/H-i686-pc-linux-gnu/bin/../lib/gcc/nios2-elf/4.1.2/../../../../nios2-elf/lib/mno-hw-mul/libsmallc.a(lib_a-int_errno.o)
 .data          0x01082288        0x0 /opt/altera/12.1sp1/nios2eds/bin/gnu/H-i686-pc-linux-gnu/bin/../lib/gcc/nios2-elf/4.1.2/mno-hw-mul/libgcc.a(lib2-divmod.o)
 .data          0x01082288        0x0 /opt/altera/12.1sp1/nios2eds/bin/gnu/H-i686-pc-linux-gnu/bin/../lib/gcc/nios2-elf/4.1.2/mno-hw-mul/libgcc.a(lib2-mul.o)
 .data          0x01082288        0x0 ../test_sdram_v2_bsp//libhal_bsp.a(alt_getchar.o)
 .data          0x01082288        0x0 ../test_sdram_v2_bsp//libhal_bsp.a(alt_load.o)
 .data          0x01082288        0x0 ../test_sdram_v2_bsp//libhal_bsp.a(alt_main.o)
 .data          0x01082288        0x0 ../test_sdram_v2_bsp//libhal_bsp.a(alt_write.o)
 .data          0x01082288        0x0 ../test_sdram_v2_bsp//libhal_bsp.a(alt_sys_init.o)
 .data          0x01082288        0x0 ../test_sdram_v2_bsp//libhal_bsp.a(altera_avalon_jtag_uart_read.o)
 .data          0x01082288        0x0 ../test_sdram_v2_bsp//libhal_bsp.a(altera_avalon_jtag_uart_write.o)
 .data          0x01082288        0x0 ../test_sdram_v2_bsp//libhal_bsp.a(altera_avalon_timer_sc.o)
 .data          0x01082288        0x0 ../test_sdram_v2_bsp//libhal_bsp.a(altera_avalon_timer_vars.o)
 .data          0x01082288        0x0 ../test_sdram_v2_bsp//libhal_bsp.a(alt_dcache_flush_all.o)
 .data          0x01082288       0x58 ../test_sdram_v2_bsp//libhal_bsp.a(alt_dev.o)
                0x01082288                alt_dev_null
                0x010822b0                alt_fd_list
 .data          0x010822e0        0x0 ../test_sdram_v2_bsp//libhal_bsp.a(alt_errno.o)
 .data          0x010822e0        0x0 ../test_sdram_v2_bsp//libhal_bsp.a(alt_icache_flush_all.o)
 .data          0x010822e0        0x0 ../test_sdram_v2_bsp//libhal_bsp.a(alt_iic.o)
 .data          0x010822e0        0x0 ../test_sdram_v2_bsp//libhal_bsp.a(alt_iic_isr_register.o)
 .data          0x010822e0        0x0 ../test_sdram_v2_bsp//libhal_bsp.a(alt_irq_entry.o)
 .data          0x010822e0        0x0 ../test_sdram_v2_bsp//libhal_bsp.a(alt_irq_handler.o)
 .data          0x010822e0        0x0 ../test_sdram_v2_bsp//libhal_bsp.a(alt_irq_vars.o)
 .data          0x010822e0        0x0 ../test_sdram_v2_bsp//libhal_bsp.a(alt_tick.o)
 .data          0x010822e0        0x0 ../test_sdram_v2_bsp//libhal_bsp.a(altera_nios2_qsys_irq.o)
 .data          0x010822e0        0x0 ../test_sdram_v2_bsp//libhal_bsp.a(alt_exception_entry.o)
 .data          0x010822e0        0x0 ../test_sdram_v2_bsp//libhal_bsp.a(alt_icache_flush.o)
                0x0108a2e0                _gp = ABSOLUTE ((. + 0x8000))
                0x0108a2e0                PROVIDE (gp, _gp)
 *(.rwdata .rwdata.*)
 *(.sdata .sdata.* .gnu.linkonce.s.*)
 .sdata         0x010822e0        0x8 /opt/altera/12.1sp1/nios2eds/bin/gnu/H-i686-pc-linux-gnu/bin/../lib/gcc/nios2-elf/4.1.2/../../../../nios2-elf/lib/mno-hw-mul/libsmallc.a(lib_a-impure.o)
                0x010822e0                _impure_ptr
                0x010822e4                _global_impure_ptr
 .sdata         0x010822e8        0x4 /opt/altera/12.1sp1/nios2eds/bin/gnu/H-i686-pc-linux-gnu/bin/../lib/gcc/nios2-elf/4.1.2/../../../../nios2-elf/lib/mno-hw-mul/libsmallc.a(lib_a-ctype_.o)
                0x010822e8                __ctype_ptr
 .sdata         0x010822ec        0x4 ../test_sdram_v2_bsp//libhal_bsp.a(alt_sys_init.o)
                0x010822ec                jtag_uart
 .sdata         0x010822f0       0x14 ../test_sdram_v2_bsp//libhal_bsp.a(alt_dev.o)
                0x010822f0                alt_fs_list
                0x010822f8                alt_dev_list
                0x01082300                alt_max_fd
 .sdata         0x01082304        0x4 ../test_sdram_v2_bsp//libhal_bsp.a(alt_errno.o)
                0x01082304                alt_errno
 .sdata         0x01082308        0x4 ../test_sdram_v2_bsp//libhal_bsp.a(alt_irq_vars.o)
                0x01082308                alt_priority_mask
 .sdata         0x0108230c        0x8 ../test_sdram_v2_bsp//libhal_bsp.a(alt_tick.o)
                0x0108230c                alt_alarm_list
 *(.sdata2 .sdata2.* .gnu.linkonce.s2.*)
                0x01082314                . = ALIGN (0x4)
                0x01082314                _edata = ABSOLUTE (.)
                0x01082314                PROVIDE (edata, ABSOLUTE (.))
                0x01082314                PROVIDE (__ram_rwdata_end, ABSOLUTE (.))
                0x01082314                PROVIDE (__flash_rwdata_start, LOADADDR (.rwdata))

.bss            0x01082480      0x124
                0x01082480                __bss_start = ABSOLUTE (.)
                0x01082480                PROVIDE (__sbss_start, ABSOLUTE (.))
                0x01082480                PROVIDE (___sbss_start, ABSOLUTE (.))
 *(.dynsbss)
 *(.sbss .sbss.* .gnu.linkonce.sb.*)
 .sbss          0x01082480        0x4 /opt/altera/12.1sp1/nios2eds/bin/gnu/H-i686-pc-linux-gnu/bin/../lib/gcc/nios2-elf/4.1.2/../../../../nios2-elf/lib/mno-hw-mul/libsmallc.a(lib_a-int_errno.o)
                0x01082480                errno
 .sbss          0x01082484        0xc ../test_sdram_v2_bsp//libhal_bsp.a(alt_main.o)
                0x01082484                alt_argc
                0x01082488                alt_argv
                0x0108248c                alt_envp
 .sbss          0x01082490        0x8 ../test_sdram_v2_bsp//libhal_bsp.a(altera_avalon_timer_vars.o)
                0x01082490                altera_avalon_timer_ts_base
                0x01082494                altera_avalon_timer_ts_freq
 .sbss          0x01082498        0x4 ../test_sdram_v2_bsp//libhal_bsp.a(alt_irq_vars.o)
                0x01082498                alt_irq_active
 .sbss          0x0108249c        0x8 ../test_sdram_v2_bsp//libhal_bsp.a(alt_tick.o)
                0x0108249c                _alt_tick_rate
                0x010824a0                _alt_nticks
 *(.sbss2 .sbss2.* .gnu.linkonce.sb2.*)
 *(.scommon)
                0x010824a4                PROVIDE (__sbss_end, ABSOLUTE (.))
                0x010824a4                PROVIDE (___sbss_end, ABSOLUTE (.))
 *(.dynbss)
 *(.bss .bss.* .gnu.linkonce.b.*)
 .bss           0x010824a4        0x0 ../test_sdram_v2_bsp//obj/HAL/src/crt0.o
 .bss           0x010824a4        0x0 obj/default/memtest_small.o
 .bss           0x010824a4        0x0 /opt/altera/12.1sp1/nios2eds/bin/gnu/H-i686-pc-linux-gnu/bin/../lib/gcc/nios2-elf/4.1.2/../../../../nios2-elf/lib/mno-hw-mul/libsmallc.a(lib_a-impure.o)
 .bss           0x010824a4        0x0 /opt/altera/12.1sp1/nios2eds/bin/gnu/H-i686-pc-linux-gnu/bin/../lib/gcc/nios2-elf/4.1.2/../../../../nios2-elf/lib/mno-hw-mul/libsmallc.a(lib_a-printf.o)
 .bss           0x010824a4        0x0 /opt/altera/12.1sp1/nios2eds/bin/gnu/H-i686-pc-linux-gnu/bin/../lib/gcc/nios2-elf/4.1.2/../../../../nios2-elf/lib/mno-hw-mul/libsmallc.a(lib_a-putc.o)
 .bss           0x010824a4        0x0 /opt/altera/12.1sp1/nios2eds/bin/gnu/H-i686-pc-linux-gnu/bin/../lib/gcc/nios2-elf/4.1.2/../../../../nios2-elf/lib/mno-hw-mul/libsmallc.a(lib_a-putchar.o)
 .bss           0x010824a4        0x0 /opt/altera/12.1sp1/nios2eds/bin/gnu/H-i686-pc-linux-gnu/bin/../lib/gcc/nios2-elf/4.1.2/../../../../nios2-elf/lib/mno-hw-mul/libsmallc.a(lib_a-puts.o)
 .bss           0x010824a4        0x0 /opt/altera/12.1sp1/nios2eds/bin/gnu/H-i686-pc-linux-gnu/bin/../lib/gcc/nios2-elf/4.1.2/../../../../nios2-elf/lib/mno-hw-mul/libsmallc.a(lib_a-strlen.o)
 .bss           0x010824a4        0x0 /opt/altera/12.1sp1/nios2eds/bin/gnu/H-i686-pc-linux-gnu/bin/../lib/gcc/nios2-elf/4.1.2/../../../../nios2-elf/lib/mno-hw-mul/libsmallc.a(lib_a-strtol.o)
 .bss           0x010824a4        0x0 /opt/altera/12.1sp1/nios2eds/bin/gnu/H-i686-pc-linux-gnu/bin/../lib/gcc/nios2-elf/4.1.2/../../../../nios2-elf/lib/mno-hw-mul/libsmallc.a(lib_a-vfprintf.o)
 .bss           0x010824a4        0x0 /opt/altera/12.1sp1/nios2eds/bin/gnu/H-i686-pc-linux-gnu/bin/../lib/gcc/nios2-elf/4.1.2/../../../../nios2-elf/lib/mno-hw-mul/libsmallc.a(lib_a-ctype_.o)
 .bss           0x010824a4        0x0 /opt/altera/12.1sp1/nios2eds/bin/gnu/H-i686-pc-linux-gnu/bin/../lib/gcc/nios2-elf/4.1.2/../../../../nios2-elf/lib/mno-hw-mul/libsmallc.a(lib_a-fvwrite_small_dev.o)
 .bss           0x010824a4        0x0 /opt/altera/12.1sp1/nios2eds/bin/gnu/H-i686-pc-linux-gnu/bin/../lib/gcc/nios2-elf/4.1.2/../../../../nios2-elf/lib/mno-hw-mul/libsmallc.a(lib_a-writer.o)
 .bss           0x010824a4        0x0 /opt/altera/12.1sp1/nios2eds/bin/gnu/H-i686-pc-linux-gnu/bin/../lib/gcc/nios2-elf/4.1.2/../../../../nios2-elf/lib/mno-hw-mul/libsmallc.a(lib_a-int_errno.o)
 .bss           0x010824a4        0x0 /opt/altera/12.1sp1/nios2eds/bin/gnu/H-i686-pc-linux-gnu/bin/../lib/gcc/nios2-elf/4.1.2/mno-hw-mul/libgcc.a(lib2-divmod.o)
 .bss           0x010824a4        0x0 /opt/altera/12.1sp1/nios2eds/bin/gnu/H-i686-pc-linux-gnu/bin/../lib/gcc/nios2-elf/4.1.2/mno-hw-mul/libgcc.a(lib2-mul.o)
 .bss           0x010824a4        0x0 ../test_sdram_v2_bsp//libhal_bsp.a(alt_getchar.o)
 .bss           0x010824a4        0x0 ../test_sdram_v2_bsp//libhal_bsp.a(alt_load.o)
 .bss           0x010824a4        0x0 ../test_sdram_v2_bsp//libhal_bsp.a(alt_main.o)
 .bss           0x010824a4        0x0 ../test_sdram_v2_bsp//libhal_bsp.a(alt_write.o)
 .bss           0x010824a4        0x0 ../test_sdram_v2_bsp//libhal_bsp.a(alt_sys_init.o)
 .bss           0x010824a4        0x0 ../test_sdram_v2_bsp//libhal_bsp.a(altera_avalon_jtag_uart_read.o)
 .bss           0x010824a4        0x0 ../test_sdram_v2_bsp//libhal_bsp.a(altera_avalon_jtag_uart_write.o)
 .bss           0x010824a4        0x0 ../test_sdram_v2_bsp//libhal_bsp.a(altera_avalon_timer_sc.o)
 .bss           0x010824a4        0x0 ../test_sdram_v2_bsp//libhal_bsp.a(altera_avalon_timer_vars.o)
 .bss           0x010824a4        0x0 ../test_sdram_v2_bsp//libhal_bsp.a(alt_dcache_flush_all.o)
 .bss           0x010824a4        0x0 ../test_sdram_v2_bsp//libhal_bsp.a(alt_dev.o)
 .bss           0x010824a4        0x0 ../test_sdram_v2_bsp//libhal_bsp.a(alt_errno.o)
 .bss           0x010824a4        0x0 ../test_sdram_v2_bsp//libhal_bsp.a(alt_icache_flush_all.o)
 .bss           0x010824a4        0x0 ../test_sdram_v2_bsp//libhal_bsp.a(alt_iic.o)
 .bss           0x010824a4        0x0 ../test_sdram_v2_bsp//libhal_bsp.a(alt_iic_isr_register.o)
 .bss           0x010824a4        0x0 ../test_sdram_v2_bsp//libhal_bsp.a(alt_irq_entry.o)
 .bss           0x010824a4        0x0 ../test_sdram_v2_bsp//libhal_bsp.a(alt_irq_handler.o)
 .bss           0x010824a4        0x0 ../test_sdram_v2_bsp//libhal_bsp.a(alt_irq_vars.o)
 .bss           0x010824a4        0x0 ../test_sdram_v2_bsp//libhal_bsp.a(alt_tick.o)
 .bss           0x010824a4        0x0 ../test_sdram_v2_bsp//libhal_bsp.a(altera_nios2_qsys_irq.o)
 .bss           0x010824a4        0x0 ../test_sdram_v2_bsp//libhal_bsp.a(alt_exception_entry.o)
 .bss           0x010824a4        0x0 ../test_sdram_v2_bsp//libhal_bsp.a(alt_icache_flush.o)
 *(COMMON)
 COMMON         0x010824a4      0x100 ../test_sdram_v2_bsp//libhal_bsp.a(alt_irq_handler.o)
                0x010824a4                alt_irq
                0x010825a4                . = ALIGN (0x4)
                0x010825a4                __bss_end = ABSOLUTE (.)

.sdram          0x00800000        0x0 load address 0x010825a4
                0x00800000                PROVIDE (_alt_partition_sdram_start, ABSOLUTE (.))
 *(.sdram. sdram.*)
                0x00800000                . = ALIGN (0x4)
                0x00800000                PROVIDE (_alt_partition_sdram_end, ABSOLUTE (.))
                0x010825a4                PROVIDE (_alt_partition_sdram_load_addr, LOADADDR (.sdram))

.sram_0         0x010825a4        0x0
                0x010825a4                PROVIDE (_alt_partition_sram_0_start, ABSOLUTE (.))
 *(.sram_0. sram_0.*)
                0x010825a4                . = ALIGN (0x4)
                0x010825a4                PROVIDE (_alt_partition_sram_0_end, ABSOLUTE (.))
                0x010825a4                _end = ABSOLUTE (.)
                0x010825a4                end = ABSOLUTE (.)
                0x010825a4                __alt_stack_base = ABSOLUTE (.)
                0x010825a4                PROVIDE (_alt_partition_sram_0_load_addr, LOADADDR (.sram_0))

.onchip_mem     0x01108000        0x0 load address 0x010825a4
                0x01108000                PROVIDE (_alt_partition_onchip_mem_start, ABSOLUTE (.))
 *(.onchip_mem. onchip_mem.*)
                0x01108000                . = ALIGN (0x4)
                0x01108000                PROVIDE (_alt_partition_onchip_mem_end, ABSOLUTE (.))
                0x010825a4                PROVIDE (_alt_partition_onchip_mem_load_addr, LOADADDR (.onchip_mem))

.stab
 *(.stab)

.stabstr
 *(.stabstr)

.stab.excl
 *(.stab.excl)

.stab.exclstr
 *(.stab.exclstr)

.stab.index
 *(.stab.index)

.stab.indexstr
 *(.stab.indexstr)

.comment        0x00000000       0x26
 *(.comment)
 .comment       0x00000000       0x26 obj/default/memtest_small.o
                                 0x27 (size before relaxing)
 .comment       0x00000000       0x27 /opt/altera/12.1sp1/nios2eds/bin/gnu/H-i686-pc-linux-gnu/bin/../lib/gcc/nios2-elf/4.1.2/../../../../nios2-elf/lib/mno-hw-mul/libsmallc.a(lib_a-impure.o)
 .comment       0x00000000       0x27 /opt/altera/12.1sp1/nios2eds/bin/gnu/H-i686-pc-linux-gnu/bin/../lib/gcc/nios2-elf/4.1.2/../../../../nios2-elf/lib/mno-hw-mul/libsmallc.a(lib_a-printf.o)
 .comment       0x00000000       0x27 /opt/altera/12.1sp1/nios2eds/bin/gnu/H-i686-pc-linux-gnu/bin/../lib/gcc/nios2-elf/4.1.2/../../../../nios2-elf/lib/mno-hw-mul/libsmallc.a(lib_a-putc.o)
 .comment       0x00000000       0x27 /opt/altera/12.1sp1/nios2eds/bin/gnu/H-i686-pc-linux-gnu/bin/../lib/gcc/nios2-elf/4.1.2/../../../../nios2-elf/lib/mno-hw-mul/libsmallc.a(lib_a-putchar.o)
 .comment       0x00000000       0x27 /opt/altera/12.1sp1/nios2eds/bin/gnu/H-i686-pc-linux-gnu/bin/../lib/gcc/nios2-elf/4.1.2/../../../../nios2-elf/lib/mno-hw-mul/libsmallc.a(lib_a-puts.o)
 .comment       0x00000000       0x27 /opt/altera/12.1sp1/nios2eds/bin/gnu/H-i686-pc-linux-gnu/bin/../lib/gcc/nios2-elf/4.1.2/../../../../nios2-elf/lib/mno-hw-mul/libsmallc.a(lib_a-strlen.o)
 .comment       0x00000000       0x27 /opt/altera/12.1sp1/nios2eds/bin/gnu/H-i686-pc-linux-gnu/bin/../lib/gcc/nios2-elf/4.1.2/../../../../nios2-elf/lib/mno-hw-mul/libsmallc.a(lib_a-strtol.o)
 .comment       0x00000000       0x27 /opt/altera/12.1sp1/nios2eds/bin/gnu/H-i686-pc-linux-gnu/bin/../lib/gcc/nios2-elf/4.1.2/../../../../nios2-elf/lib/mno-hw-mul/libsmallc.a(lib_a-vfprintf.o)
 .comment       0x00000000       0x27 /opt/altera/12.1sp1/nios2eds/bin/gnu/H-i686-pc-linux-gnu/bin/../lib/gcc/nios2-elf/4.1.2/../../../../nios2-elf/lib/mno-hw-mul/libsmallc.a(lib_a-ctype_.o)
 .comment       0x00000000       0x27 /opt/altera/12.1sp1/nios2eds/bin/gnu/H-i686-pc-linux-gnu/bin/../lib/gcc/nios2-elf/4.1.2/../../../../nios2-elf/lib/mno-hw-mul/libsmallc.a(lib_a-fvwrite_small_dev.o)
 .comment       0x00000000       0x27 /opt/altera/12.1sp1/nios2eds/bin/gnu/H-i686-pc-linux-gnu/bin/../lib/gcc/nios2-elf/4.1.2/../../../../nios2-elf/lib/mno-hw-mul/libsmallc.a(lib_a-writer.o)
 .comment       0x00000000       0x27 /opt/altera/12.1sp1/nios2eds/bin/gnu/H-i686-pc-linux-gnu/bin/../lib/gcc/nios2-elf/4.1.2/../../../../nios2-elf/lib/mno-hw-mul/libsmallc.a(lib_a-int_errno.o)
 .comment       0x00000000       0x27 /opt/altera/12.1sp1/nios2eds/bin/gnu/H-i686-pc-linux-gnu/bin/../lib/gcc/nios2-elf/4.1.2/mno-hw-mul/libgcc.a(lib2-divmod.o)
 .comment       0x00000000       0x27 /opt/altera/12.1sp1/nios2eds/bin/gnu/H-i686-pc-linux-gnu/bin/../lib/gcc/nios2-elf/4.1.2/mno-hw-mul/libgcc.a(lib2-mul.o)
 .comment       0x00000000       0x27 ../test_sdram_v2_bsp//libhal_bsp.a(alt_getchar.o)
 .comment       0x00000000       0x27 ../test_sdram_v2_bsp//libhal_bsp.a(alt_load.o)
 .comment       0x00000000       0x27 ../test_sdram_v2_bsp//libhal_bsp.a(alt_main.o)
 .comment       0x00000000       0x27 ../test_sdram_v2_bsp//libhal_bsp.a(alt_write.o)
 .comment       0x00000000       0x27 ../test_sdram_v2_bsp//libhal_bsp.a(alt_sys_init.o)
 .comment       0x00000000       0x27 ../test_sdram_v2_bsp//libhal_bsp.a(altera_avalon_jtag_uart_read.o)
 .comment       0x00000000       0x27 ../test_sdram_v2_bsp//libhal_bsp.a(altera_avalon_jtag_uart_write.o)
 .comment       0x00000000       0x27 ../test_sdram_v2_bsp//libhal_bsp.a(altera_avalon_timer_sc.o)
 .comment       0x00000000       0x27 ../test_sdram_v2_bsp//libhal_bsp.a(altera_avalon_timer_vars.o)
 .comment       0x00000000       0x27 ../test_sdram_v2_bsp//libhal_bsp.a(alt_dcache_flush_all.o)
 .comment       0x00000000       0x27 ../test_sdram_v2_bsp//libhal_bsp.a(alt_dev.o)
 .comment       0x00000000       0x27 ../test_sdram_v2_bsp//libhal_bsp.a(alt_errno.o)
 .comment       0x00000000       0x27 ../test_sdram_v2_bsp//libhal_bsp.a(alt_icache_flush_all.o)
 .comment       0x00000000       0x27 ../test_sdram_v2_bsp//libhal_bsp.a(alt_iic.o)
 .comment       0x00000000       0x27 ../test_sdram_v2_bsp//libhal_bsp.a(alt_iic_isr_register.o)
 .comment       0x00000000       0x27 ../test_sdram_v2_bsp//libhal_bsp.a(alt_irq_handler.o)
 .comment       0x00000000       0x27 ../test_sdram_v2_bsp//libhal_bsp.a(alt_irq_vars.o)
 .comment       0x00000000       0x27 ../test_sdram_v2_bsp//libhal_bsp.a(alt_tick.o)
 .comment       0x00000000       0x27 ../test_sdram_v2_bsp//libhal_bsp.a(altera_nios2_qsys_irq.o)
 .comment       0x00000000       0x27 ../test_sdram_v2_bsp//libhal_bsp.a(alt_icache_flush.o)

.debug
 *(.debug)

.line
 *(.line)

.debug_srcinfo
 *(.debug_srcinfo)

.debug_sfnames
 *(.debug_sfnames)

.debug_aranges  0x00000000      0x438
 *(.debug_aranges)
 .debug_aranges
                0x00000000       0x28 ../test_sdram_v2_bsp//obj/HAL/src/crt0.o
 .debug_aranges
                0x00000028       0x20 obj/default/memtest_small.o
 .debug_aranges
                0x00000048       0x20 /opt/altera/12.1sp1/nios2eds/bin/gnu/H-i686-pc-linux-gnu/bin/../lib/gcc/nios2-elf/4.1.2/../../../../nios2-elf/lib/mno-hw-mul/libsmallc.a(lib_a-printf.o)
 .debug_aranges
                0x00000068       0x20 /opt/altera/12.1sp1/nios2eds/bin/gnu/H-i686-pc-linux-gnu/bin/../lib/gcc/nios2-elf/4.1.2/../../../../nios2-elf/lib/mno-hw-mul/libsmallc.a(lib_a-putc.o)
 .debug_aranges
                0x00000088       0x20 /opt/altera/12.1sp1/nios2eds/bin/gnu/H-i686-pc-linux-gnu/bin/../lib/gcc/nios2-elf/4.1.2/../../../../nios2-elf/lib/mno-hw-mul/libsmallc.a(lib_a-putchar.o)
 .debug_aranges
                0x000000a8       0x20 /opt/altera/12.1sp1/nios2eds/bin/gnu/H-i686-pc-linux-gnu/bin/../lib/gcc/nios2-elf/4.1.2/../../../../nios2-elf/lib/mno-hw-mul/libsmallc.a(lib_a-puts.o)
 .debug_aranges
                0x000000c8       0x20 /opt/altera/12.1sp1/nios2eds/bin/gnu/H-i686-pc-linux-gnu/bin/../lib/gcc/nios2-elf/4.1.2/../../../../nios2-elf/lib/mno-hw-mul/libsmallc.a(lib_a-strlen.o)
 .debug_aranges
                0x000000e8       0x20 /opt/altera/12.1sp1/nios2eds/bin/gnu/H-i686-pc-linux-gnu/bin/../lib/gcc/nios2-elf/4.1.2/../../../../nios2-elf/lib/mno-hw-mul/libsmallc.a(lib_a-strtol.o)
 .debug_aranges
                0x00000108       0x20 /opt/altera/12.1sp1/nios2eds/bin/gnu/H-i686-pc-linux-gnu/bin/../lib/gcc/nios2-elf/4.1.2/../../../../nios2-elf/lib/mno-hw-mul/libsmallc.a(lib_a-vfprintf.o)
 .debug_aranges
                0x00000128       0x20 /opt/altera/12.1sp1/nios2eds/bin/gnu/H-i686-pc-linux-gnu/bin/../lib/gcc/nios2-elf/4.1.2/../../../../nios2-elf/lib/mno-hw-mul/libsmallc.a(lib_a-fvwrite_small_dev.o)
 .debug_aranges
                0x00000148       0x20 /opt/altera/12.1sp1/nios2eds/bin/gnu/H-i686-pc-linux-gnu/bin/../lib/gcc/nios2-elf/4.1.2/../../../../nios2-elf/lib/mno-hw-mul/libsmallc.a(lib_a-writer.o)
 .debug_aranges
                0x00000168       0x20 /opt/altera/12.1sp1/nios2eds/bin/gnu/H-i686-pc-linux-gnu/bin/../lib/gcc/nios2-elf/4.1.2/mno-hw-mul/libgcc.a(lib2-divmod.o)
 .debug_aranges
                0x00000188       0x20 /opt/altera/12.1sp1/nios2eds/bin/gnu/H-i686-pc-linux-gnu/bin/../lib/gcc/nios2-elf/4.1.2/mno-hw-mul/libgcc.a(lib2-mul.o)
 .debug_aranges
                0x000001a8       0x20 ../test_sdram_v2_bsp//libhal_bsp.a(alt_getchar.o)
 .debug_aranges
                0x000001c8       0x20 ../test_sdram_v2_bsp//libhal_bsp.a(alt_load.o)
 .debug_aranges
                0x000001e8       0x20 ../test_sdram_v2_bsp//libhal_bsp.a(alt_main.o)
 .debug_aranges
                0x00000208       0x20 ../test_sdram_v2_bsp//libhal_bsp.a(alt_write.o)
 .debug_aranges
                0x00000228       0x20 ../test_sdram_v2_bsp//libhal_bsp.a(alt_sys_init.o)
 .debug_aranges
                0x00000248       0x20 ../test_sdram_v2_bsp//libhal_bsp.a(altera_avalon_jtag_uart_read.o)
 .debug_aranges
                0x00000268       0x20 ../test_sdram_v2_bsp//libhal_bsp.a(altera_avalon_jtag_uart_write.o)
 .debug_aranges
                0x00000288       0x20 ../test_sdram_v2_bsp//libhal_bsp.a(altera_avalon_timer_sc.o)
 .debug_aranges
                0x000002a8       0x20 ../test_sdram_v2_bsp//libhal_bsp.a(alt_dcache_flush_all.o)
 .debug_aranges
                0x000002c8       0x20 ../test_sdram_v2_bsp//libhal_bsp.a(alt_dev.o)
 .debug_aranges
                0x000002e8       0x20 ../test_sdram_v2_bsp//libhal_bsp.a(alt_icache_flush_all.o)
 .debug_aranges
                0x00000308       0x20 ../test_sdram_v2_bsp//libhal_bsp.a(alt_iic.o)
 .debug_aranges
                0x00000328       0x20 ../test_sdram_v2_bsp//libhal_bsp.a(alt_iic_isr_register.o)
 .debug_aranges
                0x00000348       0x30 ../test_sdram_v2_bsp//libhal_bsp.a(alt_irq_entry.o)
 .debug_aranges
                0x00000378       0x28 ../test_sdram_v2_bsp//libhal_bsp.a(alt_irq_handler.o)
 .debug_aranges
                0x000003a0       0x20 ../test_sdram_v2_bsp//libhal_bsp.a(alt_tick.o)
 .debug_aranges
                0x000003c0       0x20 ../test_sdram_v2_bsp//libhal_bsp.a(altera_nios2_qsys_irq.o)
 .debug_aranges
                0x000003e0       0x38 ../test_sdram_v2_bsp//libhal_bsp.a(alt_exception_entry.o)
 .debug_aranges
                0x00000418       0x20 ../test_sdram_v2_bsp//libhal_bsp.a(alt_icache_flush.o)

.debug_pubnames
                0x00000000      0x701
 *(.debug_pubnames)
 .debug_pubnames
                0x00000000       0x2e obj/default/memtest_small.o
 .debug_pubnames
                0x0000002e       0x39 /opt/altera/12.1sp1/nios2eds/bin/gnu/H-i686-pc-linux-gnu/bin/../lib/gcc/nios2-elf/4.1.2/../../../../nios2-elf/lib/mno-hw-mul/libsmallc.a(lib_a-impure.o)
 .debug_pubnames
                0x00000067       0x2b /opt/altera/12.1sp1/nios2eds/bin/gnu/H-i686-pc-linux-gnu/bin/../lib/gcc/nios2-elf/4.1.2/../../../../nios2-elf/lib/mno-hw-mul/libsmallc.a(lib_a-printf.o)
 .debug_pubnames
                0x00000092       0x27 /opt/altera/12.1sp1/nios2eds/bin/gnu/H-i686-pc-linux-gnu/bin/../lib/gcc/nios2-elf/4.1.2/../../../../nios2-elf/lib/mno-hw-mul/libsmallc.a(lib_a-putc.o)
 .debug_pubnames
                0x000000b9       0x2d /opt/altera/12.1sp1/nios2eds/bin/gnu/H-i686-pc-linux-gnu/bin/../lib/gcc/nios2-elf/4.1.2/../../../../nios2-elf/lib/mno-hw-mul/libsmallc.a(lib_a-putchar.o)
 .debug_pubnames
                0x000000e6       0x27 /opt/altera/12.1sp1/nios2eds/bin/gnu/H-i686-pc-linux-gnu/bin/../lib/gcc/nios2-elf/4.1.2/../../../../nios2-elf/lib/mno-hw-mul/libsmallc.a(lib_a-puts.o)
 .debug_pubnames
                0x0000010d       0x1d /opt/altera/12.1sp1/nios2eds/bin/gnu/H-i686-pc-linux-gnu/bin/../lib/gcc/nios2-elf/4.1.2/../../../../nios2-elf/lib/mno-hw-mul/libsmallc.a(lib_a-strlen.o)
 .debug_pubnames
                0x0000012a       0x2b /opt/altera/12.1sp1/nios2eds/bin/gnu/H-i686-pc-linux-gnu/bin/../lib/gcc/nios2-elf/4.1.2/../../../../nios2-elf/lib/mno-hw-mul/libsmallc.a(lib_a-strtol.o)
 .debug_pubnames
                0x00000155       0x45 /opt/altera/12.1sp1/nios2eds/bin/gnu/H-i686-pc-linux-gnu/bin/../lib/gcc/nios2-elf/4.1.2/../../../../nios2-elf/lib/mno-hw-mul/libsmallc.a(lib_a-vfprintf.o)
 .debug_pubnames
                0x0000019a       0x2e /opt/altera/12.1sp1/nios2eds/bin/gnu/H-i686-pc-linux-gnu/bin/../lib/gcc/nios2-elf/4.1.2/../../../../nios2-elf/lib/mno-hw-mul/libsmallc.a(lib_a-ctype_.o)
 .debug_pubnames
                0x000001c8       0x2b /opt/altera/12.1sp1/nios2eds/bin/gnu/H-i686-pc-linux-gnu/bin/../lib/gcc/nios2-elf/4.1.2/../../../../nios2-elf/lib/mno-hw-mul/libsmallc.a(lib_a-fvwrite_small_dev.o)
 .debug_pubnames
                0x000001f3       0x1f /opt/altera/12.1sp1/nios2eds/bin/gnu/H-i686-pc-linux-gnu/bin/../lib/gcc/nios2-elf/4.1.2/../../../../nios2-elf/lib/mno-hw-mul/libsmallc.a(lib_a-writer.o)
 .debug_pubnames
                0x00000212       0x1c /opt/altera/12.1sp1/nios2eds/bin/gnu/H-i686-pc-linux-gnu/bin/../lib/gcc/nios2-elf/4.1.2/../../../../nios2-elf/lib/mno-hw-mul/libsmallc.a(lib_a-int_errno.o)
 .debug_pubnames
                0x0000022e       0x48 /opt/altera/12.1sp1/nios2eds/bin/gnu/H-i686-pc-linux-gnu/bin/../lib/gcc/nios2-elf/4.1.2/mno-hw-mul/libgcc.a(lib2-divmod.o)
 .debug_pubnames
                0x00000276       0x1f /opt/altera/12.1sp1/nios2eds/bin/gnu/H-i686-pc-linux-gnu/bin/../lib/gcc/nios2-elf/4.1.2/mno-hw-mul/libgcc.a(lib2-mul.o)
 .debug_pubnames
                0x00000295       0x22 ../test_sdram_v2_bsp//libhal_bsp.a(alt_getchar.o)
 .debug_pubnames
                0x000002b7       0x1f ../test_sdram_v2_bsp//libhal_bsp.a(alt_load.o)
 .debug_pubnames
                0x000002d6       0x46 ../test_sdram_v2_bsp//libhal_bsp.a(alt_main.o)
 .debug_pubnames
                0x0000031c       0x1c ../test_sdram_v2_bsp//libhal_bsp.a(alt_write.o)
 .debug_pubnames
                0x00000338       0x42 ../test_sdram_v2_bsp//libhal_bsp.a(alt_sys_init.o)
 .debug_pubnames
                0x0000037a       0x33 ../test_sdram_v2_bsp//libhal_bsp.a(altera_avalon_jtag_uart_read.o)
 .debug_pubnames
                0x000003ad       0x34 ../test_sdram_v2_bsp//libhal_bsp.a(altera_avalon_jtag_uart_write.o)
 .debug_pubnames
                0x000003e1       0x2f ../test_sdram_v2_bsp//libhal_bsp.a(altera_avalon_timer_sc.o)
 .debug_pubnames
                0x00000410       0x52 ../test_sdram_v2_bsp//libhal_bsp.a(altera_avalon_timer_vars.o)
 .debug_pubnames
                0x00000462       0x2b ../test_sdram_v2_bsp//libhal_bsp.a(alt_dcache_flush_all.o)
 .debug_pubnames
                0x0000048d       0x63 ../test_sdram_v2_bsp//libhal_bsp.a(alt_dev.o)
 .debug_pubnames
                0x000004f0       0x20 ../test_sdram_v2_bsp//libhal_bsp.a(alt_errno.o)
 .debug_pubnames
                0x00000510       0x2b ../test_sdram_v2_bsp//libhal_bsp.a(alt_icache_flush_all.o)
 .debug_pubnames
                0x0000053b       0x6e ../test_sdram_v2_bsp//libhal_bsp.a(alt_iic.o)
 .debug_pubnames
                0x000005a9       0x2b ../test_sdram_v2_bsp//libhal_bsp.a(alt_iic_isr_register.o)
 .debug_pubnames
                0x000005d4       0x32 ../test_sdram_v2_bsp//libhal_bsp.a(alt_irq_handler.o)
 .debug_pubnames
                0x00000606       0x3b ../test_sdram_v2_bsp//libhal_bsp.a(alt_irq_vars.o)
 .debug_pubnames
                0x00000641       0x68 ../test_sdram_v2_bsp//libhal_bsp.a(alt_tick.o)
 .debug_pubnames
                0x000006a9       0x31 ../test_sdram_v2_bsp//libhal_bsp.a(altera_nios2_qsys_irq.o)
 .debug_pubnames
                0x000006da       0x27 ../test_sdram_v2_bsp//libhal_bsp.a(alt_icache_flush.o)

.debug_info     0x00000000     0x7281
 *(.debug_info .gnu.linkonce.wi.*)
 .debug_info    0x00000000       0x7b ../test_sdram_v2_bsp//obj/HAL/src/crt0.o
 .debug_info    0x0000007b      0xcc8 obj/default/memtest_small.o
 .debug_info    0x00000d43      0x636 /opt/altera/12.1sp1/nios2eds/bin/gnu/H-i686-pc-linux-gnu/bin/../lib/gcc/nios2-elf/4.1.2/../../../../nios2-elf/lib/mno-hw-mul/libsmallc.a(lib_a-impure.o)
 .debug_info    0x00001379      0x6c8 /opt/altera/12.1sp1/nios2eds/bin/gnu/H-i686-pc-linux-gnu/bin/../lib/gcc/nios2-elf/4.1.2/../../../../nios2-elf/lib/mno-hw-mul/libsmallc.a(lib_a-printf.o)
 .debug_info    0x00001a41      0x6b8 /opt/altera/12.1sp1/nios2eds/bin/gnu/H-i686-pc-linux-gnu/bin/../lib/gcc/nios2-elf/4.1.2/../../../../nios2-elf/lib/mno-hw-mul/libsmallc.a(lib_a-putc.o)
 .debug_info    0x000020f9      0x66b /opt/altera/12.1sp1/nios2eds/bin/gnu/H-i686-pc-linux-gnu/bin/../lib/gcc/nios2-elf/4.1.2/../../../../nios2-elf/lib/mno-hw-mul/libsmallc.a(lib_a-putchar.o)
 .debug_info    0x00002764      0x685 /opt/altera/12.1sp1/nios2eds/bin/gnu/H-i686-pc-linux-gnu/bin/../lib/gcc/nios2-elf/4.1.2/../../../../nios2-elf/lib/mno-hw-mul/libsmallc.a(lib_a-puts.o)
 .debug_info    0x00002de9       0xc2 /opt/altera/12.1sp1/nios2eds/bin/gnu/H-i686-pc-linux-gnu/bin/../lib/gcc/nios2-elf/4.1.2/../../../../nios2-elf/lib/mno-hw-mul/libsmallc.a(lib_a-strlen.o)
 .debug_info    0x00002eab      0x723 /opt/altera/12.1sp1/nios2eds/bin/gnu/H-i686-pc-linux-gnu/bin/../lib/gcc/nios2-elf/4.1.2/../../../../nios2-elf/lib/mno-hw-mul/libsmallc.a(lib_a-strtol.o)
 .debug_info    0x000035ce      0x9b6 /opt/altera/12.1sp1/nios2eds/bin/gnu/H-i686-pc-linux-gnu/bin/../lib/gcc/nios2-elf/4.1.2/../../../../nios2-elf/lib/mno-hw-mul/libsmallc.a(lib_a-vfprintf.o)
 .debug_info    0x00003f84       0xa0 /opt/altera/12.1sp1/nios2eds/bin/gnu/H-i686-pc-linux-gnu/bin/../lib/gcc/nios2-elf/4.1.2/../../../../nios2-elf/lib/mno-hw-mul/libsmallc.a(lib_a-ctype_.o)
 .debug_info    0x00004024      0x68e /opt/altera/12.1sp1/nios2eds/bin/gnu/H-i686-pc-linux-gnu/bin/../lib/gcc/nios2-elf/4.1.2/../../../../nios2-elf/lib/mno-hw-mul/libsmallc.a(lib_a-fvwrite_small_dev.o)
 .debug_info    0x000046b2      0x68c /opt/altera/12.1sp1/nios2eds/bin/gnu/H-i686-pc-linux-gnu/bin/../lib/gcc/nios2-elf/4.1.2/../../../../nios2-elf/lib/mno-hw-mul/libsmallc.a(lib_a-writer.o)
 .debug_info    0x00004d3e       0x8c /opt/altera/12.1sp1/nios2eds/bin/gnu/H-i686-pc-linux-gnu/bin/../lib/gcc/nios2-elf/4.1.2/../../../../nios2-elf/lib/mno-hw-mul/libsmallc.a(lib_a-int_errno.o)
 .debug_info    0x00004dca      0x21c /opt/altera/12.1sp1/nios2eds/bin/gnu/H-i686-pc-linux-gnu/bin/../lib/gcc/nios2-elf/4.1.2/mno-hw-mul/libgcc.a(lib2-divmod.o)
 .debug_info    0x00004fe6       0xf3 /opt/altera/12.1sp1/nios2eds/bin/gnu/H-i686-pc-linux-gnu/bin/../lib/gcc/nios2-elf/4.1.2/mno-hw-mul/libgcc.a(lib2-mul.o)
 .debug_info    0x000050d9      0x300 ../test_sdram_v2_bsp//libhal_bsp.a(alt_getchar.o)
 .debug_info    0x000053d9      0x12e ../test_sdram_v2_bsp//libhal_bsp.a(alt_load.o)
 .debug_info    0x00005507      0x125 ../test_sdram_v2_bsp//libhal_bsp.a(alt_main.o)
 .debug_info    0x0000562c      0x179 ../test_sdram_v2_bsp//libhal_bsp.a(alt_write.o)
 .debug_info    0x000057a5      0x19b ../test_sdram_v2_bsp//libhal_bsp.a(alt_sys_init.o)
 .debug_info    0x00005940      0x1ac ../test_sdram_v2_bsp//libhal_bsp.a(altera_avalon_jtag_uart_read.o)
 .debug_info    0x00005aec      0x18f ../test_sdram_v2_bsp//libhal_bsp.a(altera_avalon_jtag_uart_write.o)
 .debug_info    0x00005c7b      0x221 ../test_sdram_v2_bsp//libhal_bsp.a(altera_avalon_timer_sc.o)
 .debug_info    0x00005e9c       0xf2 ../test_sdram_v2_bsp//libhal_bsp.a(altera_avalon_timer_vars.o)
 .debug_info    0x00005f8e       0x8d ../test_sdram_v2_bsp//libhal_bsp.a(alt_dcache_flush_all.o)
 .debug_info    0x0000601b      0x4dd ../test_sdram_v2_bsp//libhal_bsp.a(alt_dev.o)
 .debug_info    0x000064f8       0xab ../test_sdram_v2_bsp//libhal_bsp.a(alt_errno.o)
 .debug_info    0x000065a3       0x8d ../test_sdram_v2_bsp//libhal_bsp.a(alt_icache_flush_all.o)
 .debug_info    0x00006630      0x341 ../test_sdram_v2_bsp//libhal_bsp.a(alt_iic.o)
 .debug_info    0x00006971      0x1f2 ../test_sdram_v2_bsp//libhal_bsp.a(alt_iic_isr_register.o)
 .debug_info    0x00006b63       0x84 ../test_sdram_v2_bsp//libhal_bsp.a(alt_irq_entry.o)
 .debug_info    0x00006be7      0x17b ../test_sdram_v2_bsp//libhal_bsp.a(alt_irq_handler.o)
 .debug_info    0x00006d62       0x92 ../test_sdram_v2_bsp//libhal_bsp.a(alt_irq_vars.o)
 .debug_info    0x00006df4      0x2a1 ../test_sdram_v2_bsp//libhal_bsp.a(alt_tick.o)
 .debug_info    0x00007095       0x8d ../test_sdram_v2_bsp//libhal_bsp.a(altera_nios2_qsys_irq.o)
 .debug_info    0x00007122       0x8a ../test_sdram_v2_bsp//libhal_bsp.a(alt_exception_entry.o)
 .debug_info    0x000071ac       0xd5 ../test_sdram_v2_bsp//libhal_bsp.a(alt_icache_flush.o)

.debug_abbrev   0x00000000     0x22df
 *(.debug_abbrev)
 .debug_abbrev  0x00000000       0x12 ../test_sdram_v2_bsp//obj/HAL/src/crt0.o
 .debug_abbrev  0x00000012      0x298 obj/default/memtest_small.o
 .debug_abbrev  0x000002aa      0x13f /opt/altera/12.1sp1/nios2eds/bin/gnu/H-i686-pc-linux-gnu/bin/../lib/gcc/nios2-elf/4.1.2/../../../../nios2-elf/lib/mno-hw-mul/libsmallc.a(lib_a-impure.o)
 .debug_abbrev  0x000003e9      0x179 /opt/altera/12.1sp1/nios2eds/bin/gnu/H-i686-pc-linux-gnu/bin/../lib/gcc/nios2-elf/4.1.2/../../../../nios2-elf/lib/mno-hw-mul/libsmallc.a(lib_a-printf.o)
 .debug_abbrev  0x00000562      0x167 /opt/altera/12.1sp1/nios2eds/bin/gnu/H-i686-pc-linux-gnu/bin/../lib/gcc/nios2-elf/4.1.2/../../../../nios2-elf/lib/mno-hw-mul/libsmallc.a(lib_a-putc.o)
 .debug_abbrev  0x000006c9      0x158 /opt/altera/12.1sp1/nios2eds/bin/gnu/H-i686-pc-linux-gnu/bin/../lib/gcc/nios2-elf/4.1.2/../../../../nios2-elf/lib/mno-hw-mul/libsmallc.a(lib_a-putchar.o)
 .debug_abbrev  0x00000821      0x180 /opt/altera/12.1sp1/nios2eds/bin/gnu/H-i686-pc-linux-gnu/bin/../lib/gcc/nios2-elf/4.1.2/../../../../nios2-elf/lib/mno-hw-mul/libsmallc.a(lib_a-puts.o)
 .debug_abbrev  0x000009a1       0x7a /opt/altera/12.1sp1/nios2eds/bin/gnu/H-i686-pc-linux-gnu/bin/../lib/gcc/nios2-elf/4.1.2/../../../../nios2-elf/lib/mno-hw-mul/libsmallc.a(lib_a-strlen.o)
 .debug_abbrev  0x00000a1b      0x1af /opt/altera/12.1sp1/nios2eds/bin/gnu/H-i686-pc-linux-gnu/bin/../lib/gcc/nios2-elf/4.1.2/../../../../nios2-elf/lib/mno-hw-mul/libsmallc.a(lib_a-strtol.o)
 .debug_abbrev  0x00000bca      0x263 /opt/altera/12.1sp1/nios2eds/bin/gnu/H-i686-pc-linux-gnu/bin/../lib/gcc/nios2-elf/4.1.2/../../../../nios2-elf/lib/mno-hw-mul/libsmallc.a(lib_a-vfprintf.o)
 .debug_abbrev  0x00000e2d       0x61 /opt/altera/12.1sp1/nios2eds/bin/gnu/H-i686-pc-linux-gnu/bin/../lib/gcc/nios2-elf/4.1.2/../../../../nios2-elf/lib/mno-hw-mul/libsmallc.a(lib_a-ctype_.o)
 .debug_abbrev  0x00000e8e      0x179 /opt/altera/12.1sp1/nios2eds/bin/gnu/H-i686-pc-linux-gnu/bin/../lib/gcc/nios2-elf/4.1.2/../../../../nios2-elf/lib/mno-hw-mul/libsmallc.a(lib_a-fvwrite_small_dev.o)
 .debug_abbrev  0x00001007      0x16c /opt/altera/12.1sp1/nios2eds/bin/gnu/H-i686-pc-linux-gnu/bin/../lib/gcc/nios2-elf/4.1.2/../../../../nios2-elf/lib/mno-hw-mul/libsmallc.a(lib_a-writer.o)
 .debug_abbrev  0x00001173       0x3b /opt/altera/12.1sp1/nios2eds/bin/gnu/H-i686-pc-linux-gnu/bin/../lib/gcc/nios2-elf/4.1.2/../../../../nios2-elf/lib/mno-hw-mul/libsmallc.a(lib_a-int_errno.o)
 .debug_abbrev  0x000011ae       0xe0 /opt/altera/12.1sp1/nios2eds/bin/gnu/H-i686-pc-linux-gnu/bin/../lib/gcc/nios2-elf/4.1.2/mno-hw-mul/libgcc.a(lib2-divmod.o)
 .debug_abbrev  0x0000128e       0x7b /opt/altera/12.1sp1/nios2eds/bin/gnu/H-i686-pc-linux-gnu/bin/../lib/gcc/nios2-elf/4.1.2/mno-hw-mul/libgcc.a(lib2-mul.o)
 .debug_abbrev  0x00001309       0xdd ../test_sdram_v2_bsp//libhal_bsp.a(alt_getchar.o)
 .debug_abbrev  0x000013e6       0x97 ../test_sdram_v2_bsp//libhal_bsp.a(alt_load.o)
 .debug_abbrev  0x0000147d       0xa6 ../test_sdram_v2_bsp//libhal_bsp.a(alt_main.o)
 .debug_abbrev  0x00001523       0xdd ../test_sdram_v2_bsp//libhal_bsp.a(alt_write.o)
 .debug_abbrev  0x00001600       0xea ../test_sdram_v2_bsp//libhal_bsp.a(alt_sys_init.o)
 .debug_abbrev  0x000016ea       0xf0 ../test_sdram_v2_bsp//libhal_bsp.a(altera_avalon_jtag_uart_read.o)
 .debug_abbrev  0x000017da       0xf0 ../test_sdram_v2_bsp//libhal_bsp.a(altera_avalon_jtag_uart_write.o)
 .debug_abbrev  0x000018ca      0x158 ../test_sdram_v2_bsp//libhal_bsp.a(altera_avalon_timer_sc.o)
 .debug_abbrev  0x00001a22       0x87 ../test_sdram_v2_bsp//libhal_bsp.a(altera_avalon_timer_vars.o)
 .debug_abbrev  0x00001aa9       0x3f ../test_sdram_v2_bsp//libhal_bsp.a(alt_dcache_flush_all.o)
 .debug_abbrev  0x00001ae8       0xd6 ../test_sdram_v2_bsp//libhal_bsp.a(alt_dev.o)
 .debug_abbrev  0x00001bbe       0x5e ../test_sdram_v2_bsp//libhal_bsp.a(alt_errno.o)
 .debug_abbrev  0x00001c1c       0x3f ../test_sdram_v2_bsp//libhal_bsp.a(alt_icache_flush_all.o)
 .debug_abbrev  0x00001c5b      0x160 ../test_sdram_v2_bsp//libhal_bsp.a(alt_iic.o)
 .debug_abbrev  0x00001dbb      0x17e ../test_sdram_v2_bsp//libhal_bsp.a(alt_iic_isr_register.o)
 .debug_abbrev  0x00001f39       0x12 ../test_sdram_v2_bsp//libhal_bsp.a(alt_irq_entry.o)
 .debug_abbrev  0x00001f4b      0x117 ../test_sdram_v2_bsp//libhal_bsp.a(alt_irq_handler.o)
 .debug_abbrev  0x00002062       0x44 ../test_sdram_v2_bsp//libhal_bsp.a(alt_irq_vars.o)
 .debug_abbrev  0x000020a6      0x15f ../test_sdram_v2_bsp//libhal_bsp.a(alt_tick.o)
 .debug_abbrev  0x00002205       0x3f ../test_sdram_v2_bsp//libhal_bsp.a(altera_nios2_qsys_irq.o)
 .debug_abbrev  0x00002244       0x12 ../test_sdram_v2_bsp//libhal_bsp.a(alt_exception_entry.o)
 .debug_abbrev  0x00002256       0x89 ../test_sdram_v2_bsp//libhal_bsp.a(alt_icache_flush.o)

.debug_line     0x00000000     0x5b1b
 *(.debug_line)
 .debug_line    0x00000000       0x6c ../test_sdram_v2_bsp//obj/HAL/src/crt0.o
 .debug_line    0x0000006c      0x5fc obj/default/memtest_small.o
 .debug_line    0x00000668      0x230 /opt/altera/12.1sp1/nios2eds/bin/gnu/H-i686-pc-linux-gnu/bin/../lib/gcc/nios2-elf/4.1.2/../../../../nios2-elf/lib/mno-hw-mul/libsmallc.a(lib_a-impure.o)
 .debug_line    0x00000898      0x2be /opt/altera/12.1sp1/nios2eds/bin/gnu/H-i686-pc-linux-gnu/bin/../lib/gcc/nios2-elf/4.1.2/../../../../nios2-elf/lib/mno-hw-mul/libsmallc.a(lib_a-printf.o)
 .debug_line    0x00000b56      0x2d2 /opt/altera/12.1sp1/nios2eds/bin/gnu/H-i686-pc-linux-gnu/bin/../lib/gcc/nios2-elf/4.1.2/../../../../nios2-elf/lib/mno-hw-mul/libsmallc.a(lib_a-putc.o)
 .debug_line    0x00000e28      0x267 /opt/altera/12.1sp1/nios2eds/bin/gnu/H-i686-pc-linux-gnu/bin/../lib/gcc/nios2-elf/4.1.2/../../../../nios2-elf/lib/mno-hw-mul/libsmallc.a(lib_a-putchar.o)
 .debug_line    0x0000108f      0x2b2 /opt/altera/12.1sp1/nios2eds/bin/gnu/H-i686-pc-linux-gnu/bin/../lib/gcc/nios2-elf/4.1.2/../../../../nios2-elf/lib/mno-hw-mul/libsmallc.a(lib_a-puts.o)
 .debug_line    0x00001341      0x250 /opt/altera/12.1sp1/nios2eds/bin/gnu/H-i686-pc-linux-gnu/bin/../lib/gcc/nios2-elf/4.1.2/../../../../nios2-elf/lib/mno-hw-mul/libsmallc.a(lib_a-strlen.o)
 .debug_line    0x00001591      0x3f6 /opt/altera/12.1sp1/nios2eds/bin/gnu/H-i686-pc-linux-gnu/bin/../lib/gcc/nios2-elf/4.1.2/../../../../nios2-elf/lib/mno-hw-mul/libsmallc.a(lib_a-strtol.o)
 .debug_line    0x00001987      0x666 /opt/altera/12.1sp1/nios2eds/bin/gnu/H-i686-pc-linux-gnu/bin/../lib/gcc/nios2-elf/4.1.2/../../../../nios2-elf/lib/mno-hw-mul/libsmallc.a(lib_a-vfprintf.o)
 .debug_line    0x00001fed       0x81 /opt/altera/12.1sp1/nios2eds/bin/gnu/H-i686-pc-linux-gnu/bin/../lib/gcc/nios2-elf/4.1.2/../../../../nios2-elf/lib/mno-hw-mul/libsmallc.a(lib_a-ctype_.o)
 .debug_line    0x0000206e      0x2a9 /opt/altera/12.1sp1/nios2eds/bin/gnu/H-i686-pc-linux-gnu/bin/../lib/gcc/nios2-elf/4.1.2/../../../../nios2-elf/lib/mno-hw-mul/libsmallc.a(lib_a-fvwrite_small_dev.o)
 .debug_line    0x00002317      0x29d /opt/altera/12.1sp1/nios2eds/bin/gnu/H-i686-pc-linux-gnu/bin/../lib/gcc/nios2-elf/4.1.2/../../../../nios2-elf/lib/mno-hw-mul/libsmallc.a(lib_a-writer.o)
 .debug_line    0x000025b4      0x1e2 /opt/altera/12.1sp1/nios2eds/bin/gnu/H-i686-pc-linux-gnu/bin/../lib/gcc/nios2-elf/4.1.2/../../../../nios2-elf/lib/mno-hw-mul/libsmallc.a(lib_a-int_errno.o)
 .debug_line    0x00002796      0x2c6 /opt/altera/12.1sp1/nios2eds/bin/gnu/H-i686-pc-linux-gnu/bin/../lib/gcc/nios2-elf/4.1.2/mno-hw-mul/libgcc.a(lib2-divmod.o)
 .debug_line    0x00002a5c      0x191 /opt/altera/12.1sp1/nios2eds/bin/gnu/H-i686-pc-linux-gnu/bin/../lib/gcc/nios2-elf/4.1.2/mno-hw-mul/libgcc.a(lib2-mul.o)
 .debug_line    0x00002bed      0x266 ../test_sdram_v2_bsp//libhal_bsp.a(alt_getchar.o)
 .debug_line    0x00002e53      0x225 ../test_sdram_v2_bsp//libhal_bsp.a(alt_load.o)
 .debug_line    0x00003078      0x2d0 ../test_sdram_v2_bsp//libhal_bsp.a(alt_main.o)
 .debug_line    0x00003348      0x2b9 ../test_sdram_v2_bsp//libhal_bsp.a(alt_write.o)
 .debug_line    0x00003601      0x2cd ../test_sdram_v2_bsp//libhal_bsp.a(alt_sys_init.o)
 .debug_line    0x000038ce      0x331 ../test_sdram_v2_bsp//libhal_bsp.a(altera_avalon_jtag_uart_read.o)
 .debug_line    0x00003bff      0x302 ../test_sdram_v2_bsp//libhal_bsp.a(altera_avalon_jtag_uart_write.o)
 .debug_line    0x00003f01      0x2c7 ../test_sdram_v2_bsp//libhal_bsp.a(altera_avalon_timer_sc.o)
 .debug_line    0x000041c8      0x257 ../test_sdram_v2_bsp//libhal_bsp.a(altera_avalon_timer_vars.o)
 .debug_line    0x0000441f      0x1c3 ../test_sdram_v2_bsp//libhal_bsp.a(alt_dcache_flush_all.o)
 .debug_line    0x000045e2      0x25a ../test_sdram_v2_bsp//libhal_bsp.a(alt_dev.o)
 .debug_line    0x0000483c      0x1b8 ../test_sdram_v2_bsp//libhal_bsp.a(alt_errno.o)
 .debug_line    0x000049f4      0x1d3 ../test_sdram_v2_bsp//libhal_bsp.a(alt_icache_flush_all.o)
 .debug_line    0x00004bc7      0x28d ../test_sdram_v2_bsp//libhal_bsp.a(alt_iic.o)
 .debug_line    0x00004e54      0x247 ../test_sdram_v2_bsp//libhal_bsp.a(alt_iic_isr_register.o)
 .debug_line    0x0000509b       0x6b ../test_sdram_v2_bsp//libhal_bsp.a(alt_irq_entry.o)
 .debug_line    0x00005106      0x22d ../test_sdram_v2_bsp//libhal_bsp.a(alt_irq_handler.o)
 .debug_line    0x00005333       0x72 ../test_sdram_v2_bsp//libhal_bsp.a(alt_irq_vars.o)
 .debug_line    0x000053a5      0x300 ../test_sdram_v2_bsp//libhal_bsp.a(alt_tick.o)
 .debug_line    0x000056a5      0x1dc ../test_sdram_v2_bsp//libhal_bsp.a(altera_nios2_qsys_irq.o)
 .debug_line    0x00005881       0xab ../test_sdram_v2_bsp//libhal_bsp.a(alt_exception_entry.o)
 .debug_line    0x0000592c      0x1ef ../test_sdram_v2_bsp//libhal_bsp.a(alt_icache_flush.o)

.debug_frame    0x00000000      0x5e8
 *(.debug_frame)
 .debug_frame   0x00000000       0x4c obj/default/memtest_small.o
 .debug_frame   0x0000004c       0x40 /opt/altera/12.1sp1/nios2eds/bin/gnu/H-i686-pc-linux-gnu/bin/../lib/gcc/nios2-elf/4.1.2/../../../../nios2-elf/lib/mno-hw-mul/libsmallc.a(lib_a-printf.o)
 .debug_frame   0x0000008c       0x48 /opt/altera/12.1sp1/nios2eds/bin/gnu/H-i686-pc-linux-gnu/bin/../lib/gcc/nios2-elf/4.1.2/../../../../nios2-elf/lib/mno-hw-mul/libsmallc.a(lib_a-putc.o)
 .debug_frame   0x000000d4       0x30 /opt/altera/12.1sp1/nios2eds/bin/gnu/H-i686-pc-linux-gnu/bin/../lib/gcc/nios2-elf/4.1.2/../../../../nios2-elf/lib/mno-hw-mul/libsmallc.a(lib_a-putchar.o)
 .debug_frame   0x00000104       0x3c /opt/altera/12.1sp1/nios2eds/bin/gnu/H-i686-pc-linux-gnu/bin/../lib/gcc/nios2-elf/4.1.2/../../../../nios2-elf/lib/mno-hw-mul/libsmallc.a(lib_a-puts.o)
 .debug_frame   0x00000140       0x20 /opt/altera/12.1sp1/nios2eds/bin/gnu/H-i686-pc-linux-gnu/bin/../lib/gcc/nios2-elf/4.1.2/../../../../nios2-elf/lib/mno-hw-mul/libsmallc.a(lib_a-strlen.o)
 .debug_frame   0x00000160       0x4c /opt/altera/12.1sp1/nios2eds/bin/gnu/H-i686-pc-linux-gnu/bin/../lib/gcc/nios2-elf/4.1.2/../../../../nios2-elf/lib/mno-hw-mul/libsmallc.a(lib_a-strtol.o)
 .debug_frame   0x000001ac       0x64 /opt/altera/12.1sp1/nios2eds/bin/gnu/H-i686-pc-linux-gnu/bin/../lib/gcc/nios2-elf/4.1.2/../../../../nios2-elf/lib/mno-hw-mul/libsmallc.a(lib_a-vfprintf.o)
 .debug_frame   0x00000210       0x30 /opt/altera/12.1sp1/nios2eds/bin/gnu/H-i686-pc-linux-gnu/bin/../lib/gcc/nios2-elf/4.1.2/../../../../nios2-elf/lib/mno-hw-mul/libsmallc.a(lib_a-fvwrite_small_dev.o)
 .debug_frame   0x00000240       0x2c /opt/altera/12.1sp1/nios2eds/bin/gnu/H-i686-pc-linux-gnu/bin/../lib/gcc/nios2-elf/4.1.2/../../../../nios2-elf/lib/mno-hw-mul/libsmallc.a(lib_a-writer.o)
 .debug_frame   0x0000026c       0x70 /opt/altera/12.1sp1/nios2eds/bin/gnu/H-i686-pc-linux-gnu/bin/../lib/gcc/nios2-elf/4.1.2/mno-hw-mul/libgcc.a(lib2-divmod.o)
 .debug_frame   0x000002dc       0x20 /opt/altera/12.1sp1/nios2eds/bin/gnu/H-i686-pc-linux-gnu/bin/../lib/gcc/nios2-elf/4.1.2/mno-hw-mul/libgcc.a(lib2-mul.o)
 .debug_frame   0x000002fc       0x28 ../test_sdram_v2_bsp//libhal_bsp.a(alt_getchar.o)
 .debug_frame   0x00000324       0x38 ../test_sdram_v2_bsp//libhal_bsp.a(alt_load.o)
 .debug_frame   0x0000035c       0x28 ../test_sdram_v2_bsp//libhal_bsp.a(alt_main.o)
 .debug_frame   0x00000384       0x28 ../test_sdram_v2_bsp//libhal_bsp.a(alt_write.o)
 .debug_frame   0x000003ac       0x40 ../test_sdram_v2_bsp//libhal_bsp.a(alt_sys_init.o)
 .debug_frame   0x000003ec       0x20 ../test_sdram_v2_bsp//libhal_bsp.a(altera_avalon_jtag_uart_read.o)
 .debug_frame   0x0000040c       0x20 ../test_sdram_v2_bsp//libhal_bsp.a(altera_avalon_jtag_uart_write.o)
 .debug_frame   0x0000042c       0x40 ../test_sdram_v2_bsp//libhal_bsp.a(altera_avalon_timer_sc.o)
 .debug_frame   0x0000046c       0x20 ../test_sdram_v2_bsp//libhal_bsp.a(alt_dcache_flush_all.o)
 .debug_frame   0x0000048c       0x20 ../test_sdram_v2_bsp//libhal_bsp.a(alt_dev.o)
 .debug_frame   0x000004ac       0x20 ../test_sdram_v2_bsp//libhal_bsp.a(alt_icache_flush_all.o)
 .debug_frame   0x000004cc       0x50 ../test_sdram_v2_bsp//libhal_bsp.a(alt_iic.o)
 .debug_frame   0x0000051c       0x28 ../test_sdram_v2_bsp//libhal_bsp.a(alt_iic_isr_register.o)
 .debug_frame   0x00000544       0x28 ../test_sdram_v2_bsp//libhal_bsp.a(alt_irq_handler.o)
 .debug_frame   0x0000056c       0x3c ../test_sdram_v2_bsp//libhal_bsp.a(alt_tick.o)
 .debug_frame   0x000005a8       0x20 ../test_sdram_v2_bsp//libhal_bsp.a(altera_nios2_qsys_irq.o)
 .debug_frame   0x000005c8       0x20 ../test_sdram_v2_bsp//libhal_bsp.a(alt_icache_flush.o)

.debug_str      0x00000000     0x1758
 *(.debug_str)
 .debug_str     0x00000000      0x4f7 obj/default/memtest_small.o
                                0x5b3 (size before relaxing)
 .debug_str     0x000004f7      0x14f /opt/altera/12.1sp1/nios2eds/bin/gnu/H-i686-pc-linux-gnu/bin/../lib/gcc/nios2-elf/4.1.2/../../../../nios2-elf/lib/mno-hw-mul/libsmallc.a(lib_a-impure.o)
                                0x462 (size before relaxing)
 .debug_str     0x00000646       0xfe /opt/altera/12.1sp1/nios2eds/bin/gnu/H-i686-pc-linux-gnu/bin/../lib/gcc/nios2-elf/4.1.2/../../../../nios2-elf/lib/mno-hw-mul/libsmallc.a(lib_a-printf.o)
                                0x46b (size before relaxing)
 .debug_str     0x00000744       0x4f /opt/altera/12.1sp1/nios2eds/bin/gnu/H-i686-pc-linux-gnu/bin/../lib/gcc/nios2-elf/4.1.2/../../../../nios2-elf/lib/mno-hw-mul/libsmallc.a(lib_a-putc.o)
                                0x45a (size before relaxing)
 .debug_str     0x00000793       0x51 /opt/altera/12.1sp1/nios2eds/bin/gnu/H-i686-pc-linux-gnu/bin/../lib/gcc/nios2-elf/4.1.2/../../../../nios2-elf/lib/mno-hw-mul/libsmallc.a(lib_a-putchar.o)
                                0x457 (size before relaxing)
 .debug_str     0x000007e4       0x48 /opt/altera/12.1sp1/nios2eds/bin/gnu/H-i686-pc-linux-gnu/bin/../lib/gcc/nios2-elf/4.1.2/../../../../nios2-elf/lib/mno-hw-mul/libsmallc.a(lib_a-puts.o)
                                0x455 (size before relaxing)
 .debug_str     0x0000082c       0xe7 /opt/altera/12.1sp1/nios2eds/bin/gnu/H-i686-pc-linux-gnu/bin/../lib/gcc/nios2-elf/4.1.2/../../../../nios2-elf/lib/mno-hw-mul/libsmallc.a(lib_a-strlen.o)
                                0x189 (size before relaxing)
 .debug_str     0x00000913      0x11c /opt/altera/12.1sp1/nios2eds/bin/gnu/H-i686-pc-linux-gnu/bin/../lib/gcc/nios2-elf/4.1.2/../../../../nios2-elf/lib/mno-hw-mul/libsmallc.a(lib_a-strtol.o)
                                0x486 (size before relaxing)
 .debug_str     0x00000a2f      0x162 /opt/altera/12.1sp1/nios2eds/bin/gnu/H-i686-pc-linux-gnu/bin/../lib/gcc/nios2-elf/4.1.2/../../../../nios2-elf/lib/mno-hw-mul/libsmallc.a(lib_a-vfprintf.o)
                                0x5b4 (size before relaxing)
 .debug_str     0x00000b91       0xef /opt/altera/12.1sp1/nios2eds/bin/gnu/H-i686-pc-linux-gnu/bin/../lib/gcc/nios2-elf/4.1.2/../../../../nios2-elf/lib/mno-hw-mul/libsmallc.a(lib_a-ctype_.o)
                                0x11e (size before relaxing)
 .debug_str     0x00000c80       0x70 /opt/altera/12.1sp1/nios2eds/bin/gnu/H-i686-pc-linux-gnu/bin/../lib/gcc/nios2-elf/4.1.2/../../../../nios2-elf/lib/mno-hw-mul/libsmallc.a(lib_a-fvwrite_small_dev.o)
                                0x46f (size before relaxing)
 .debug_str     0x00000cf0       0x4f /opt/altera/12.1sp1/nios2eds/bin/gnu/H-i686-pc-linux-gnu/bin/../lib/gcc/nios2-elf/4.1.2/../../../../nios2-elf/lib/mno-hw-mul/libsmallc.a(lib_a-writer.o)
                                0x456 (size before relaxing)
 .debug_str     0x00000d3f       0x40 /opt/altera/12.1sp1/nios2eds/bin/gnu/H-i686-pc-linux-gnu/bin/../lib/gcc/nios2-elf/4.1.2/../../../../nios2-elf/lib/mno-hw-mul/libsmallc.a(lib_a-int_errno.o)
                                0x17c (size before relaxing)
 .debug_str     0x00000d7f      0x110 /opt/altera/12.1sp1/nios2eds/bin/gnu/H-i686-pc-linux-gnu/bin/../lib/gcc/nios2-elf/4.1.2/mno-hw-mul/libgcc.a(lib2-divmod.o)
                                0x1b9 (size before relaxing)
 .debug_str     0x00000e8f       0x37 /opt/altera/12.1sp1/nios2eds/bin/gnu/H-i686-pc-linux-gnu/bin/../lib/gcc/nios2-elf/4.1.2/mno-hw-mul/libgcc.a(lib2-mul.o)
                                0x17a (size before relaxing)
 .debug_str     0x00000ec6      0x121 ../test_sdram_v2_bsp//libhal_bsp.a(alt_getchar.o)
                                0x1d7 (size before relaxing)
 .debug_str     0x00000fe7       0xf1 ../test_sdram_v2_bsp//libhal_bsp.a(alt_load.o)
                                0x1d0 (size before relaxing)
 .debug_str     0x000010d8       0x44 ../test_sdram_v2_bsp//libhal_bsp.a(alt_main.o)
                                0x154 (size before relaxing)
 .debug_str     0x0000111c       0x2c ../test_sdram_v2_bsp//libhal_bsp.a(alt_write.o)
                                0x17e (size before relaxing)
 .debug_str     0x00001148       0xb8 ../test_sdram_v2_bsp//libhal_bsp.a(alt_sys_init.o)
                                0x1ff (size before relaxing)
 .debug_str     0x00001200       0x55 ../test_sdram_v2_bsp//libhal_bsp.a(altera_avalon_jtag_uart_read.o)
                                0x1d6 (size before relaxing)
 .debug_str     0x00001255       0x4a ../test_sdram_v2_bsp//libhal_bsp.a(altera_avalon_jtag_uart_write.o)
                                0x1cc (size before relaxing)
 .debug_str     0x0000129f       0xb6 ../test_sdram_v2_bsp//libhal_bsp.a(altera_avalon_timer_sc.o)
                                0x202 (size before relaxing)
 .debug_str     0x00001355       0x27 ../test_sdram_v2_bsp//libhal_bsp.a(altera_avalon_timer_vars.o)
                                0x177 (size before relaxing)
 .debug_str     0x0000137c       0x34 ../test_sdram_v2_bsp//libhal_bsp.a(alt_dcache_flush_all.o)
                                0x113 (size before relaxing)
 .debug_str     0x000013b0      0x120 ../test_sdram_v2_bsp//libhal_bsp.a(alt_dev.o)
                                0x2c3 (size before relaxing)
 .debug_str     0x000014d0       0x14 ../test_sdram_v2_bsp//libhal_bsp.a(alt_errno.o)
                                0x103 (size before relaxing)
 .debug_str     0x000014e4       0x34 ../test_sdram_v2_bsp//libhal_bsp.a(alt_icache_flush_all.o)
                                0x113 (size before relaxing)
 .debug_str     0x00001518       0xc4 ../test_sdram_v2_bsp//libhal_bsp.a(alt_iic.o)
                                0x1fc (size before relaxing)
 .debug_str     0x000015dc       0x4c ../test_sdram_v2_bsp//libhal_bsp.a(alt_iic_isr_register.o)
                                0x1a6 (size before relaxing)
 .debug_str     0x00001628       0x3a ../test_sdram_v2_bsp//libhal_bsp.a(alt_irq_handler.o)
                                0x155 (size before relaxing)
 .debug_str     0x00001662       0x17 ../test_sdram_v2_bsp//libhal_bsp.a(alt_irq_vars.o)
                                0x10d (size before relaxing)
 .debug_str     0x00001679       0x78 ../test_sdram_v2_bsp//libhal_bsp.a(alt_tick.o)
                                0x210 (size before relaxing)
 .debug_str     0x000016f1       0x3b ../test_sdram_v2_bsp//libhal_bsp.a(altera_nios2_qsys_irq.o)
                                0x11a (size before relaxing)
 .debug_str     0x0000172c       0x2c ../test_sdram_v2_bsp//libhal_bsp.a(alt_icache_flush.o)
                                0x119 (size before relaxing)

.debug_loc      0x00000000     0x19b7
 *(.debug_loc)
 .debug_loc     0x00000000      0x2ce obj/default/memtest_small.o
 .debug_loc     0x000002ce       0x8d /opt/altera/12.1sp1/nios2eds/bin/gnu/H-i686-pc-linux-gnu/bin/../lib/gcc/nios2-elf/4.1.2/../../../../nios2-elf/lib/mno-hw-mul/libsmallc.a(lib_a-printf.o)
 .debug_loc     0x0000035b       0xd4 /opt/altera/12.1sp1/nios2eds/bin/gnu/H-i686-pc-linux-gnu/bin/../lib/gcc/nios2-elf/4.1.2/../../../../nios2-elf/lib/mno-hw-mul/libsmallc.a(lib_a-putc.o)
 .debug_loc     0x0000042f       0x44 /opt/altera/12.1sp1/nios2eds/bin/gnu/H-i686-pc-linux-gnu/bin/../lib/gcc/nios2-elf/4.1.2/../../../../nios2-elf/lib/mno-hw-mul/libsmallc.a(lib_a-putchar.o)
 .debug_loc     0x00000473       0xa2 /opt/altera/12.1sp1/nios2eds/bin/gnu/H-i686-pc-linux-gnu/bin/../lib/gcc/nios2-elf/4.1.2/../../../../nios2-elf/lib/mno-hw-mul/libsmallc.a(lib_a-puts.o)
 .debug_loc     0x00000515       0x1e /opt/altera/12.1sp1/nios2eds/bin/gnu/H-i686-pc-linux-gnu/bin/../lib/gcc/nios2-elf/4.1.2/../../../../nios2-elf/lib/mno-hw-mul/libsmallc.a(lib_a-strlen.o)
 .debug_loc     0x00000533      0x332 /opt/altera/12.1sp1/nios2eds/bin/gnu/H-i686-pc-linux-gnu/bin/../lib/gcc/nios2-elf/4.1.2/../../../../nios2-elf/lib/mno-hw-mul/libsmallc.a(lib_a-strtol.o)
 .debug_loc     0x00000865      0x878 /opt/altera/12.1sp1/nios2eds/bin/gnu/H-i686-pc-linux-gnu/bin/../lib/gcc/nios2-elf/4.1.2/../../../../nios2-elf/lib/mno-hw-mul/libsmallc.a(lib_a-vfprintf.o)
 .debug_loc     0x000010dd      0x162 /opt/altera/12.1sp1/nios2eds/bin/gnu/H-i686-pc-linux-gnu/bin/../lib/gcc/nios2-elf/4.1.2/../../../../nios2-elf/lib/mno-hw-mul/libsmallc.a(lib_a-fvwrite_small_dev.o)
 .debug_loc     0x0000123f       0x97 /opt/altera/12.1sp1/nios2eds/bin/gnu/H-i686-pc-linux-gnu/bin/../lib/gcc/nios2-elf/4.1.2/../../../../nios2-elf/lib/mno-hw-mul/libsmallc.a(lib_a-writer.o)
 .debug_loc     0x000012d6      0x1d2 /opt/altera/12.1sp1/nios2eds/bin/gnu/H-i686-pc-linux-gnu/bin/../lib/gcc/nios2-elf/4.1.2/mno-hw-mul/libgcc.a(lib2-divmod.o)
 .debug_loc     0x000014a8       0x4f /opt/altera/12.1sp1/nios2eds/bin/gnu/H-i686-pc-linux-gnu/bin/../lib/gcc/nios2-elf/4.1.2/mno-hw-mul/libgcc.a(lib2-mul.o)
 .debug_loc     0x000014f7       0x1f ../test_sdram_v2_bsp//libhal_bsp.a(alt_getchar.o)
 .debug_loc     0x00001516       0x1f ../test_sdram_v2_bsp//libhal_bsp.a(alt_load.o)
 .debug_loc     0x00001535       0x1f ../test_sdram_v2_bsp//libhal_bsp.a(alt_main.o)
 .debug_loc     0x00001554       0x9a ../test_sdram_v2_bsp//libhal_bsp.a(alt_write.o)
 .debug_loc     0x000015ee       0x51 ../test_sdram_v2_bsp//libhal_bsp.a(alt_sys_init.o)
 .debug_loc     0x0000163f       0x31 ../test_sdram_v2_bsp//libhal_bsp.a(altera_avalon_jtag_uart_read.o)
 .debug_loc     0x00001670       0x26 ../test_sdram_v2_bsp//libhal_bsp.a(altera_avalon_jtag_uart_write.o)
 .debug_loc     0x00001696       0xdc ../test_sdram_v2_bsp//libhal_bsp.a(altera_avalon_timer_sc.o)
 .debug_loc     0x00001772       0x72 ../test_sdram_v2_bsp//libhal_bsp.a(alt_iic.o)
 .debug_loc     0x000017e4       0xf4 ../test_sdram_v2_bsp//libhal_bsp.a(alt_iic_isr_register.o)
 .debug_loc     0x000018d8       0x5b ../test_sdram_v2_bsp//libhal_bsp.a(alt_irq_handler.o)
 .debug_loc     0x00001933       0x71 ../test_sdram_v2_bsp//libhal_bsp.a(alt_tick.o)
 .debug_loc     0x000019a4       0x13 ../test_sdram_v2_bsp//libhal_bsp.a(alt_icache_flush.o)

.debug_macinfo
 *(.debug_macinfo)

.debug_weaknames
 *(.debug_weaknames)

.debug_funcnames
 *(.debug_funcnames)

.debug_typenames
 *(.debug_typenames)

.debug_varnames
 *(.debug_varnames)

.debug_alt_sim_info
                0x00000000       0x20
 *(.debug_alt_sim_info)
 .debug_alt_sim_info
                0x00000000       0x20 ../test_sdram_v2_bsp//obj/HAL/src/crt0.o
                0x01100000                __alt_data_end = 0x1100000
                0x01100000                PROVIDE (__alt_stack_pointer, __alt_data_end)
                0x010825a4                PROVIDE (__alt_stack_limit, __alt_stack_base)
                0x010825a4                PROVIDE (__alt_heap_start, end)
                0x01100000                PROVIDE (__alt_heap_limit, 0x1100000)
OUTPUT(test_sdram_v2.elf elf32-littlenios2)

.debug_ranges   0x00000000      0x348
 .debug_ranges  0x00000000       0x20 ../test_sdram_v2_bsp//obj/HAL/src/crt0.o
 .debug_ranges  0x00000020      0x160 obj/default/memtest_small.o
 .debug_ranges  0x00000180      0x140 /opt/altera/12.1sp1/nios2eds/bin/gnu/H-i686-pc-linux-gnu/bin/../lib/gcc/nios2-elf/4.1.2/../../../../nios2-elf/lib/mno-hw-mul/libsmallc.a(lib_a-vfprintf.o)
 .debug_ranges  0x000002c0       0x18 ../test_sdram_v2_bsp//libhal_bsp.a(altera_avalon_timer_sc.o)
 .debug_ranges  0x000002d8       0x28 ../test_sdram_v2_bsp//libhal_bsp.a(alt_irq_entry.o)
 .debug_ranges  0x00000300       0x18 ../test_sdram_v2_bsp//libhal_bsp.a(alt_irq_handler.o)
 .debug_ranges  0x00000318       0x30 ../test_sdram_v2_bsp//libhal_bsp.a(alt_exception_entry.o)
